-I: Adding /Users/af25016/miniforge3/envs/obss/dat/leap/prep to search path.
-I: Adding /Users/af25016/miniforge3/envs/obss/dat/leap/lib to search path.
-I: Adding /Users/af25016/miniforge3/envs/obss/dat/leap/parm to search path.
-I: Adding /Users/af25016/miniforge3/envs/obss/dat/leap/cmd to search path.
-f: Source leap.txt.

Welcome to LEaP!
(no leaprc in search path)
Sourcing: ./leap.txt
----- Source: /Users/af25016/miniforge3/envs/obss/dat/leap/cmd/leaprc.protein.ff14SB
----- Source of /Users/af25016/miniforge3/envs/obss/dat/leap/cmd/leaprc.protein.ff14SB done
Log file: ./leap.log
Loading parameters: /Users/af25016/miniforge3/envs/obss/dat/leap/parm/parm10.dat
Reading title:
PARM99 + frcmod.ff99SB + frcmod.parmbsc0 + OL3 for RNA
Loading parameters: /Users/af25016/miniforge3/envs/obss/dat/leap/parm/frcmod.ff14SB
Reading force field modification type file (frcmod)
Reading title:
ff14SB protein backbone and sidechain parameters
Loading library: /Users/af25016/miniforge3/envs/obss/dat/leap/lib/amino12.lib
Loading library: /Users/af25016/miniforge3/envs/obss/dat/leap/lib/aminoct12.lib
Loading library: /Users/af25016/miniforge3/envs/obss/dat/leap/lib/aminont12.lib
Loading PDB file: ./leap.pdb
  total atoms in file: 4018
Checking Unit.
Building topology.
Building atom parameters.
Building bond parameters.
Building angle parameters.
Building proper torsion parameters.
Building improper torsion parameters.
 total 817 improper torsions applied
Building H-Bond parameters.
Incorporating Non-Bonded adjustments.
Not Marking per-residue atom chain types.
Marking per-residue atom chain types.
  (Residues lacking connect0/connect1 - 
   these don't have chain types marked:

	res	total affected

	CGLY	1
	NHIP	1
  )
 (no restraints)
	Quit

Exiting LEaP: Errors = 0; Warnings = 0; Notes = 0.
