                      :-) GROMACS - gmx genion, 2026.1 (-:

Executable:   /usr/local/gromacs/bin/gmx
Data prefix:  /usr/local/gromacs
Working dir:  /Users/af25016/projects/ligand_rbfe/data/inputs/protein/bound_ligand_1
Command line:
  gmx genion -s ions.tpr -o solvated_ions.gro -p solvated.top -neutral -conc 0.150000

Reading file ions.tpr, VERSION 2026.1 (single precision)
Reading file ions.tpr, VERSION 2026.1 (single precision)
Group     0 (         System) has 595504 elements
Group     1 (          Other) has    30 elements
Group     2 (            MOL) has    30 elements
Group     3 (        Protein) has  4018 elements
Group     4 (      Protein-H) has  2017 elements
Group     5 (        C-alpha) has   270 elements
Group     6 (       Backbone) has   810 elements
Group     7 (      MainChain) has  1081 elements
Group     8 (   MainChain+Cb) has  1326 elements
Group     9 (    MainChain+H) has  1340 elements
Group    10 (      SideChain) has  2678 elements
Group    11 (    SideChain-H) has   936 elements
Group    12 (    Prot-Masses) has  4018 elements
Group    13 (    non-Protein) has 591486 elements
Group    14 (          Water) has 591456 elements
Group    15 (            SOL) has 591456 elements
Group    16 (      non-Water) has  4048 elements
Select a group: Number of (3-atomic) solvent molecules: 197152

Back Off! I just backed up solvated.top to ./#solvated.top.1#
Using random seed -67143681.
Replacing solvent molecule 144833 (atom 438547) with NA
Replacing solvent molecule 193366 (atom 584146) with NA
Replacing solvent molecule 185968 (atom 561952) with NA
Replacing solvent molecule 40046 (atom 124186) with NA
Replacing solvent molecule 81071 (atom 247261) with NA
Replacing solvent molecule 13202 (atom 43654) with NA
Replacing solvent molecule 194577 (atom 587779) with NA
Replacing solvent molecule 124230 (atom 376738) with NA
Replacing solvent molecule 86189 (atom 262615) with NA
Replacing solvent molecule 153817 (atom 465499) with NA
Replacing solvent molecule 173896 (atom 525736) with NA
Replacing solvent molecule 172485 (atom 521503) with NA
Replacing solvent molecule 36456 (atom 113416) with NA
Replacing solvent molecule 85941 (atom 261871) with NA
Replacing solvent molecule 82284 (atom 250900) with NA
Replacing solvent molecule 86582 (atom 263794) with NA
Replacing solvent molecule 114362 (atom 347134) with NA
Replacing solvent molecule 196762 (atom 594334) with NA
Replacing solvent molecule 68077 (atom 208279) with NA
Replacing solvent molecule 2226 (atom 10726) with NA
Replacing solvent molecule 128444 (atom 389380) with NA
Replacing solvent molecule 56771 (atom 174361) with NA
Replacing solvent molecule 149236 (atom 451756) with NA
Replacing solvent molecule 22408 (atom 71272) with NA
Replacing solvent molecule 183123 (atom 553417) with NA
Replacing solvent molecule 122524 (atom 371620) with NA
Replacing solvent molecule 107107 (atom 325369) with NA
Replacing solvent molecule 61188 (atom 187612) with NA
Replacing solvent molecule 167666 (atom 507046) with NA
Replacing solvent molecule 126406 (atom 383266) with NA
Replacing solvent molecule 165334 (atom 500050) with NA
Replacing solvent molecule 91359 (atom 278125) with NA
Replacing solvent molecule 102320 (atom 311008) with NA
Replacing solvent molecule 59316 (atom 181996) with NA
Replacing solvent molecule 138715 (atom 420193) with NA
Replacing solvent molecule 188801 (atom 570451) with NA
Replacing solvent molecule 118296 (atom 358936) with NA
Replacing solvent molecule 196109 (atom 592375) with NA
Replacing solvent molecule 123111 (atom 373381) with NA
Replacing solvent molecule 154881 (atom 468691) with NA
Replacing solvent molecule 4027 (atom 16129) with NA
Replacing solvent molecule 53821 (atom 165511) with NA
Replacing solvent molecule 113350 (atom 344098) with NA
Replacing solvent molecule 65721 (atom 201211) with NA
Replacing solvent molecule 141412 (atom 428284) with NA
Replacing solvent molecule 108709 (atom 330175) with NA
Replacing solvent molecule 142468 (atom 431452) with NA
Replacing solvent molecule 31000 (atom 97048) with NA
Replacing solvent molecule 70128 (atom 214432) with NA
Replacing solvent molecule 115192 (atom 349624) with NA
Replacing solvent molecule 85952 (atom 261904) with NA
Replacing solvent molecule 158064 (atom 478240) with NA
Replacing solvent molecule 133998 (atom 406042) with NA
Replacing solvent molecule 164030 (atom 496138) with NA
Replacing solvent molecule 56169 (atom 172555) with NA
Replacing solvent molecule 28140 (atom 88468) with NA
Replacing solvent molecule 10869 (atom 36655) with NA
Replacing solvent molecule 106468 (atom 323452) with NA
Replacing solvent molecule 134661 (atom 408031) with NA
Replacing solvent molecule 183851 (atom 555601) with NA
Replacing solvent molecule 87302 (atom 265954) with NA
Replacing solvent molecule 61967 (atom 189949) with NA
Replacing solvent molecule 149193 (atom 451627) with NA
Replacing solvent molecule 96858 (atom 294622) with NA
Replacing solvent molecule 90694 (atom 276130) with NA
Replacing solvent molecule 40620 (atom 125908) with NA
Replacing solvent molecule 105599 (atom 320845) with NA
Replacing solvent molecule 169241 (atom 511771) with NA
Replacing solvent molecule 136716 (atom 414196) with NA
Replacing solvent molecule 164513 (atom 497587) with NA
Replacing solvent molecule 12807 (atom 42469) with NA
Replacing solvent molecule 131697 (atom 399139) with NA
Replacing solvent molecule 59872 (atom 183664) with NA
Replacing solvent molecule 81810 (atom 249478) with NA
Replacing solvent molecule 95019 (atom 289105) with NA
Replacing solvent molecule 42794 (atom 132430) with NA
Replacing solvent molecule 23557 (atom 74719) with NA
Replacing solvent molecule 40551 (atom 125701) with NA
Replacing solvent molecule 129011 (atom 391081) with NA
Replacing solvent molecule 141885 (atom 429703) with NA
Replacing solvent molecule 75826 (atom 231526) with NA
Replacing solvent molecule 84239 (atom 256765) with NA
Replacing solvent molecule 21010 (atom 67078) with NA
Replacing solvent molecule 138234 (atom 418750) with NA
Replacing solvent molecule 176330 (atom 533038) with NA
Replacing solvent molecule 141076 (atom 427276) with NA
Replacing solvent molecule 89242 (atom 271774) with NA
Replacing solvent molecule 56516 (atom 173596) with NA
Replacing solvent molecule 37134 (atom 115450) with NA
Replacing solvent molecule 105386 (atom 320206) with NA
Replacing solvent molecule 149498 (atom 452542) with NA
Replacing solvent molecule 54760 (atom 168328) with NA
Replacing solvent molecule 49383 (atom 152197) with NA
Replacing solvent molecule 54534 (atom 167650) with NA
Replacing solvent molecule 30321 (atom 95011) with NA
Replacing solvent molecule 134337 (atom 407059) with NA
Replacing solvent molecule 53227 (atom 163729) with NA
Replacing solvent molecule 190211 (atom 574681) with NA
Replacing solvent molecule 14885 (atom 48703) with NA
Replacing solvent molecule 163461 (atom 494431) with NA
Replacing solvent molecule 184539 (atom 557665) with NA
Replacing solvent molecule 37859 (atom 117625) with NA
Replacing solvent molecule 144477 (atom 437479) with NA
Replacing solvent molecule 21742 (atom 69274) with NA
Replacing solvent molecule 188847 (atom 570589) with NA
Replacing solvent molecule 126340 (atom 383068) with NA
Replacing solvent molecule 143918 (atom 435802) with NA
Replacing solvent molecule 190840 (atom 576568) with NA
Replacing solvent molecule 41905 (atom 129763) with NA
Replacing solvent molecule 20827 (atom 66529) with NA
Replacing solvent molecule 192506 (atom 581566) with NA
Replacing solvent molecule 10452 (atom 35404) with NA
Replacing solvent molecule 54306 (atom 166966) with NA
Replacing solvent molecule 1015 (atom 7093) with NA
Replacing solvent molecule 5269 (atom 19855) with NA
Replacing solvent molecule 117747 (atom 357289) with NA
Replacing solvent molecule 171147 (atom 517489) with NA
Replacing solvent molecule 9373 (atom 32167) with NA
Replacing solvent molecule 146207 (atom 442669) with NA
Replacing solvent molecule 88853 (atom 270607) with NA
Replacing solvent molecule 13053 (atom 43207) with NA
Replacing solvent molecule 196841 (atom 594571) with NA
Replacing solvent molecule 19808 (atom 63472) with NA
Replacing solvent molecule 186066 (atom 562246) with NA
Replacing solvent molecule 51232 (atom 157744) with NA
Replacing solvent molecule 40225 (atom 124723) with NA
Replacing solvent molecule 44333 (atom 137047) with NA
Replacing solvent molecule 96080 (atom 292288) with NA
Replacing solvent molecule 68605 (atom 209863) with NA
Replacing solvent molecule 66977 (atom 204979) with NA
Replacing solvent molecule 73992 (atom 226024) with NA
Replacing solvent molecule 97717 (atom 297199) with NA
Replacing solvent molecule 15475 (atom 50473) with NA
Replacing solvent molecule 175029 (atom 529135) with NA
Replacing solvent molecule 56788 (atom 174412) with NA
Replacing solvent molecule 126702 (atom 384154) with NA
Replacing solvent molecule 143000 (atom 433048) with NA
Replacing solvent molecule 137101 (atom 415351) with NA
Replacing solvent molecule 57739 (atom 177265) with NA
Replacing solvent molecule 50932 (atom 156844) with NA
Replacing solvent molecule 150268 (atom 454852) with NA
Replacing solvent molecule 144072 (atom 436264) with NA
Replacing solvent molecule 93654 (atom 285010) with NA
Replacing solvent molecule 61610 (atom 188878) with NA
Replacing solvent molecule 134448 (atom 407392) with NA
Replacing solvent molecule 114973 (atom 348967) with NA
Replacing solvent molecule 101958 (atom 309922) with NA
Replacing solvent molecule 12039 (atom 40165) with NA
Replacing solvent molecule 74910 (atom 228778) with NA
Replacing solvent molecule 101676 (atom 309076) with NA
Replacing solvent molecule 54193 (atom 166627) with NA
Replacing solvent molecule 64631 (atom 197941) with NA
Replacing solvent molecule 174037 (atom 526159) with NA
Replacing solvent molecule 122941 (atom 372871) with NA
Replacing solvent molecule 8312 (atom 28984) with NA
Replacing solvent molecule 41391 (atom 128221) with NA
Replacing solvent molecule 88309 (atom 268975) with NA
Replacing solvent molecule 84563 (atom 257737) with NA
Replacing solvent molecule 185568 (atom 560752) with NA
Replacing solvent molecule 43470 (atom 134458) with NA
Replacing solvent molecule 36010 (atom 112078) with NA
Replacing solvent molecule 54402 (atom 167254) with NA
Replacing solvent molecule 64912 (atom 198784) with NA
Replacing solvent molecule 62755 (atom 192313) with NA
Replacing solvent molecule 58596 (atom 179836) with NA
Replacing solvent molecule 5524 (atom 20620) with NA
Replacing solvent molecule 120508 (atom 365572) with NA
Replacing solvent molecule 152922 (atom 462814) with NA
Replacing solvent molecule 129544 (atom 392680) with NA
Replacing solvent molecule 14299 (atom 46945) with NA
Replacing solvent molecule 53591 (atom 164821) with NA
Replacing solvent molecule 142040 (atom 430168) with NA
Replacing solvent molecule 106781 (atom 324391) with NA
Replacing solvent molecule 1767 (atom 9349) with NA
Replacing solvent molecule 129017 (atom 391099) with NA
Replacing solvent molecule 153356 (atom 464116) with NA
Replacing solvent molecule 101436 (atom 308356) with NA
Replacing solvent molecule 153233 (atom 463747) with NA
Replacing solvent molecule 59426 (atom 182326) with NA
Replacing solvent molecule 173740 (atom 525268) with NA
Replacing solvent molecule 142886 (atom 432706) with NA
Replacing solvent molecule 115299 (atom 349945) with NA
Replacing solvent molecule 162759 (atom 492325) with NA
Replacing solvent molecule 87289 (atom 265915) with NA
Replacing solvent molecule 172794 (atom 522430) with NA
Replacing solvent molecule 109331 (atom 332041) with NA
Replacing solvent molecule 78662 (atom 240034) with NA
Replacing solvent molecule 8886 (atom 30706) with NA
Replacing solvent molecule 108323 (atom 329017) with NA
Replacing solvent molecule 169144 (atom 511480) with NA
Replacing solvent molecule 73624 (atom 224920) with NA
Replacing solvent molecule 100658 (atom 306022) with NA
Replacing solvent molecule 112731 (atom 342241) with NA
Replacing solvent molecule 149085 (atom 451303) with NA
Replacing solvent molecule 121582 (atom 368794) with NA
Replacing solvent molecule 172460 (atom 521428) with NA
Replacing solvent molecule 109013 (atom 331087) with NA
Replacing solvent molecule 194617 (atom 587899) with NA
Replacing solvent molecule 71225 (atom 217723) with NA
Replacing solvent molecule 123898 (atom 375742) with NA
Replacing solvent molecule 14498 (atom 47542) with NA
Replacing solvent molecule 101267 (atom 307849) with NA
Replacing solvent molecule 186844 (atom 564580) with NA
Replacing solvent molecule 61523 (atom 188617) with NA
Replacing solvent molecule 69067 (atom 211249) with NA
Replacing solvent molecule 147638 (atom 446962) with NA
Replacing solvent molecule 73492 (atom 224524) with NA
Replacing solvent molecule 76587 (atom 233809) with NA
Replacing solvent molecule 176847 (atom 534589) with NA
Replacing solvent molecule 32394 (atom 101230) with NA
Replacing solvent molecule 56251 (atom 172801) with NA
Replacing solvent molecule 115023 (atom 349117) with NA
Replacing solvent molecule 16163 (atom 52537) with NA
Replacing solvent molecule 169497 (atom 512539) with NA
Replacing solvent molecule 13822 (atom 45514) with NA
Replacing solvent molecule 62490 (atom 191518) with NA
Replacing solvent molecule 6155 (atom 22513) with NA
Replacing solvent molecule 38594 (atom 119830) with NA
Replacing solvent molecule 169718 (atom 513202) with NA
Replacing solvent molecule 125931 (atom 381841) with NA
Replacing solvent molecule 162550 (atom 491698) with NA
Replacing solvent molecule 147981 (atom 447991) with NA
Replacing solvent molecule 50867 (atom 156649) with NA
Replacing solvent molecule 138300 (atom 418948) with NA
Replacing solvent molecule 60056 (atom 184216) with NA
Replacing solvent molecule 45372 (atom 140164) with NA
Replacing solvent molecule 191815 (atom 579493) with NA
Replacing solvent molecule 27033 (atom 85147) with NA
Replacing solvent molecule 56368 (atom 173152) with NA
Replacing solvent molecule 59738 (atom 183262) with NA
Replacing solvent molecule 153527 (atom 464629) with NA
Replacing solvent molecule 123749 (atom 375295) with NA
Replacing solvent molecule 100239 (atom 304765) with NA
Replacing solvent molecule 179552 (atom 542704) with NA
Replacing solvent molecule 96318 (atom 293002) with NA
Replacing solvent molecule 80721 (atom 246211) with NA
Replacing solvent molecule 186838 (atom 564562) with NA
Replacing solvent molecule 175467 (atom 530449) with NA
Replacing solvent molecule 140209 (atom 424675) with NA
Replacing solvent molecule 96824 (atom 294520) with NA
Replacing solvent molecule 128638 (atom 389962) with NA
Replacing solvent molecule 157065 (atom 475243) with NA
Replacing solvent molecule 29606 (atom 92866) with NA
Replacing solvent molecule 181278 (atom 547882) with NA
Replacing solvent molecule 148012 (atom 448084) with NA
Replacing solvent molecule 66568 (atom 203752) with NA
Replacing solvent molecule 97933 (atom 297847) with NA
Replacing solvent molecule 180465 (atom 545443) with NA
Replacing solvent molecule 18212 (atom 58684) with NA
Replacing solvent molecule 173750 (atom 525298) with NA
Replacing solvent molecule 181597 (atom 548839) with NA
Replacing solvent molecule 134214 (atom 406690) with NA
Replacing solvent molecule 114741 (atom 348271) with NA
Replacing solvent molecule 44865 (atom 138643) with NA
Replacing solvent molecule 18277 (atom 58879) with NA
Replacing solvent molecule 164722 (atom 498214) with NA
Replacing solvent molecule 157385 (atom 476203) with NA
Replacing solvent molecule 59424 (atom 182320) with NA
Replacing solvent molecule 193984 (atom 586000) with NA
Replacing solvent molecule 29692 (atom 93124) with NA
Replacing solvent molecule 69058 (atom 211222) with NA
Replacing solvent molecule 52465 (atom 161443) with NA
Replacing solvent molecule 38693 (atom 120127) with NA
Replacing solvent molecule 14442 (atom 47374) with NA
Replacing solvent molecule 122390 (atom 371218) with NA
Replacing solvent molecule 177910 (atom 537778) with NA
Replacing solvent molecule 16854 (atom 54610) with NA
Replacing solvent molecule 142382 (atom 431194) with NA
Replacing solvent molecule 163356 (atom 494116) with NA
Replacing solvent molecule 135281 (atom 409891) with NA
Replacing solvent molecule 145413 (atom 440287) with NA
Replacing solvent molecule 182819 (atom 552505) with NA
Replacing solvent molecule 7583 (atom 26797) with NA
Replacing solvent molecule 10917 (atom 36799) with NA
Replacing solvent molecule 5048 (atom 19192) with NA
Replacing solvent molecule 149524 (atom 452620) with NA
Replacing solvent molecule 74849 (atom 228595) with NA
Replacing solvent molecule 56847 (atom 174589) with NA
Replacing solvent molecule 94528 (atom 287632) with NA
Replacing solvent molecule 47418 (atom 146302) with NA
Replacing solvent molecule 185158 (atom 559522) with NA
Replacing solvent molecule 66611 (atom 203881) with NA
Replacing solvent molecule 184546 (atom 557686) with NA
Replacing solvent molecule 103517 (atom 314599) with NA
Replacing solvent molecule 164273 (atom 496867) with NA
Replacing solvent molecule 95271 (atom 289861) with NA
Replacing solvent molecule 148148 (atom 448492) with NA
Replacing solvent molecule 42059 (atom 130225) with NA
Replacing solvent molecule 192065 (atom 580243) with NA
Replacing solvent molecule 190009 (atom 574075) with NA
Replacing solvent molecule 122 (atom 4414) with NA
Replacing solvent molecule 9002 (atom 31054) with NA
Replacing solvent molecule 159888 (atom 483712) with NA
Replacing solvent molecule 87625 (atom 266923) with NA
Replacing solvent molecule 196097 (atom 592339) with NA
Replacing solvent molecule 117922 (atom 357814) with NA
Replacing solvent molecule 24125 (atom 76423) with NA
Replacing solvent molecule 20478 (atom 65482) with NA
Replacing solvent molecule 42230 (atom 130738) with NA
Replacing solvent molecule 24693 (atom 78127) with NA
Replacing solvent molecule 173242 (atom 523774) with NA
Replacing solvent molecule 180627 (atom 545929) with NA
Replacing solvent molecule 12284 (atom 40900) with NA
Replacing solvent molecule 98673 (atom 300067) with NA
Replacing solvent molecule 190613 (atom 575887) with NA
Replacing solvent molecule 2058 (atom 10222) with NA
Replacing solvent molecule 84553 (atom 257707) with NA
Replacing solvent molecule 167960 (atom 507928) with NA
Replacing solvent molecule 65710 (atom 201178) with NA
Replacing solvent molecule 166105 (atom 502363) with NA
Replacing solvent molecule 169005 (atom 511063) with NA
Replacing solvent molecule 167449 (atom 506395) with NA
Replacing solvent molecule 51762 (atom 159334) with NA
Replacing solvent molecule 160969 (atom 486955) with NA
Replacing solvent molecule 97233 (atom 295747) with NA
Replacing solvent molecule 10409 (atom 35275) with NA
Replacing solvent molecule 112590 (atom 341818) with NA
Replacing solvent molecule 93468 (atom 284452) with NA
Replacing solvent molecule 28177 (atom 88579) with NA
Replacing solvent molecule 92264 (atom 280840) with NA
Replacing solvent molecule 41932 (atom 129844) with NA
Replacing solvent molecule 16412 (atom 53284) with NA
Replacing solvent molecule 158046 (atom 478186) with NA
Replacing solvent molecule 80996 (atom 247036) with NA
Replacing solvent molecule 115453 (atom 350407) with NA
Replacing solvent molecule 88706 (atom 270166) with NA
Replacing solvent molecule 191254 (atom 577810) with NA
Replacing solvent molecule 87667 (atom 267049) with NA
Replacing solvent molecule 117032 (atom 355144) with NA
Replacing solvent molecule 124514 (atom 377590) with NA
Replacing solvent molecule 13324 (atom 44020) with NA
Replacing solvent molecule 131435 (atom 398353) with NA
Replacing solvent molecule 38243 (atom 118777) with NA
Replacing solvent molecule 171212 (atom 517684) with NA
Replacing solvent molecule 47824 (atom 147520) with NA
Replacing solvent molecule 38646 (atom 119986) with NA
Replacing solvent molecule 191901 (atom 579751) with NA
Replacing solvent molecule 189617 (atom 572899) with NA
Replacing solvent molecule 188970 (atom 570958) with NA
Replacing solvent molecule 174363 (atom 527137) with NA
Replacing solvent molecule 174089 (atom 526315) with NA
Replacing solvent molecule 49550 (atom 152698) with NA
Replacing solvent molecule 35916 (atom 111796) with NA
Replacing solvent molecule 148267 (atom 448849) with NA
Replacing solvent molecule 17477 (atom 56479) with NA
Replacing solvent molecule 37378 (atom 116182) with NA
Replacing solvent molecule 32454 (atom 101410) with NA
Replacing solvent molecule 151009 (atom 457075) with NA
Replacing solvent molecule 28406 (atom 89266) with NA
Replacing solvent molecule 165880 (atom 501688) with NA
Replacing solvent molecule 77123 (atom 235417) with NA
Replacing solvent molecule 83740 (atom 255268) with NA
Replacing solvent molecule 179005 (atom 541063) with NA
Replacing solvent molecule 184908 (atom 558772) with NA
Replacing solvent molecule 65788 (atom 201412) with NA
Replacing solvent molecule 26127 (atom 82429) with NA
Replacing solvent molecule 131327 (atom 398029) with NA
Replacing solvent molecule 47269 (atom 145855) with NA
Replacing solvent molecule 32072 (atom 100264) with NA
Replacing solvent molecule 188313 (atom 568987) with NA
Replacing solvent molecule 66400 (atom 203248) with NA
Replacing solvent molecule 129447 (atom 392389) with NA
Replacing solvent molecule 52638 (atom 161962) with NA
Replacing solvent molecule 192757 (atom 582319) with NA
Replacing solvent molecule 37876 (atom 117676) with NA
Replacing solvent molecule 39151 (atom 121501) with NA
Replacing solvent molecule 112256 (atom 340816) with NA
Replacing solvent molecule 60750 (atom 186298) with NA
Replacing solvent molecule 123137 (atom 373459) with NA
Replacing solvent molecule 194446 (atom 587386) with NA
Replacing solvent molecule 63225 (atom 193723) with NA
Replacing solvent molecule 140642 (atom 425974) with NA
Replacing solvent molecule 159886 (atom 483706) with NA
Replacing solvent molecule 63369 (atom 194155) with NA
Replacing solvent molecule 124652 (atom 378004) with NA
Replacing solvent molecule 190457 (atom 575419) with NA
Replacing solvent molecule 121995 (atom 370033) with NA
Replacing solvent molecule 82781 (atom 252391) with NA
Replacing solvent molecule 157555 (atom 476713) with NA
Replacing solvent molecule 136774 (atom 414370) with NA
Replacing solvent molecule 86726 (atom 264226) with NA
Replacing solvent molecule 78324 (atom 239020) with NA
Replacing solvent molecule 10288 (atom 34912) with NA
Replacing solvent molecule 112710 (atom 342178) with NA
Replacing solvent molecule 104116 (atom 316396) with NA
Replacing solvent molecule 18491 (atom 59521) with NA
Replacing solvent molecule 94650 (atom 287998) with NA
Replacing solvent molecule 76151 (atom 232501) with NA
Replacing solvent molecule 75553 (atom 230707) with NA
Replacing solvent molecule 22319 (atom 71005) with NA
Replacing solvent molecule 61853 (atom 189607) with NA
Replacing solvent molecule 95827 (atom 291529) with NA
Replacing solvent molecule 21748 (atom 69292) with NA
Replacing solvent molecule 171436 (atom 518356) with NA
Replacing solvent molecule 32598 (atom 101842) with NA
Replacing solvent molecule 26298 (atom 82942) with NA
Replacing solvent molecule 55356 (atom 170116) with NA
Replacing solvent molecule 123715 (atom 375193) with NA
Replacing solvent molecule 35311 (atom 109981) with NA
Replacing solvent molecule 193473 (atom 584467) with NA
Replacing solvent molecule 50360 (atom 155128) with NA
Replacing solvent molecule 13742 (atom 45274) with NA
Replacing solvent molecule 190360 (atom 575128) with NA
Replacing solvent molecule 172702 (atom 522154) with NA
Replacing solvent molecule 119648 (atom 362992) with NA
Replacing solvent molecule 143975 (atom 435973) with NA
Replacing solvent molecule 29381 (atom 92191) with NA
Replacing solvent molecule 76538 (atom 233662) with NA
Replacing solvent molecule 6717 (atom 24199) with NA
Replacing solvent molecule 74078 (atom 226282) with NA
Replacing solvent molecule 17599 (atom 56845) with NA
Replacing solvent molecule 130963 (atom 396937) with NA
Replacing solvent molecule 165339 (atom 500065) with NA
Replacing solvent molecule 180220 (atom 544708) with NA
Replacing solvent molecule 19036 (atom 61156) with NA
Replacing solvent molecule 97098 (atom 295342) with NA
Replacing solvent molecule 178146 (atom 538486) with NA
Replacing solvent molecule 3031 (atom 13141) with NA
Replacing solvent molecule 82867 (atom 252649) with NA
Replacing solvent molecule 30752 (atom 96304) with NA
Replacing solvent molecule 41854 (atom 129610) with NA
Replacing solvent molecule 143282 (atom 433894) with NA
Replacing solvent molecule 1342 (atom 8074) with NA
Replacing solvent molecule 121560 (atom 368728) with NA
Replacing solvent molecule 127344 (atom 386080) with NA
Replacing solvent molecule 3018 (atom 13102) with NA
Replacing solvent molecule 99150 (atom 301498) with NA
Replacing solvent molecule 186561 (atom 563731) with NA
Replacing solvent molecule 37523 (atom 116617) with NA
Replacing solvent molecule 182546 (atom 551686) with NA
Replacing solvent molecule 76871 (atom 234661) with NA
Replacing solvent molecule 194296 (atom 586936) with NA
Replacing solvent molecule 20415 (atom 65293) with NA
Replacing solvent molecule 130404 (atom 395260) with NA
Replacing solvent molecule 94092 (atom 286324) with NA
Replacing solvent molecule 106660 (atom 324028) with NA
Replacing solvent molecule 185071 (atom 559261) with NA
Replacing solvent molecule 20566 (atom 65746) with NA
Replacing solvent molecule 118825 (atom 360523) with NA
Replacing solvent molecule 100073 (atom 304267) with NA
Replacing solvent molecule 79348 (atom 242092) with NA
Replacing solvent molecule 14417 (atom 47299) with NA
Replacing solvent molecule 110114 (atom 334390) with NA
Replacing solvent molecule 48886 (atom 150706) with NA
Replacing solvent molecule 156360 (atom 473128) with NA
Replacing solvent molecule 127800 (atom 387448) with NA
Replacing solvent molecule 118886 (atom 360706) with NA
Replacing solvent molecule 15346 (atom 50086) with NA
Replacing solvent molecule 2705 (atom 12163) with NA
Replacing solvent molecule 151872 (atom 459664) with NA
Replacing solvent molecule 137741 (atom 417271) with NA
Replacing solvent molecule 61753 (atom 189307) with NA
Replacing solvent molecule 75127 (atom 229429) with NA
Replacing solvent molecule 107280 (atom 325888) with NA
Replacing solvent molecule 1994 (atom 10030) with NA
Replacing solvent molecule 46979 (atom 144985) with NA
Replacing solvent molecule 26693 (atom 84127) with NA
Replacing solvent molecule 1668 (atom 9052) with NA
Replacing solvent molecule 162749 (atom 492295) with NA
Replacing solvent molecule 34618 (atom 107902) with NA
Replacing solvent molecule 14059 (atom 46225) with NA
Replacing solvent molecule 17675 (atom 57073) with NA
Replacing solvent molecule 190255 (atom 574813) with NA
Replacing solvent molecule 55729 (atom 171235) with NA
Replacing solvent molecule 129492 (atom 392524) with NA
Replacing solvent molecule 18759 (atom 60325) with NA
Replacing solvent molecule 109376 (atom 332176) with NA
Replacing solvent molecule 6721 (atom 24211) with NA
Replacing solvent molecule 102554 (atom 311710) with NA
Replacing solvent molecule 189916 (atom 573796) with NA
Replacing solvent molecule 109646 (atom 332986) with NA
Replacing solvent molecule 1587 (atom 8809) with NA
Replacing solvent molecule 193624 (atom 584920) with NA
Replacing solvent molecule 67244 (atom 205780) with NA
Replacing solvent molecule 94688 (atom 288112) with NA
Replacing solvent molecule 195886 (atom 591706) with NA
Replacing solvent molecule 171472 (atom 518464) with NA
Replacing solvent molecule 77450 (atom 236398) with NA
Replacing solvent molecule 50195 (atom 154633) with NA
Replacing solvent molecule 176606 (atom 533866) with NA
Replacing solvent molecule 99629 (atom 302935) with NA
Replacing solvent molecule 189498 (atom 572542) with NA
Replacing solvent molecule 146620 (atom 443908) with NA
Replacing solvent molecule 102406 (atom 311266) with NA
Replacing solvent molecule 135763 (atom 411337) with NA
Replacing solvent molecule 115500 (atom 350548) with NA
Replacing solvent molecule 153621 (atom 464911) with NA
Replacing solvent molecule 55313 (atom 169987) with NA
Replacing solvent molecule 7559 (atom 26725) with NA
Replacing solvent molecule 82439 (atom 251365) with NA
Replacing solvent molecule 27077 (atom 85279) with NA
Replacing solvent molecule 103951 (atom 315901) with NA
Replacing solvent molecule 20005 (atom 64063) with NA
Replacing solvent molecule 176189 (atom 532615) with NA
Replacing solvent molecule 75291 (atom 229921) with NA
Replacing solvent molecule 53583 (atom 164797) with NA
Replacing solvent molecule 13005 (atom 43063) with NA
Replacing solvent molecule 39303 (atom 121957) with NA
Replacing solvent molecule 109983 (atom 333997) with NA
Replacing solvent molecule 30497 (atom 95539) with NA
Replacing solvent molecule 33616 (atom 104896) with NA
Replacing solvent molecule 155034 (atom 469150) with NA
Replacing solvent molecule 66590 (atom 203818) with NA
Replacing solvent molecule 100899 (atom 306745) with NA
Replacing solvent molecule 81973 (atom 249967) with NA
Replacing solvent molecule 94219 (atom 286705) with NA
Replacing solvent molecule 33062 (atom 103234) with NA
Replacing solvent molecule 102846 (atom 312586) with NA
Replacing solvent molecule 81369 (atom 248155) with NA
Replacing solvent molecule 119946 (atom 363886) with NA
Replacing solvent molecule 156553 (atom 473707) with NA
Replacing solvent molecule 128024 (atom 388120) with NA
Replacing solvent molecule 40585 (atom 125803) with NA
Replacing solvent molecule 110576 (atom 335776) with NA
Replacing solvent molecule 118857 (atom 360619) with NA
Replacing solvent molecule 86548 (atom 263692) with NA
Replacing solvent molecule 192022 (atom 580114) with NA
Replacing solvent molecule 8798 (atom 30442) with NA
Replacing solvent molecule 187553 (atom 566707) with NA
Replacing solvent molecule 164383 (atom 497197) with NA
Replacing solvent molecule 88886 (atom 270706) with NA
Replacing solvent molecule 160906 (atom 486766) with NA
Replacing solvent molecule 5559 (atom 20725) with NA
Replacing solvent molecule 35613 (atom 110887) with NA
Replacing solvent molecule 80868 (atom 246652) with NA
Replacing solvent molecule 2886 (atom 12706) with NA
Replacing solvent molecule 100840 (atom 306568) with NA
Replacing solvent molecule 194509 (atom 587575) with NA
Replacing solvent molecule 102389 (atom 311215) with NA
Replacing solvent molecule 186667 (atom 564049) with NA
Replacing solvent molecule 98373 (atom 299167) with NA
Replacing solvent molecule 137823 (atom 417517) with NA
Replacing solvent molecule 172762 (atom 522334) with NA
Replacing solvent molecule 137652 (atom 417004) with NA
Replacing solvent molecule 36589 (atom 113815) with NA
Replacing solvent molecule 165800 (atom 501448) with NA
Replacing solvent molecule 119776 (atom 363376) with NA
Replacing solvent molecule 14232 (atom 46744) with NA
Replacing solvent molecule 141370 (atom 428158) with NA
Replacing solvent molecule 131206 (atom 397666) with NA
Replacing solvent molecule 107828 (atom 327532) with NA
Replacing solvent molecule 89006 (atom 271066) with NA
Replacing solvent molecule 39641 (atom 122971) with NA
Replacing solvent molecule 53378 (atom 164182) with NA
Replacing solvent molecule 77666 (atom 237046) with NA
Replacing solvent molecule 174244 (atom 526780) with NA
Replacing solvent molecule 31051 (atom 97201) with NA
Replacing solvent molecule 144338 (atom 437062) with CL
Replacing solvent molecule 139531 (atom 422641) with CL
Replacing solvent molecule 65816 (atom 201496) with CL
Replacing solvent molecule 126731 (atom 384241) with CL
Replacing solvent molecule 13446 (atom 44386) with CL
Replacing solvent molecule 105457 (atom 320419) with CL
Replacing solvent molecule 138097 (atom 418339) with CL
Replacing solvent molecule 68451 (atom 209401) with CL
Replacing solvent molecule 129342 (atom 392074) with CL
Replacing solvent molecule 95745 (atom 291283) with CL
Replacing solvent molecule 4378 (atom 17182) with CL
Replacing solvent molecule 6551 (atom 23701) with CL
Replacing solvent molecule 146188 (atom 442612) with CL
Replacing solvent molecule 176844 (atom 534580) with CL
Replacing solvent molecule 161300 (atom 487948) with CL
Replacing solvent molecule 28938 (atom 90862) with CL
Replacing solvent molecule 66492 (atom 203524) with CL
Replacing solvent molecule 95227 (atom 289729) with CL
Replacing solvent molecule 141974 (atom 429970) with CL
Replacing solvent molecule 84120 (atom 256408) with CL
Replacing solvent molecule 152131 (atom 460441) with CL
Replacing solvent molecule 110821 (atom 336511) with CL
Replacing solvent molecule 153773 (atom 465367) with CL
Replacing solvent molecule 78134 (atom 238450) with CL
Replacing solvent molecule 7505 (atom 26563) with CL
Replacing solvent molecule 175975 (atom 531973) with CL
Replacing solvent molecule 147376 (atom 446176) with CL
Replacing solvent molecule 29905 (atom 93763) with CL
Replacing solvent molecule 85996 (atom 262036) with CL
Replacing solvent molecule 79800 (atom 243448) with CL
Replacing solvent molecule 168025 (atom 508123) with CL
Replacing solvent molecule 94444 (atom 287380) with CL
Replacing solvent molecule 46738 (atom 144262) with CL
Replacing solvent molecule 25540 (atom 80668) with CL
Replacing solvent molecule 131786 (atom 399406) with CL
Replacing solvent molecule 191800 (atom 579448) with CL
Replacing solvent molecule 91940 (atom 279868) with CL
Replacing solvent molecule 141073 (atom 427267) with CL
Replacing solvent molecule 56481 (atom 173491) with CL
Replacing solvent molecule 101165 (atom 307543) with CL
Replacing solvent molecule 179213 (atom 541687) with CL
Replacing solvent molecule 105327 (atom 320029) with CL
Replacing solvent molecule 97141 (atom 295471) with CL
Replacing solvent molecule 123547 (atom 374689) with CL
Replacing solvent molecule 6094 (atom 22330) with CL
Replacing solvent molecule 81683 (atom 249097) with CL
Replacing solvent molecule 51009 (atom 157075) with CL
Replacing solvent molecule 48262 (atom 148834) with CL
Replacing solvent molecule 140657 (atom 426019) with CL
Replacing solvent molecule 142502 (atom 431554) with CL
Replacing solvent molecule 149303 (atom 451957) with CL
Replacing solvent molecule 9344 (atom 32080) with CL
Replacing solvent molecule 177065 (atom 535243) with CL
Replacing solvent molecule 119894 (atom 363730) with CL
Replacing solvent molecule 110650 (atom 335998) with CL
Replacing solvent molecule 152603 (atom 461857) with CL
Replacing solvent molecule 38549 (atom 119695) with CL
Replacing solvent molecule 85157 (atom 259519) with CL
Replacing solvent molecule 69428 (atom 212332) with CL
Replacing solvent molecule 65544 (atom 200680) with CL
Replacing solvent molecule 138713 (atom 420187) with CL
Replacing solvent molecule 154379 (atom 467185) with CL
Replacing solvent molecule 102849 (atom 312595) with CL
Replacing solvent molecule 190251 (atom 574801) with CL
Replacing solvent molecule 151543 (atom 458677) with CL
Replacing solvent molecule 115772 (atom 351364) with CL
Replacing solvent molecule 118534 (atom 359650) with CL
Replacing solvent molecule 192344 (atom 581080) with CL
Replacing solvent molecule 35328 (atom 110032) with CL
Replacing solvent molecule 106602 (atom 323854) with CL
Replacing solvent molecule 137235 (atom 415753) with CL
Replacing solvent molecule 69894 (atom 213730) with CL
Replacing solvent molecule 77778 (atom 237382) with CL
Replacing solvent molecule 163977 (atom 495979) with CL
Replacing solvent molecule 17205 (atom 55663) with CL
Replacing solvent molecule 99617 (atom 302899) with CL
Replacing solvent molecule 10909 (atom 36775) with CL
Replacing solvent molecule 180697 (atom 546139) with CL
Replacing solvent molecule 33053 (atom 103207) with CL
Replacing solvent molecule 94301 (atom 286951) with CL
Replacing solvent molecule 136200 (atom 412648) with CL
Replacing solvent molecule 173761 (atom 525331) with CL
Replacing solvent molecule 12794 (atom 42430) with CL
Replacing solvent molecule 2832 (atom 12544) with CL
Replacing solvent molecule 180988 (atom 547012) with CL
Replacing solvent molecule 89876 (atom 273676) with CL
Replacing solvent molecule 133456 (atom 404416) with CL
Replacing solvent molecule 172595 (atom 521833) with CL
Replacing solvent molecule 124027 (atom 376129) with CL
Replacing solvent molecule 61845 (atom 189583) with CL
Replacing solvent molecule 28429 (atom 89335) with CL
Replacing solvent molecule 181660 (atom 549028) with CL
Replacing solvent molecule 157386 (atom 476206) with CL
Replacing solvent molecule 53524 (atom 164620) with CL
Replacing solvent molecule 127665 (atom 387043) with CL
Replacing solvent molecule 83943 (atom 255877) with CL
Replacing solvent molecule 147081 (atom 445291) with CL
Replacing solvent molecule 24388 (atom 77212) with CL
Replacing solvent molecule 63180 (atom 193588) with CL
Replacing solvent molecule 49166 (atom 151546) with CL
Replacing solvent molecule 141752 (atom 429304) with CL
Replacing solvent molecule 23132 (atom 73444) with CL
Replacing solvent molecule 43167 (atom 133549) with CL
Replacing solvent molecule 147422 (atom 446314) with CL
Replacing solvent molecule 122836 (atom 372556) with CL
Replacing solvent molecule 64030 (atom 196138) with CL
Replacing solvent molecule 63496 (atom 194536) with CL
Replacing solvent molecule 70784 (atom 216400) with CL
Replacing solvent molecule 195143 (atom 589477) with CL
Replacing solvent molecule 69759 (atom 213325) with CL
Replacing solvent molecule 137420 (atom 416308) with CL
Replacing solvent molecule 98368 (atom 299152) with CL
Replacing solvent molecule 190790 (atom 576418) with CL
Replacing solvent molecule 191967 (atom 579949) with CL
Replacing solvent molecule 79288 (atom 241912) with CL
Replacing solvent molecule 140829 (atom 426535) with CL
Replacing solvent molecule 148605 (atom 449863) with CL
Replacing solvent molecule 145343 (atom 440077) with CL
Replacing solvent molecule 61939 (atom 189865) with CL
Replacing solvent molecule 110125 (atom 334423) with CL
Replacing solvent molecule 72639 (atom 221965) with CL
Replacing solvent molecule 56043 (atom 172177) with CL
Replacing solvent molecule 69733 (atom 213247) with CL
Replacing solvent molecule 178881 (atom 540691) with CL
Replacing solvent molecule 189653 (atom 573007) with CL
Replacing solvent molecule 29401 (atom 92251) with CL
Replacing solvent molecule 137725 (atom 417223) with CL
Replacing solvent molecule 141621 (atom 428911) with CL
Replacing solvent molecule 20050 (atom 64198) with CL
Replacing solvent molecule 149488 (atom 452512) with CL
Replacing solvent molecule 26378 (atom 83182) with CL
Replacing solvent molecule 165630 (atom 500938) with CL
Replacing solvent molecule 53290 (atom 163918) with CL
Replacing solvent molecule 103350 (atom 314098) with CL
Replacing solvent molecule 182715 (atom 552193) with CL
Replacing solvent molecule 186809 (atom 564475) with CL
Replacing solvent molecule 24986 (atom 79006) with CL
Replacing solvent molecule 55074 (atom 169270) with CL
Replacing solvent molecule 192245 (atom 580783) with CL
Replacing solvent molecule 14312 (atom 46984) with CL
Replacing solvent molecule 79605 (atom 242863) with CL
Replacing solvent molecule 141627 (atom 428929) with CL
Replacing solvent molecule 77046 (atom 235186) with CL
Replacing solvent molecule 114519 (atom 347605) with CL
Replacing solvent molecule 74763 (atom 228337) with CL
Replacing solvent molecule 18167 (atom 58549) with CL
Replacing solvent molecule 72884 (atom 222700) with CL
Replacing solvent molecule 63204 (atom 193660) with CL
Replacing solvent molecule 157347 (atom 476089) with CL
Replacing solvent molecule 36349 (atom 113095) with CL
Replacing solvent molecule 34909 (atom 108775) with CL
Replacing solvent molecule 150392 (atom 455224) with CL
Replacing solvent molecule 50920 (atom 156808) with CL
Replacing solvent molecule 39648 (atom 122992) with CL
Replacing solvent molecule 166506 (atom 503566) with CL
Replacing solvent molecule 23692 (atom 75124) with CL
Replacing solvent molecule 116184 (atom 352600) with CL
Replacing solvent molecule 111210 (atom 337678) with CL
Replacing solvent molecule 32688 (atom 102112) with CL
Replacing solvent molecule 139924 (atom 423820) with CL
Replacing solvent molecule 143489 (atom 434515) with CL
Replacing solvent molecule 123961 (atom 375931) with CL
Replacing solvent molecule 63087 (atom 193309) with CL
Replacing solvent molecule 162393 (atom 491227) with CL
Replacing solvent molecule 29984 (atom 94000) with CL
Replacing solvent molecule 99261 (atom 301831) with CL
Replacing solvent molecule 193108 (atom 583372) with CL
Replacing solvent molecule 122110 (atom 370378) with CL
Replacing solvent molecule 49754 (atom 153310) with CL
Replacing solvent molecule 79927 (atom 243829) with CL
Replacing solvent molecule 108397 (atom 329239) with CL
Replacing solvent molecule 7132 (atom 25444) with CL
Replacing solvent molecule 90360 (atom 275128) with CL
Replacing solvent molecule 104924 (atom 318820) with CL
Replacing solvent molecule 193819 (atom 585505) with CL
Replacing solvent molecule 175490 (atom 530518) with CL
Replacing solvent molecule 81944 (atom 249880) with CL
Replacing solvent molecule 77449 (atom 236395) with CL
Replacing solvent molecule 167482 (atom 506494) with CL
Replacing solvent molecule 59791 (atom 183421) with CL
Replacing solvent molecule 182591 (atom 551821) with CL
Replacing solvent molecule 77413 (atom 236287) with CL
Replacing solvent molecule 82300 (atom 250948) with CL
Replacing solvent molecule 138812 (atom 420484) with CL
Replacing solvent molecule 4960 (atom 18928) with CL
Replacing solvent molecule 124701 (atom 378151) with CL
Replacing solvent molecule 115765 (atom 351343) with CL
Replacing solvent molecule 178126 (atom 538426) with CL
Replacing solvent molecule 115728 (atom 351232) with CL
Replacing solvent molecule 16537 (atom 53659) with CL
Replacing solvent molecule 88253 (atom 268807) with CL
Replacing solvent molecule 94829 (atom 288535) with CL
Replacing solvent molecule 156238 (atom 472762) with CL
Replacing solvent molecule 147631 (atom 446941) with CL
Replacing solvent molecule 66556 (atom 203716) with CL
Replacing solvent molecule 33160 (atom 103528) with CL
Replacing solvent molecule 170071 (atom 514261) with CL
Replacing solvent molecule 67667 (atom 207049) with CL
Replacing solvent molecule 101609 (atom 308875) with CL
Replacing solvent molecule 124471 (atom 377461) with CL
Replacing solvent molecule 36785 (atom 114403) with CL
Replacing solvent molecule 106620 (atom 323908) with CL
Replacing solvent molecule 118961 (atom 360931) with CL
Replacing solvent molecule 133781 (atom 405391) with CL
Replacing solvent molecule 169340 (atom 512068) with CL
Replacing solvent molecule 78156 (atom 238516) with CL
Replacing solvent molecule 110006 (atom 334066) with CL
Replacing solvent molecule 97768 (atom 297352) with CL
Replacing solvent molecule 83152 (atom 253504) with CL
Replacing solvent molecule 7366 (atom 26146) with CL
Replacing solvent molecule 75460 (atom 230428) with CL
Replacing solvent molecule 97381 (atom 296191) with CL
Replacing solvent molecule 10591 (atom 35821) with CL
Replacing solvent molecule 1941 (atom 9871) with CL
Replacing solvent molecule 172433 (atom 521347) with CL
Replacing solvent molecule 83216 (atom 253696) with CL
Replacing solvent molecule 66966 (atom 204946) with CL
Replacing solvent molecule 83966 (atom 255946) with CL
Replacing solvent molecule 177370 (atom 536158) with CL
Replacing solvent molecule 25663 (atom 81037) with CL
Replacing solvent molecule 47236 (atom 145756) with CL
Replacing solvent molecule 51980 (atom 159988) with CL
Replacing solvent molecule 111258 (atom 337822) with CL
Replacing solvent molecule 64609 (atom 197875) with CL
Replacing solvent molecule 187631 (atom 566941) with CL
Replacing solvent molecule 153292 (atom 463924) with CL
Replacing solvent molecule 47330 (atom 146038) with CL
Replacing solvent molecule 89150 (atom 271498) with CL
Replacing solvent molecule 26620 (atom 83908) with CL
Replacing solvent molecule 165195 (atom 499633) with CL
Replacing solvent molecule 4288 (atom 16912) with CL
Replacing solvent molecule 89574 (atom 272770) with CL
Replacing solvent molecule 175365 (atom 530143) with CL
Replacing solvent molecule 70389 (atom 215215) with CL
Replacing solvent molecule 52655 (atom 162013) with CL
Replacing solvent molecule 126923 (atom 384817) with CL
Replacing solvent molecule 143474 (atom 434470) with CL
Replacing solvent molecule 110312 (atom 334984) with CL
Replacing solvent molecule 177331 (atom 536041) with CL
Replacing solvent molecule 4657 (atom 18019) with CL
Replacing solvent molecule 106565 (atom 323743) with CL
Replacing solvent molecule 107657 (atom 327019) with CL
Replacing solvent molecule 166997 (atom 505039) with CL
Replacing solvent molecule 18889 (atom 60715) with CL
Replacing solvent molecule 81289 (atom 247915) with CL
Replacing solvent molecule 3573 (atom 14767) with CL
Replacing solvent molecule 41096 (atom 127336) with CL
Replacing solvent molecule 7748 (atom 27292) with CL
Replacing solvent molecule 71109 (atom 217375) with CL
Replacing solvent molecule 96370 (atom 293158) with CL
Replacing solvent molecule 172294 (atom 520930) with CL
Replacing solvent molecule 51004 (atom 157060) with CL
Replacing solvent molecule 86070 (atom 262258) with CL
Replacing solvent molecule 21347 (atom 68089) with CL
Replacing solvent molecule 2612 (atom 11884) with CL
Replacing solvent molecule 188261 (atom 568831) with CL
Replacing solvent molecule 56901 (atom 174751) with CL
Replacing solvent molecule 112546 (atom 341686) with CL
Replacing solvent molecule 70538 (atom 215662) with CL
Replacing solvent molecule 29589 (atom 92815) with CL
Replacing solvent molecule 157215 (atom 475693) with CL
Replacing solvent molecule 35411 (atom 110281) with CL
Replacing solvent molecule 151069 (atom 457255) with CL
Replacing solvent molecule 129440 (atom 392368) with CL
Replacing solvent molecule 168617 (atom 509899) with CL
Replacing solvent molecule 37651 (atom 117001) with CL
Replacing solvent molecule 93288 (atom 283912) with CL
Replacing solvent molecule 157835 (atom 477553) with CL
Replacing solvent molecule 178030 (atom 538138) with CL
Replacing solvent molecule 58803 (atom 180457) with CL
Replacing solvent molecule 47724 (atom 147220) with CL
Replacing solvent molecule 159104 (atom 481360) with CL
Replacing solvent molecule 143728 (atom 435232) with CL
Replacing solvent molecule 101454 (atom 308410) with CL
Replacing solvent molecule 183626 (atom 554926) with CL
Replacing solvent molecule 133431 (atom 404341) with CL
Replacing solvent molecule 25595 (atom 80833) with CL
Replacing solvent molecule 31688 (atom 99112) with CL
Replacing solvent molecule 100089 (atom 304315) with CL
Replacing solvent molecule 102557 (atom 311719) with CL
Replacing solvent molecule 183838 (atom 555562) with CL
Replacing solvent molecule 181100 (atom 547348) with CL
Replacing solvent molecule 52419 (atom 161305) with CL
Replacing solvent molecule 50790 (atom 156418) with CL
Replacing solvent molecule 41757 (atom 129319) with CL
Replacing solvent molecule 105921 (atom 321811) with CL
Replacing solvent molecule 134147 (atom 406489) with CL
Replacing solvent molecule 158912 (atom 480784) with CL
Replacing solvent molecule 106805 (atom 324463) with CL
Replacing solvent molecule 49667 (atom 153049) with CL
Replacing solvent molecule 44196 (atom 136636) with CL
Replacing solvent molecule 77270 (atom 235858) with CL
Replacing solvent molecule 1543 (atom 8677) with CL
Replacing solvent molecule 151864 (atom 459640) with CL
Replacing solvent molecule 15855 (atom 51613) with CL
Replacing solvent molecule 108277 (atom 328879) with CL
Replacing solvent molecule 71622 (atom 218914) with CL
Replacing solvent molecule 42284 (atom 130900) with CL
Replacing solvent molecule 169744 (atom 513280) with CL
Replacing solvent molecule 140482 (atom 425494) with CL
Replacing solvent molecule 84606 (atom 257866) with CL
Replacing solvent molecule 185353 (atom 560107) with CL
Replacing solvent molecule 45836 (atom 141556) with CL
Replacing solvent molecule 91144 (atom 277480) with CL
Replacing solvent molecule 97873 (atom 297667) with CL
Replacing solvent molecule 50624 (atom 155920) with CL
Replacing solvent molecule 144023 (atom 436117) with CL
Replacing solvent molecule 118069 (atom 358255) with CL
Replacing solvent molecule 10687 (atom 36109) with CL
Replacing solvent molecule 55845 (atom 171583) with CL
Replacing solvent molecule 116480 (atom 353488) with CL
Replacing solvent molecule 99675 (atom 303073) with CL
Replacing solvent molecule 6346 (atom 23086) with CL
Replacing solvent molecule 174774 (atom 528370) with CL
Replacing solvent molecule 74811 (atom 228481) with CL
Replacing solvent molecule 11319 (atom 38005) with CL
Replacing solvent molecule 33 (atom 4147) with CL
Replacing solvent molecule 183649 (atom 554995) with CL
Replacing solvent molecule 103950 (atom 315898) with CL
Replacing solvent molecule 10592 (atom 35824) with CL
Replacing solvent molecule 701 (atom 6151) with CL
Replacing solvent molecule 9283 (atom 31897) with CL
Replacing solvent molecule 142222 (atom 430714) with CL
Replacing solvent molecule 63597 (atom 194839) with CL
Replacing solvent molecule 99937 (atom 303859) with CL
Replacing solvent molecule 142573 (atom 431767) with CL
Replacing solvent molecule 182971 (atom 552961) with CL
Replacing solvent molecule 6019 (atom 22105) with CL
Replacing solvent molecule 190737 (atom 576259) with CL
Replacing solvent molecule 122042 (atom 370174) with CL
Replacing solvent molecule 77121 (atom 235411) with CL
Replacing solvent molecule 148437 (atom 449359) with CL
Replacing solvent molecule 189525 (atom 572623) with CL
Replacing solvent molecule 113037 (atom 343159) with CL
Replacing solvent molecule 32037 (atom 100159) with CL
Replacing solvent molecule 42507 (atom 131569) with CL
Replacing solvent molecule 137150 (atom 415498) with CL
Replacing solvent molecule 86475 (atom 263473) with CL
Replacing solvent molecule 96066 (atom 292246) with CL
Replacing solvent molecule 86601 (atom 263851) with CL
Replacing solvent molecule 64638 (atom 197962) with CL
Replacing solvent molecule 67254 (atom 205810) with CL
Replacing solvent molecule 88191 (atom 268621) with CL
Replacing solvent molecule 185279 (atom 559885) with CL
Replacing solvent molecule 121210 (atom 367678) with CL
Replacing solvent molecule 46385 (atom 143203) with CL
Replacing solvent molecule 695 (atom 6133) with CL
Replacing solvent molecule 78838 (atom 240562) with CL
Replacing solvent molecule 170662 (atom 516034) with CL
Replacing solvent molecule 189983 (atom 573997) with CL
Replacing solvent molecule 90731 (atom 276241) with CL
Replacing solvent molecule 50030 (atom 154138) with CL
Replacing solvent molecule 134034 (atom 406150) with CL
Replacing solvent molecule 15432 (atom 50344) with CL
Replacing solvent molecule 58690 (atom 180118) with CL
Replacing solvent molecule 126043 (atom 382177) with CL
Replacing solvent molecule 24886 (atom 78706) with CL
Replacing solvent molecule 192967 (atom 582949) with CL
Replacing solvent molecule 74692 (atom 228124) with CL
Replacing solvent molecule 143244 (atom 433780) with CL
Replacing solvent molecule 111142 (atom 337474) with CL
Replacing solvent molecule 75556 (atom 230716) with CL
Replacing solvent molecule 177028 (atom 535132) with CL
Replacing solvent molecule 108619 (atom 329905) with CL
Replacing solvent molecule 112124 (atom 340420) with CL
Replacing solvent molecule 193882 (atom 585694) with CL
Replacing solvent molecule 93500 (atom 284548) with CL
Replacing solvent molecule 170606 (atom 515866) with CL
Replacing solvent molecule 178386 (atom 539206) with CL
Replacing solvent molecule 151089 (atom 457315) with CL
Replacing solvent molecule 159681 (atom 483091) with CL
Replacing solvent molecule 34390 (atom 107218) with CL
Replacing solvent molecule 11988 (atom 40012) with CL
Replacing solvent molecule 167632 (atom 506944) with CL
Replacing solvent molecule 118159 (atom 358525) with CL
Replacing solvent molecule 150750 (atom 456298) with CL
Replacing solvent molecule 47842 (atom 147574) with CL
Replacing solvent molecule 2696 (atom 12136) with CL
Replacing solvent molecule 114714 (atom 348190) with CL
Replacing solvent molecule 117479 (atom 356485) with CL
Replacing solvent molecule 135546 (atom 410686) with CL
Replacing solvent molecule 106278 (atom 322882) with CL
Replacing solvent molecule 34997 (atom 109039) with CL
Replacing solvent molecule 95171 (atom 289561) with CL
Replacing solvent molecule 38900 (atom 120748) with CL
Replacing solvent molecule 36783 (atom 114397) with CL
Replacing solvent molecule 36873 (atom 114667) with CL
Replacing solvent molecule 166021 (atom 502111) with CL
Replacing solvent molecule 113053 (atom 343207) with CL
Replacing solvent molecule 74441 (atom 227371) with CL
Replacing solvent molecule 13618 (atom 44902) with CL
Replacing solvent molecule 72122 (atom 220414) with CL
Replacing solvent molecule 40251 (atom 124801) with CL
Replacing solvent molecule 182216 (atom 550696) with CL
Replacing solvent molecule 150497 (atom 455539) with CL
Replacing solvent molecule 73799 (atom 225445) with CL
Replacing solvent molecule 99271 (atom 301861) with CL
Replacing solvent molecule 23387 (atom 74209) with CL
Replacing solvent molecule 72736 (atom 222256) with CL
Replacing solvent molecule 136238 (atom 412762) with CL
Replacing solvent molecule 55089 (atom 169315) with CL
Replacing solvent molecule 81650 (atom 248998) with CL
Replacing solvent molecule 87321 (atom 266011) with CL
Replacing solvent molecule 93938 (atom 285862) with CL
Replacing solvent molecule 134124 (atom 406420) with CL
Replacing solvent molecule 128466 (atom 389446) with CL
Replacing solvent molecule 38496 (atom 119536) with CL
Replacing solvent molecule 80191 (atom 244621) with CL
Replacing solvent molecule 34756 (atom 108316) with CL
Replacing solvent molecule 60676 (atom 186076) with CL
Replacing solvent molecule 119904 (atom 363760) with CL
Replacing solvent molecule 4777 (atom 18379) with CL
Replacing solvent molecule 32293 (atom 100927) with CL
Replacing solvent molecule 37998 (atom 118042) with CL
Replacing solvent molecule 23961 (atom 75931) with CL
Replacing solvent molecule 1288 (atom 7912) with CL
Replacing solvent molecule 141257 (atom 427819) with CL
Replacing solvent molecule 194008 (atom 586072) with CL
Replacing solvent molecule 143564 (atom 434740) with CL
Replacing solvent molecule 115793 (atom 351427) with CL
Replacing solvent molecule 59257 (atom 181819) with CL
Replacing solvent molecule 179289 (atom 541915) with CL
Replacing solvent molecule 9055 (atom 31213) with CL
Replacing solvent molecule 494 (atom 5530) with CL
Replacing solvent molecule 43045 (atom 133183) with CL
Replacing solvent molecule 14553 (atom 47707) with CL
Replacing solvent molecule 6606 (atom 23866) with CL
Replacing solvent molecule 93614 (atom 284890) with CL
Replacing solvent molecule 188194 (atom 568630) with CL
Replacing solvent molecule 17938 (atom 57862) with CL
Replacing solvent molecule 163668 (atom 495052) with CL
Replacing solvent molecule 59523 (atom 182617) with CL
Replacing solvent molecule 139764 (atom 423340) with CL
Replacing solvent molecule 157911 (atom 477781) with CL
Replacing solvent molecule 119596 (atom 362836) with CL
Replacing solvent molecule 136356 (atom 413116) with CL
Replacing solvent molecule 74691 (atom 228121) with CL
Replacing solvent molecule 194585 (atom 587803) with CL
Replacing solvent molecule 80557 (atom 245719) with CL
Replacing solvent molecule 186911 (atom 564781) with CL
Replacing solvent molecule 70313 (atom 214987) with CL
Replacing solvent molecule 48345 (atom 149083) with CL
Replacing solvent molecule 29077 (atom 91279) with CL
Replacing solvent molecule 45240 (atom 139768) with CL
Replacing solvent molecule 61056 (atom 187216) with CL
Replacing solvent molecule 114076 (atom 346276) with CL
Replacing solvent molecule 94524 (atom 287620) with CL
Replacing solvent molecule 3607 (atom 14869) with CL
Replacing solvent molecule 49023 (atom 151117) with CL
Replacing solvent molecule 68815 (atom 210493) with CL
Replacing solvent molecule 103714 (atom 315190) with CL
Replacing solvent molecule 52176 (atom 160576) with CL
Replacing solvent molecule 64210 (atom 196678) with CL
Replacing solvent molecule 188799 (atom 570445) with CL
Replacing solvent molecule 74145 (atom 226483) with CL
Replacing solvent molecule 186679 (atom 564085) with CL
Replacing solvent molecule 61793 (atom 189427) with CL
Replacing solvent molecule 96289 (atom 292915) with CL
Replacing solvent molecule 131386 (atom 398206) with CL
Replacing solvent molecule 82299 (atom 250945) with CL
Replacing solvent molecule 101602 (atom 308854) with CL
Replacing solvent molecule 131013 (atom 397087) with CL
Replacing solvent molecule 86179 (atom 262585) with CL
Replacing solvent molecule 17508 (atom 56572) with CL
Replacing solvent molecule 27091 (atom 85321) with CL
Replacing solvent molecule 126581 (atom 383791) with CL
Replacing solvent molecule 52298 (atom 160942) with CL
Replacing solvent molecule 37862 (atom 117634) with CL
Replacing solvent molecule 86412 (atom 263284) with CL
Replacing solvent molecule 181150 (atom 547498) with CL
Replacing solvent molecule 122259 (atom 370825) with CL
Replacing solvent molecule 162619 (atom 491905) with CL
Replacing solvent molecule 27573 (atom 86767) with CL
Replacing solvent molecule 101750 (atom 309298) with CL
Replacing solvent molecule 99212 (atom 301684) with CL
Replacing solvent molecule 145720 (atom 441208) with CL
Replacing solvent molecule 55640 (atom 170968) with CL
Replacing solvent molecule 71908 (atom 219772) with CL
Replacing solvent molecule 77466 (atom 236446) with CL
Replacing solvent molecule 98004 (atom 298060) with CL
Replacing solvent molecule 190043 (atom 574177) with CL
Replacing solvent molecule 6153 (atom 22507) with CL
Replacing solvent molecule 194202 (atom 586654) with CL
Replacing solvent molecule 110760 (atom 336328) with CL
Replacing solvent molecule 1034 (atom 7150) with CL
Replacing solvent molecule 65351 (atom 200101) with CL
Replacing solvent molecule 41421 (atom 128311) with CL
Replacing solvent molecule 17913 (atom 57787) with CL
Replacing solvent molecule 78931 (atom 240841) with CL
Replacing solvent molecule 120121 (atom 364411) with CL
Replacing solvent molecule 183195 (atom 553633) with CL
Replacing solvent molecule 19912 (atom 63784) with CL
Replacing solvent molecule 163848 (atom 495592) with CL
Replacing solvent molecule 11550 (atom 38698) with CL
Replacing solvent molecule 181286 (atom 547906) with CL
Replacing solvent molecule 91334 (atom 278050) with CL
Replacing solvent molecule 7347 (atom 26089) with CL
Replacing solvent molecule 157811 (atom 477481) with CL
Replacing solvent molecule 179684 (atom 543100) with CL
Replacing solvent molecule 153637 (atom 464959) with CL
Replacing solvent molecule 173818 (atom 525502) with CL
Replacing solvent molecule 54316 (atom 166996) with CL
Replacing solvent molecule 118312 (atom 358984) with CL
Replacing solvent molecule 172596 (atom 521836) with CL
Replacing solvent molecule 126111 (atom 382381) with CL
Replacing solvent molecule 20248 (atom 64792) with CL
Replacing solvent molecule 144472 (atom 437464) with CL
Replacing solvent molecule 26058 (atom 82222) with CL
Replacing solvent molecule 152009 (atom 460075) with CL
Replacing solvent molecule 102600 (atom 311848) with CL
Replacing solvent molecule 116231 (atom 352741) with CL
Replacing solvent molecule 16914 (atom 54790) with CL
Replacing solvent molecule 14460 (atom 47428) with CL
Replacing solvent molecule 98381 (atom 299191) with CL
Replacing solvent molecule 41988 (atom 130012) with CL
Replacing solvent molecule 107894 (atom 327730) with CL
Replacing solvent molecule 120559 (atom 365725) with CL
Replacing solvent molecule 3965 (atom 15943) with CL
Replacing solvent molecule 188691 (atom 570121) with CL
Replacing solvent molecule 117693 (atom 357127) with CL
Replacing solvent molecule 104886 (atom 318706) with CL
Replacing solvent molecule 194339 (atom 587065) with CL
Replacing solvent molecule 87506 (atom 266566) with CL
Replacing solvent molecule 8366 (atom 29146) with CL
Replacing solvent molecule 136688 (atom 414112) with CL
Replacing solvent molecule 162357 (atom 491119) with CL
Replacing solvent molecule 83684 (atom 255100) with CL
Replacing solvent molecule 157383 (atom 476197) with CL
Replacing solvent molecule 1858 (atom 9622) with CL
Replacing solvent molecule 9735 (atom 33253) with CL
Replacing solvent molecule 694 (atom 6130) with CL
Replacing solvent molecule 60668 (atom 186052) with CL
Replacing solvent molecule 194160 (atom 586528) with CL
Replacing solvent molecule 143009 (atom 433075) with CL
Replacing solvent molecule 53166 (atom 163546) with CL
Replacing solvent molecule 161285 (atom 487903) with CL
Replacing solvent molecule 160090 (atom 484318) with CL
Replacing solvent molecule 36540 (atom 113668) with CL
Replacing solvent molecule 63002 (atom 193054) with CL
Replacing solvent molecule 60349 (atom 185095) with CL
Replacing solvent molecule 99079 (atom 301285) with CL
Replacing solvent molecule 124994 (atom 379030) with CL
Replacing solvent molecule 174727 (atom 528229) with CL
Replacing solvent molecule 189996 (atom 574036) with CL
Replacing solvent molecule 102795 (atom 312433) with CL
Replacing solvent molecule 138269 (atom 418855) with CL


GROMACS reminds you: "Software was a mistake." (Paul Bauer)

