                      :-) GROMACS - gmx genion, 2026.1 (-:

Executable:   /usr/local/gromacs/bin/gmx
Data prefix:  /usr/local/gromacs
Working dir:  /Users/af25016/projects/ligand_rbfe/data/inputs/protein/bound_ligand_2
Command line:
  gmx genion -s ions.tpr -o solvated_ions.gro -p solvated.top -neutral -conc 0.150000

Reading file ions.tpr, VERSION 2026.1 (single precision)
Reading file ions.tpr, VERSION 2026.1 (single precision)
Group     0 (         System) has 595505 elements
Group     1 (          Other) has    28 elements
Group     2 (            MOL) has    28 elements
Group     3 (        Protein) has  4018 elements
Group     4 (      Protein-H) has  2017 elements
Group     5 (        C-alpha) has   270 elements
Group     6 (       Backbone) has   810 elements
Group     7 (      MainChain) has  1081 elements
Group     8 (   MainChain+Cb) has  1326 elements
Group     9 (    MainChain+H) has  1340 elements
Group    10 (      SideChain) has  2678 elements
Group    11 (    SideChain-H) has   936 elements
Group    12 (    Prot-Masses) has  4018 elements
Group    13 (    non-Protein) has 591487 elements
Group    14 (          Water) has 591459 elements
Group    15 (            SOL) has 591459 elements
Group    16 (      non-Water) has  4046 elements
Select a group: Number of (3-atomic) solvent molecules: 197153

Back Off! I just backed up solvated.top to ./#solvated.top.1#
Using random seed -409019913.
Replacing solvent molecule 185755 (atom 561311) with NA
Replacing solvent molecule 183083 (atom 553295) with NA
Replacing solvent molecule 33528 (atom 104630) with NA
Replacing solvent molecule 163257 (atom 493817) with NA
Replacing solvent molecule 189155 (atom 571511) with NA
Replacing solvent molecule 28869 (atom 90653) with NA
Replacing solvent molecule 54763 (atom 168335) with NA
Replacing solvent molecule 28129 (atom 88433) with NA
Replacing solvent molecule 168989 (atom 511013) with NA
Replacing solvent molecule 76393 (atom 233225) with NA
Replacing solvent molecule 2917 (atom 12797) with NA
Replacing solvent molecule 185032 (atom 559142) with NA
Replacing solvent molecule 78542 (atom 239672) with NA
Replacing solvent molecule 113786 (atom 345404) with NA
Replacing solvent molecule 73219 (atom 223703) with NA
Replacing solvent molecule 53111 (atom 163379) with NA
Replacing solvent molecule 146655 (atom 444011) with NA
Replacing solvent molecule 104386 (atom 317204) with NA
Replacing solvent molecule 117075 (atom 355271) with NA
Replacing solvent molecule 54123 (atom 166415) with NA
Replacing solvent molecule 87035 (atom 265151) with NA
Replacing solvent molecule 73382 (atom 224192) with NA
Replacing solvent molecule 90376 (atom 275174) with NA
Replacing solvent molecule 168672 (atom 510062) with NA
Replacing solvent molecule 2571 (atom 11759) with NA
Replacing solvent molecule 88676 (atom 270074) with NA
Replacing solvent molecule 115986 (atom 352004) with NA
Replacing solvent molecule 168081 (atom 508289) with NA
Replacing solvent molecule 156181 (atom 472589) with NA
Replacing solvent molecule 101188 (atom 307610) with NA
Replacing solvent molecule 113811 (atom 345479) with NA
Replacing solvent molecule 194709 (atom 588173) with NA
Replacing solvent molecule 70645 (atom 215981) with NA
Replacing solvent molecule 180656 (atom 546014) with NA
Replacing solvent molecule 150221 (atom 454709) with NA
Replacing solvent molecule 152399 (atom 461243) with NA
Replacing solvent molecule 9726 (atom 33224) with NA
Replacing solvent molecule 184659 (atom 558023) with NA
Replacing solvent molecule 29690 (atom 93116) with NA
Replacing solvent molecule 183834 (atom 555548) with NA
Replacing solvent molecule 99976 (atom 303974) with NA
Replacing solvent molecule 147643 (atom 446975) with NA
Replacing solvent molecule 168647 (atom 509987) with NA
Replacing solvent molecule 47886 (atom 147704) with NA
Replacing solvent molecule 28674 (atom 90068) with NA
Replacing solvent molecule 131003 (atom 397055) with NA
Replacing solvent molecule 24780 (atom 78386) with NA
Replacing solvent molecule 152463 (atom 461435) with NA
Replacing solvent molecule 177275 (atom 535871) with NA
Replacing solvent molecule 22500 (atom 71546) with NA
Replacing solvent molecule 83094 (atom 253328) with NA
Replacing solvent molecule 78963 (atom 240935) with NA
Replacing solvent molecule 27526 (atom 86624) with NA
Replacing solvent molecule 113747 (atom 345287) with NA
Replacing solvent molecule 155311 (atom 469979) with NA
Replacing solvent molecule 49153 (atom 151505) with NA
Replacing solvent molecule 160176 (atom 484574) with NA
Replacing solvent molecule 146914 (atom 444788) with NA
Replacing solvent molecule 47383 (atom 146195) with NA
Replacing solvent molecule 83778 (atom 255380) with NA
Replacing solvent molecule 105078 (atom 319280) with NA
Replacing solvent molecule 17805 (atom 57461) with NA
Replacing solvent molecule 183551 (atom 554699) with NA
Replacing solvent molecule 130392 (atom 395222) with NA
Replacing solvent molecule 12785 (atom 42401) with NA
Replacing solvent molecule 115538 (atom 350660) with NA
Replacing solvent molecule 23323 (atom 74015) with NA
Replacing solvent molecule 172865 (atom 522641) with NA
Replacing solvent molecule 158385 (atom 479201) with NA
Replacing solvent molecule 56152 (atom 172502) with NA
Replacing solvent molecule 154568 (atom 467750) with NA
Replacing solvent molecule 96665 (atom 294041) with NA
Replacing solvent molecule 79861 (atom 243629) with NA
Replacing solvent molecule 118478 (atom 359480) with NA
Replacing solvent molecule 78394 (atom 239228) with NA
Replacing solvent molecule 80349 (atom 245093) with NA
Replacing solvent molecule 82113 (atom 250385) with NA
Replacing solvent molecule 123371 (atom 374159) with NA
Replacing solvent molecule 88068 (atom 268250) with NA
Replacing solvent molecule 193399 (atom 584243) with NA
Replacing solvent molecule 35389 (atom 110213) with NA
Replacing solvent molecule 145896 (atom 441734) with NA
Replacing solvent molecule 185434 (atom 560348) with NA
Replacing solvent molecule 185216 (atom 559694) with NA
Replacing solvent molecule 120199 (atom 364643) with NA
Replacing solvent molecule 12833 (atom 42545) with NA
Replacing solvent molecule 36018 (atom 112100) with NA
Replacing solvent molecule 1030 (atom 7136) with NA
Replacing solvent molecule 982 (atom 6992) with NA
Replacing solvent molecule 146596 (atom 443834) with NA
Replacing solvent molecule 169504 (atom 512558) with NA
Replacing solvent molecule 114203 (atom 346655) with NA
Replacing solvent molecule 29179 (atom 91583) with NA
Replacing solvent molecule 81905 (atom 249761) with NA
Replacing solvent molecule 155831 (atom 471539) with NA
Replacing solvent molecule 98879 (atom 300683) with NA
Replacing solvent molecule 45494 (atom 140528) with NA
Replacing solvent molecule 166849 (atom 504593) with NA
Replacing solvent molecule 79404 (atom 242258) with NA
Replacing solvent molecule 129399 (atom 392243) with NA
Replacing solvent molecule 194357 (atom 587117) with NA
Replacing solvent molecule 190839 (atom 576563) with NA
Replacing solvent molecule 39960 (atom 123926) with NA
Replacing solvent molecule 191106 (atom 577364) with NA
Replacing solvent molecule 40114 (atom 124388) with NA
Replacing solvent molecule 166314 (atom 502988) with NA
Replacing solvent molecule 171521 (atom 518609) with NA
Replacing solvent molecule 94991 (atom 289019) with NA
Replacing solvent molecule 44015 (atom 136091) with NA
Replacing solvent molecule 190313 (atom 574985) with NA
Replacing solvent molecule 49742 (atom 153272) with NA
Replacing solvent molecule 161413 (atom 488285) with NA
Replacing solvent molecule 185096 (atom 559334) with NA
Replacing solvent molecule 184101 (atom 556349) with NA
Replacing solvent molecule 27924 (atom 87818) with NA
Replacing solvent molecule 20600 (atom 65846) with NA
Replacing solvent molecule 138013 (atom 418085) with NA
Replacing solvent molecule 116928 (atom 354830) with NA
Replacing solvent molecule 131996 (atom 400034) with NA
Replacing solvent molecule 30247 (atom 94787) with NA
Replacing solvent molecule 183875 (atom 555671) with NA
Replacing solvent molecule 37992 (atom 118022) with NA
Replacing solvent molecule 161855 (atom 489611) with NA
Replacing solvent molecule 41547 (atom 128687) with NA
Replacing solvent molecule 137529 (atom 416633) with NA
Replacing solvent molecule 135927 (atom 411827) with NA
Replacing solvent molecule 173871 (atom 525659) with NA
Replacing solvent molecule 15220 (atom 49706) with NA
Replacing solvent molecule 134259 (atom 406823) with NA
Replacing solvent molecule 169673 (atom 513065) with NA
Replacing solvent molecule 98150 (atom 298496) with NA
Replacing solvent molecule 29471 (atom 92459) with NA
Replacing solvent molecule 53012 (atom 163082) with NA
Replacing solvent molecule 155846 (atom 471584) with NA
Replacing solvent molecule 177448 (atom 536390) with NA
Replacing solvent molecule 113010 (atom 343076) with NA
Replacing solvent molecule 118995 (atom 361031) with NA
Replacing solvent molecule 80076 (atom 244274) with NA
Replacing solvent molecule 33910 (atom 105776) with NA
Replacing solvent molecule 168718 (atom 510200) with NA
Replacing solvent molecule 193892 (atom 585722) with NA
Replacing solvent molecule 152528 (atom 461630) with NA
Replacing solvent molecule 176892 (atom 534722) with NA
Replacing solvent molecule 137850 (atom 417596) with NA
Replacing solvent molecule 59819 (atom 183503) with NA
Replacing solvent molecule 195954 (atom 591908) with NA
Replacing solvent molecule 66471 (atom 203459) with NA
Replacing solvent molecule 183750 (atom 555296) with NA
Replacing solvent molecule 6269 (atom 22853) with NA
Replacing solvent molecule 30243 (atom 94775) with NA
Replacing solvent molecule 25283 (atom 79895) with NA
Replacing solvent molecule 151301 (atom 457949) with NA
Replacing solvent molecule 140917 (atom 426797) with NA
Replacing solvent molecule 121574 (atom 368768) with NA
Replacing solvent molecule 66278 (atom 202880) with NA
Replacing solvent molecule 118252 (atom 358802) with NA
Replacing solvent molecule 193257 (atom 583817) with NA
Replacing solvent molecule 100876 (atom 306674) with NA
Replacing solvent molecule 158894 (atom 480728) with NA
Replacing solvent molecule 2862 (atom 12632) with NA
Replacing solvent molecule 53561 (atom 164729) with NA
Replacing solvent molecule 7623 (atom 26915) with NA
Replacing solvent molecule 51003 (atom 157055) with NA
Replacing solvent molecule 186994 (atom 565028) with NA
Replacing solvent molecule 63194 (atom 193628) with NA
Replacing solvent molecule 128466 (atom 389444) with NA
Replacing solvent molecule 114986 (atom 349004) with NA
Replacing solvent molecule 64634 (atom 197948) with NA
Replacing solvent molecule 26332 (atom 83042) with NA
Replacing solvent molecule 35407 (atom 110267) with NA
Replacing solvent molecule 56268 (atom 172850) with NA
Replacing solvent molecule 185516 (atom 560594) with NA
Replacing solvent molecule 33095 (atom 103331) with NA
Replacing solvent molecule 25879 (atom 81683) with NA
Replacing solvent molecule 75319 (atom 230003) with NA
Replacing solvent molecule 121776 (atom 369374) with NA
Replacing solvent molecule 143682 (atom 435092) with NA
Replacing solvent molecule 83459 (atom 254423) with NA
Replacing solvent molecule 192524 (atom 581618) with NA
Replacing solvent molecule 173754 (atom 525308) with NA
Replacing solvent molecule 50267 (atom 154847) with NA
Replacing solvent molecule 83218 (atom 253700) with NA
Replacing solvent molecule 179136 (atom 541454) with NA
Replacing solvent molecule 182120 (atom 550406) with NA
Replacing solvent molecule 58610 (atom 179876) with NA
Replacing solvent molecule 19037 (atom 61157) with NA
Replacing solvent molecule 10581 (atom 35789) with NA
Replacing solvent molecule 121981 (atom 369989) with NA
Replacing solvent molecule 115827 (atom 351527) with NA
Replacing solvent molecule 11521 (atom 38609) with NA
Replacing solvent molecule 16725 (atom 54221) with NA
Replacing solvent molecule 194391 (atom 587219) with NA
Replacing solvent molecule 175070 (atom 529256) with NA
Replacing solvent molecule 83083 (atom 253295) with NA
Replacing solvent molecule 14649 (atom 47993) with NA
Replacing solvent molecule 69624 (atom 212918) with NA
Replacing solvent molecule 31004 (atom 97058) with NA
Replacing solvent molecule 139644 (atom 422978) with NA
Replacing solvent molecule 92721 (atom 282209) with NA
Replacing solvent molecule 15431 (atom 50339) with NA
Replacing solvent molecule 2796 (atom 12434) with NA
Replacing solvent molecule 142791 (atom 432419) with NA
Replacing solvent molecule 47271 (atom 145859) with NA
Replacing solvent molecule 175387 (atom 530207) with NA
Replacing solvent molecule 78195 (atom 238631) with NA
Replacing solvent molecule 143131 (atom 433439) with NA
Replacing solvent molecule 69180 (atom 211586) with NA
Replacing solvent molecule 26443 (atom 83375) with NA
Replacing solvent molecule 164228 (atom 496730) with NA
Replacing solvent molecule 168266 (atom 508844) with NA
Replacing solvent molecule 94594 (atom 287828) with NA
Replacing solvent molecule 88579 (atom 269783) with NA
Replacing solvent molecule 42163 (atom 130535) with NA
Replacing solvent molecule 142999 (atom 433043) with NA
Replacing solvent molecule 106007 (atom 322067) with NA
Replacing solvent molecule 109286 (atom 331904) with NA
Replacing solvent molecule 23925 (atom 75821) with NA
Replacing solvent molecule 32725 (atom 102221) with NA
Replacing solvent molecule 24565 (atom 77741) with NA
Replacing solvent molecule 52388 (atom 161210) with NA
Replacing solvent molecule 187658 (atom 567020) with NA
Replacing solvent molecule 165760 (atom 501326) with NA
Replacing solvent molecule 146206 (atom 442664) with NA
Replacing solvent molecule 4233 (atom 16745) with NA
Replacing solvent molecule 135616 (atom 410894) with NA
Replacing solvent molecule 123953 (atom 375905) with NA
Replacing solvent molecule 193129 (atom 583433) with NA
Replacing solvent molecule 7213 (atom 25685) with NA
Replacing solvent molecule 181907 (atom 549767) with NA
Replacing solvent molecule 16709 (atom 54173) with NA
Replacing solvent molecule 50395 (atom 155231) with NA
Replacing solvent molecule 87148 (atom 265490) with NA
Replacing solvent molecule 100812 (atom 306482) with NA
Replacing solvent molecule 11116 (atom 37394) with NA
Replacing solvent molecule 10196 (atom 34634) with NA
Replacing solvent molecule 286 (atom 4904) with NA
Replacing solvent molecule 25023 (atom 79115) with NA
Replacing solvent molecule 39934 (atom 123848) with NA
Replacing solvent molecule 146687 (atom 444107) with NA
Replacing solvent molecule 151228 (atom 457730) with NA
Replacing solvent molecule 144896 (atom 438734) with NA
Replacing solvent molecule 8810 (atom 30476) with NA
Replacing solvent molecule 29385 (atom 92201) with NA
Replacing solvent molecule 160439 (atom 485363) with NA
Replacing solvent molecule 6823 (atom 24515) with NA
Replacing solvent molecule 191606 (atom 578864) with NA
Replacing solvent molecule 158228 (atom 478730) with NA
Replacing solvent molecule 181523 (atom 548615) with NA
Replacing solvent molecule 183253 (atom 553805) with NA
Replacing solvent molecule 62969 (atom 192953) with NA
Replacing solvent molecule 142960 (atom 432926) with NA
Replacing solvent molecule 60647 (atom 185987) with NA
Replacing solvent molecule 37600 (atom 116846) with NA
Replacing solvent molecule 189343 (atom 572075) with NA
Replacing solvent molecule 106002 (atom 322052) with NA
Replacing solvent molecule 96971 (atom 294959) with NA
Replacing solvent molecule 171254 (atom 517808) with NA
Replacing solvent molecule 93976 (atom 285974) with NA
Replacing solvent molecule 147232 (atom 445742) with NA
Replacing solvent molecule 16525 (atom 53621) with NA
Replacing solvent molecule 182447 (atom 551387) with NA
Replacing solvent molecule 69457 (atom 212417) with NA
Replacing solvent molecule 169742 (atom 513272) with NA
Replacing solvent molecule 739 (atom 6263) with NA
Replacing solvent molecule 157765 (atom 477341) with NA
Replacing solvent molecule 115346 (atom 350084) with NA
Replacing solvent molecule 44707 (atom 138167) with NA
Replacing solvent molecule 134480 (atom 407486) with NA
Replacing solvent molecule 124205 (atom 376661) with NA
Replacing solvent molecule 108603 (atom 329855) with NA
Replacing solvent molecule 71858 (atom 219620) with NA
Replacing solvent molecule 46679 (atom 144083) with NA
Replacing solvent molecule 52969 (atom 162953) with NA
Replacing solvent molecule 23492 (atom 74522) with NA
Replacing solvent molecule 178979 (atom 540983) with NA
Replacing solvent molecule 180476 (atom 545474) with NA
Replacing solvent molecule 124061 (atom 376229) with NA
Replacing solvent molecule 145559 (atom 440723) with NA
Replacing solvent molecule 66232 (atom 202742) with NA
Replacing solvent molecule 85017 (atom 259097) with NA
Replacing solvent molecule 120480 (atom 365486) with NA
Replacing solvent molecule 75870 (atom 231656) with NA
Replacing solvent molecule 162706 (atom 492164) with NA
Replacing solvent molecule 99148 (atom 301490) with NA
Replacing solvent molecule 21370 (atom 68156) with NA
Replacing solvent molecule 56046 (atom 172184) with NA
Replacing solvent molecule 37451 (atom 116399) with NA
Replacing solvent molecule 128072 (atom 388262) with NA
Replacing solvent molecule 51825 (atom 159521) with NA
Replacing solvent molecule 177796 (atom 537434) with NA
Replacing solvent molecule 45962 (atom 141932) with NA
Replacing solvent molecule 142042 (atom 430172) with NA
Replacing solvent molecule 4769 (atom 18353) with NA
Replacing solvent molecule 68128 (atom 208430) with NA
Replacing solvent molecule 196081 (atom 592289) with NA
Replacing solvent molecule 190183 (atom 574595) with NA
Replacing solvent molecule 44825 (atom 138521) with NA
Replacing solvent molecule 51328 (atom 158030) with NA
Replacing solvent molecule 67933 (atom 207845) with NA
Replacing solvent molecule 41806 (atom 129464) with NA
Replacing solvent molecule 73421 (atom 224309) with NA
Replacing solvent molecule 150445 (atom 455381) with NA
Replacing solvent molecule 104413 (atom 317285) with NA
Replacing solvent molecule 181765 (atom 549341) with NA
Replacing solvent molecule 80426 (atom 245324) with NA
Replacing solvent molecule 27620 (atom 86906) with NA
Replacing solvent molecule 174507 (atom 527567) with NA
Replacing solvent molecule 2261 (atom 10829) with NA
Replacing solvent molecule 155911 (atom 471779) with NA
Replacing solvent molecule 17399 (atom 56243) with NA
Replacing solvent molecule 140863 (atom 426635) with NA
Replacing solvent molecule 23045 (atom 73181) with NA
Replacing solvent molecule 86801 (atom 264449) with NA
Replacing solvent molecule 42161 (atom 130529) with NA
Replacing solvent molecule 119403 (atom 362255) with NA
Replacing solvent molecule 24330 (atom 77036) with NA
Replacing solvent molecule 79052 (atom 241202) with NA
Replacing solvent molecule 45781 (atom 141389) with NA
Replacing solvent molecule 151338 (atom 458060) with NA
Replacing solvent molecule 45071 (atom 139259) with NA
Replacing solvent molecule 157833 (atom 477545) with NA
Replacing solvent molecule 61394 (atom 188228) with NA
Replacing solvent molecule 113313 (atom 343985) with NA
Replacing solvent molecule 160714 (atom 486188) with NA
Replacing solvent molecule 68387 (atom 209207) with NA
Replacing solvent molecule 156959 (atom 474923) with NA
Replacing solvent molecule 79523 (atom 242615) with NA
Replacing solvent molecule 156657 (atom 474017) with NA
Replacing solvent molecule 46276 (atom 142874) with NA
Replacing solvent molecule 120508 (atom 365570) with NA
Replacing solvent molecule 171703 (atom 519155) with NA
Replacing solvent molecule 81395 (atom 248231) with NA
Replacing solvent molecule 5772 (atom 21362) with NA
Replacing solvent molecule 148583 (atom 449795) with NA
Replacing solvent molecule 68465 (atom 209441) with NA
Replacing solvent molecule 50853 (atom 156605) with NA
Replacing solvent molecule 109368 (atom 332150) with NA
Replacing solvent molecule 166901 (atom 504749) with NA
Replacing solvent molecule 100915 (atom 306791) with NA
Replacing solvent molecule 162557 (atom 491717) with NA
Replacing solvent molecule 116592 (atom 353822) with NA
Replacing solvent molecule 117337 (atom 356057) with NA
Replacing solvent molecule 166798 (atom 504440) with NA
Replacing solvent molecule 84032 (atom 256142) with NA
Replacing solvent molecule 19773 (atom 63365) with NA
Replacing solvent molecule 183204 (atom 553658) with NA
Replacing solvent molecule 70648 (atom 215990) with NA
Replacing solvent molecule 42193 (atom 130625) with NA
Replacing solvent molecule 106274 (atom 322868) with NA
Replacing solvent molecule 196162 (atom 592532) with NA
Replacing solvent molecule 165919 (atom 501803) with NA
Replacing solvent molecule 177575 (atom 536771) with NA
Replacing solvent molecule 10296 (atom 34934) with NA
Replacing solvent molecule 194757 (atom 588317) with NA
Replacing solvent molecule 175010 (atom 529076) with NA
Replacing solvent molecule 178188 (atom 538610) with NA
Replacing solvent molecule 164436 (atom 497354) with NA
Replacing solvent molecule 56412 (atom 173282) with NA
Replacing solvent molecule 139347 (atom 422087) with NA
Replacing solvent molecule 73122 (atom 223412) with NA
Replacing solvent molecule 144222 (atom 436712) with NA
Replacing solvent molecule 116969 (atom 354953) with NA
Replacing solvent molecule 8251 (atom 28799) with NA
Replacing solvent molecule 144640 (atom 437966) with NA
Replacing solvent molecule 138492 (atom 419522) with NA
Replacing solvent molecule 193534 (atom 584648) with NA
Replacing solvent molecule 163592 (atom 494822) with NA
Replacing solvent molecule 151608 (atom 458870) with NA
Replacing solvent molecule 22090 (atom 70316) with NA
Replacing solvent molecule 45725 (atom 141221) with NA
Replacing solvent molecule 133065 (atom 403241) with NA
Replacing solvent molecule 110362 (atom 335132) with NA
Replacing solvent molecule 10562 (atom 35732) with NA
Replacing solvent molecule 7894 (atom 27728) with NA
Replacing solvent molecule 41054 (atom 127208) with NA
Replacing solvent molecule 109555 (atom 332711) with NA
Replacing solvent molecule 5590 (atom 20816) with NA
Replacing solvent molecule 73616 (atom 224894) with NA
Replacing solvent molecule 81642 (atom 248972) with NA
Replacing solvent molecule 170859 (atom 516623) with NA
Replacing solvent molecule 190880 (atom 576686) with NA
Replacing solvent molecule 149580 (atom 452786) with NA
Replacing solvent molecule 180313 (atom 544985) with NA
Replacing solvent molecule 135772 (atom 411362) with NA
Replacing solvent molecule 192270 (atom 580856) with NA
Replacing solvent molecule 102180 (atom 310586) with NA
Replacing solvent molecule 32686 (atom 102104) with NA
Replacing solvent molecule 31158 (atom 97520) with NA
Replacing solvent molecule 117100 (atom 355346) with NA
Replacing solvent molecule 115088 (atom 349310) with NA
Replacing solvent molecule 85892 (atom 261722) with NA
Replacing solvent molecule 130016 (atom 394094) with NA
Replacing solvent molecule 153842 (atom 465572) with NA
Replacing solvent molecule 171447 (atom 518387) with NA
Replacing solvent molecule 15843 (atom 51575) with NA
Replacing solvent molecule 81027 (atom 247127) with NA
Replacing solvent molecule 71215 (atom 217691) with NA
Replacing solvent molecule 92809 (atom 282473) with NA
Replacing solvent molecule 85819 (atom 261503) with NA
Replacing solvent molecule 113146 (atom 343484) with NA
Replacing solvent molecule 21863 (atom 69635) with NA
Replacing solvent molecule 172136 (atom 520454) with NA
Replacing solvent molecule 126788 (atom 384410) with NA
Replacing solvent molecule 167475 (atom 506471) with NA
Replacing solvent molecule 135354 (atom 410108) with NA
Replacing solvent molecule 61227 (atom 187727) with NA
Replacing solvent molecule 132714 (atom 402188) with NA
Replacing solvent molecule 4776 (atom 18374) with NA
Replacing solvent molecule 165961 (atom 501929) with NA
Replacing solvent molecule 444 (atom 5378) with NA
Replacing solvent molecule 8208 (atom 28670) with NA
Replacing solvent molecule 140815 (atom 426491) with NA
Replacing solvent molecule 195239 (atom 589763) with NA
Replacing solvent molecule 53280 (atom 163886) with NA
Replacing solvent molecule 42394 (atom 131228) with NA
Replacing solvent molecule 4415 (atom 17291) with NA
Replacing solvent molecule 8656 (atom 30014) with NA
Replacing solvent molecule 23430 (atom 74336) with NA
Replacing solvent molecule 2427 (atom 11327) with NA
Replacing solvent molecule 122078 (atom 370280) with NA
Replacing solvent molecule 147837 (atom 447557) with NA
Replacing solvent molecule 61331 (atom 188039) with NA
Replacing solvent molecule 6612 (atom 23882) with NA
Replacing solvent molecule 131923 (atom 399815) with NA
Replacing solvent molecule 77805 (atom 237461) with NA
Replacing solvent molecule 2669 (atom 12053) with NA
Replacing solvent molecule 79762 (atom 243332) with NA
Replacing solvent molecule 187558 (atom 566720) with NA
Replacing solvent molecule 5002 (atom 19052) with NA
Replacing solvent molecule 82479 (atom 251483) with NA
Replacing solvent molecule 156 (atom 4514) with NA
Replacing solvent molecule 38297 (atom 118937) with NA
Replacing solvent molecule 135943 (atom 411875) with NA
Replacing solvent molecule 31066 (atom 97244) with NA
Replacing solvent molecule 8595 (atom 29831) with NA
Replacing solvent molecule 188963 (atom 570935) with NA
Replacing solvent molecule 76480 (atom 233486) with NA
Replacing solvent molecule 147624 (atom 446918) with NA
Replacing solvent molecule 71767 (atom 219347) with NA
Replacing solvent molecule 97312 (atom 295982) with NA
Replacing solvent molecule 35801 (atom 111449) with NA
Replacing solvent molecule 179546 (atom 542684) with NA
Replacing solvent molecule 156190 (atom 472616) with NA
Replacing solvent molecule 94498 (atom 287540) with NA
Replacing solvent molecule 23658 (atom 75020) with NA
Replacing solvent molecule 74178 (atom 226580) with NA
Replacing solvent molecule 101022 (atom 307112) with NA
Replacing solvent molecule 58381 (atom 179189) with NA
Replacing solvent molecule 16750 (atom 54296) with NA
Replacing solvent molecule 61661 (atom 189029) with NA
Replacing solvent molecule 62087 (atom 190307) with NA
Replacing solvent molecule 3408 (atom 14270) with NA
Replacing solvent molecule 93742 (atom 285272) with NA
Replacing solvent molecule 189382 (atom 572192) with NA
Replacing solvent molecule 105150 (atom 319496) with NA
Replacing solvent molecule 43920 (atom 135806) with NA
Replacing solvent molecule 193756 (atom 585314) with NA
Replacing solvent molecule 155202 (atom 469652) with NA
Replacing solvent molecule 58562 (atom 179732) with NA
Replacing solvent molecule 14298 (atom 46940) with NA
Replacing solvent molecule 9512 (atom 32582) with NA
Replacing solvent molecule 16200 (atom 52646) with NA
Replacing solvent molecule 149177 (atom 451577) with NA
Replacing solvent molecule 153027 (atom 463127) with NA
Replacing solvent molecule 182210 (atom 550676) with NA
Replacing solvent molecule 128298 (atom 388940) with NA
Replacing solvent molecule 55046 (atom 169184) with NA
Replacing solvent molecule 62626 (atom 191924) with NA
Replacing solvent molecule 187332 (atom 566042) with NA
Replacing solvent molecule 183287 (atom 553907) with NA
Replacing solvent molecule 94449 (atom 287393) with NA
Replacing solvent molecule 84240 (atom 256766) with NA
Replacing solvent molecule 174141 (atom 526469) with NA
Replacing solvent molecule 51888 (atom 159710) with NA
Replacing solvent molecule 50910 (atom 156776) with NA
Replacing solvent molecule 33692 (atom 105122) with NA
Replacing solvent molecule 169231 (atom 511739) with NA
Replacing solvent molecule 2191 (atom 10619) with NA
Replacing solvent molecule 92529 (atom 281633) with NA
Replacing solvent molecule 70871 (atom 216659) with NA
Replacing solvent molecule 136318 (atom 413000) with NA
Replacing solvent molecule 102134 (atom 310448) with NA
Replacing solvent molecule 120831 (atom 366539) with NA
Replacing solvent molecule 336 (atom 5054) with NA
Replacing solvent molecule 176453 (atom 533405) with NA
Replacing solvent molecule 66217 (atom 202697) with NA
Replacing solvent molecule 23287 (atom 73907) with NA
Replacing solvent molecule 160253 (atom 484805) with NA
Replacing solvent molecule 59627 (atom 182927) with NA
Replacing solvent molecule 181265 (atom 547841) with NA
Replacing solvent molecule 186804 (atom 564458) with NA
Replacing solvent molecule 80574 (atom 245768) with NA
Replacing solvent molecule 134000 (atom 406046) with NA
Replacing solvent molecule 41943 (atom 129875) with NA
Replacing solvent molecule 197123 (atom 595415) with NA
Replacing solvent molecule 171942 (atom 519872) with NA
Replacing solvent molecule 133905 (atom 405761) with NA
Replacing solvent molecule 69734 (atom 213248) with NA
Replacing solvent molecule 61347 (atom 188087) with NA
Replacing solvent molecule 13232 (atom 43742) with NA
Replacing solvent molecule 174831 (atom 528539) with NA
Replacing solvent molecule 119197 (atom 361637) with NA
Replacing solvent molecule 97731 (atom 297239) with NA
Replacing solvent molecule 18570 (atom 59756) with NA
Replacing solvent molecule 102421 (atom 311309) with NA
Replacing solvent molecule 74129 (atom 226433) with NA
Replacing solvent molecule 24902 (atom 78752) with NA
Replacing solvent molecule 158946 (atom 480884) with NA
Replacing solvent molecule 140985 (atom 427001) with NA
Replacing solvent molecule 64716 (atom 198194) with NA
Replacing solvent molecule 88470 (atom 269456) with NA
Replacing solvent molecule 16399 (atom 53243) with NA
Replacing solvent molecule 188801 (atom 570449) with NA
Replacing solvent molecule 100596 (atom 305834) with NA
Replacing solvent molecule 81121 (atom 247409) with NA
Replacing solvent molecule 181527 (atom 548627) with NA
Replacing solvent molecule 38797 (atom 120437) with NA
Replacing solvent molecule 147408 (atom 446270) with NA
Replacing solvent molecule 166147 (atom 502487) with NA
Replacing solvent molecule 13944 (atom 45878) with NA
Replacing solvent molecule 82862 (atom 252632) with NA
Replacing solvent molecule 32621 (atom 101909) with NA
Replacing solvent molecule 145839 (atom 441563) with NA
Replacing solvent molecule 100295 (atom 304931) with NA
Replacing solvent molecule 185749 (atom 561293) with NA
Replacing solvent molecule 109512 (atom 332582) with NA
Replacing solvent molecule 14333 (atom 47045) with NA
Replacing solvent molecule 174731 (atom 528239) with NA
Replacing solvent molecule 142598 (atom 431840) with NA
Replacing solvent molecule 75941 (atom 231869) with NA
Replacing solvent molecule 134384 (atom 407198) with NA
Replacing solvent molecule 130233 (atom 394745) with NA
Replacing solvent molecule 140939 (atom 426863) with NA
Replacing solvent molecule 193573 (atom 584765) with NA
Replacing solvent molecule 63898 (atom 195740) with NA
Replacing solvent molecule 187670 (atom 567056) with NA
Replacing solvent molecule 142081 (atom 430289) with NA
Replacing solvent molecule 18304 (atom 58958) with NA
Replacing solvent molecule 58533 (atom 179645) with NA
Replacing solvent molecule 34937 (atom 108857) with NA
Replacing solvent molecule 24120 (atom 76406) with NA
Replacing solvent molecule 104346 (atom 317084) with NA
Replacing solvent molecule 85206 (atom 259664) with NA
Replacing solvent molecule 71944 (atom 219878) with NA
Replacing solvent molecule 156320 (atom 473006) with NA
Replacing solvent molecule 123483 (atom 374495) with NA
Replacing solvent molecule 80009 (atom 244073) with NA
Replacing solvent molecule 184978 (atom 558980) with CL
Replacing solvent molecule 191327 (atom 578027) with CL
Replacing solvent molecule 104383 (atom 317195) with CL
Replacing solvent molecule 185395 (atom 560231) with CL
Replacing solvent molecule 38994 (atom 121028) with CL
Replacing solvent molecule 121713 (atom 369185) with CL
Replacing solvent molecule 35416 (atom 110294) with CL
Replacing solvent molecule 147083 (atom 445295) with CL
Replacing solvent molecule 160336 (atom 485054) with CL
Replacing solvent molecule 184345 (atom 557081) with CL
Replacing solvent molecule 17601 (atom 56849) with CL
Replacing solvent molecule 191503 (atom 578555) with CL
Replacing solvent molecule 171512 (atom 518582) with CL
Replacing solvent molecule 155903 (atom 471755) with CL
Replacing solvent molecule 20700 (atom 66146) with CL
Replacing solvent molecule 92119 (atom 280403) with CL
Replacing solvent molecule 29963 (atom 93935) with CL
Replacing solvent molecule 25992 (atom 82022) with CL
Replacing solvent molecule 171890 (atom 519716) with CL
Replacing solvent molecule 183697 (atom 555137) with CL
Replacing solvent molecule 95267 (atom 289847) with CL
Replacing solvent molecule 82403 (atom 251255) with CL
Replacing solvent molecule 141084 (atom 427298) with CL
Replacing solvent molecule 194511 (atom 587579) with CL
Replacing solvent molecule 47648 (atom 146990) with CL
Replacing solvent molecule 103721 (atom 315209) with CL
Replacing solvent molecule 51163 (atom 157535) with CL
Replacing solvent molecule 83141 (atom 253469) with CL
Replacing solvent molecule 100620 (atom 305906) with CL
Replacing solvent molecule 36852 (atom 114602) with CL
Replacing solvent molecule 91652 (atom 279002) with CL
Replacing solvent molecule 161376 (atom 488174) with CL
Replacing solvent molecule 97293 (atom 295925) with CL
Replacing solvent molecule 64067 (atom 196247) with CL
Replacing solvent molecule 174878 (atom 528680) with CL
Replacing solvent molecule 133204 (atom 403658) with CL
Replacing solvent molecule 69117 (atom 211397) with CL
Replacing solvent molecule 163394 (atom 494228) with CL
Replacing solvent molecule 181126 (atom 547424) with CL
Replacing solvent molecule 1976 (atom 9974) with CL
Replacing solvent molecule 189001 (atom 571049) with CL
Replacing solvent molecule 164468 (atom 497450) with CL
Replacing solvent molecule 83091 (atom 253319) with CL
Replacing solvent molecule 145648 (atom 440990) with CL
Replacing solvent molecule 164404 (atom 497258) with CL
Replacing solvent molecule 42630 (atom 131936) with CL
Replacing solvent molecule 43919 (atom 135803) with CL
Replacing solvent molecule 177548 (atom 536690) with CL
Replacing solvent molecule 3314 (atom 13988) with CL
Replacing solvent molecule 171858 (atom 519620) with CL
Replacing solvent molecule 165962 (atom 501932) with CL
Replacing solvent molecule 36772 (atom 114362) with CL
Replacing solvent molecule 7983 (atom 27995) with CL
Replacing solvent molecule 131628 (atom 398930) with CL
Replacing solvent molecule 135903 (atom 411755) with CL
Replacing solvent molecule 22600 (atom 71846) with CL
Replacing solvent molecule 169790 (atom 513416) with CL
Replacing solvent molecule 13097 (atom 43337) with CL
Replacing solvent molecule 173762 (atom 525332) with CL
Replacing solvent molecule 71733 (atom 219245) with CL
Replacing solvent molecule 51959 (atom 159923) with CL
Replacing solvent molecule 1403 (atom 8255) with CL
Replacing solvent molecule 41839 (atom 129563) with CL
Replacing solvent molecule 83633 (atom 254945) with CL
Replacing solvent molecule 36271 (atom 112859) with CL
Replacing solvent molecule 111082 (atom 337292) with CL
Replacing solvent molecule 40279 (atom 124883) with CL
Replacing solvent molecule 30358 (atom 95120) with CL
Replacing solvent molecule 194018 (atom 586100) with CL
Replacing solvent molecule 169381 (atom 512189) with CL
Replacing solvent molecule 160467 (atom 485447) with CL
Replacing solvent molecule 174962 (atom 528932) with CL
Replacing solvent molecule 142579 (atom 431783) with CL
Replacing solvent molecule 50479 (atom 155483) with CL
Replacing solvent molecule 150789 (atom 456413) with CL
Replacing solvent molecule 72949 (atom 222893) with CL
Replacing solvent molecule 135483 (atom 410495) with CL
Replacing solvent molecule 50400 (atom 155246) with CL
Replacing solvent molecule 138737 (atom 420257) with CL
Replacing solvent molecule 28932 (atom 90842) with CL
Replacing solvent molecule 145815 (atom 441491) with CL
Replacing solvent molecule 17773 (atom 57365) with CL
Replacing solvent molecule 60109 (atom 184373) with CL
Replacing solvent molecule 159835 (atom 483551) with CL
Replacing solvent molecule 61503 (atom 188555) with CL
Replacing solvent molecule 85937 (atom 261857) with CL
Replacing solvent molecule 184549 (atom 557693) with CL
Replacing solvent molecule 110375 (atom 335171) with CL
Replacing solvent molecule 171301 (atom 517949) with CL
Replacing solvent molecule 56396 (atom 173234) with CL
Replacing solvent molecule 113041 (atom 343169) with CL
Replacing solvent molecule 54185 (atom 166601) with CL
Replacing solvent molecule 177910 (atom 537776) with CL
Replacing solvent molecule 52362 (atom 161132) with CL
Replacing solvent molecule 134134 (atom 406448) with CL
Replacing solvent molecule 50164 (atom 154538) with CL
Replacing solvent molecule 161193 (atom 487625) with CL
Replacing solvent molecule 136622 (atom 413912) with CL
Replacing solvent molecule 160526 (atom 485624) with CL
Replacing solvent molecule 72252 (atom 220802) with CL
Replacing solvent molecule 190095 (atom 574331) with CL
Replacing solvent molecule 114524 (atom 347618) with CL
Replacing solvent molecule 29257 (atom 91817) with CL
Replacing solvent molecule 7320 (atom 26006) with CL
Replacing solvent molecule 152102 (atom 460352) with CL
Replacing solvent molecule 121278 (atom 367880) with CL
Replacing solvent molecule 75153 (atom 229505) with CL
Replacing solvent molecule 67132 (atom 205442) with CL
Replacing solvent molecule 122866 (atom 372644) with CL
Replacing solvent molecule 8550 (atom 29696) with CL
Replacing solvent molecule 16371 (atom 53159) with CL
Replacing solvent molecule 196975 (atom 594971) with CL
Replacing solvent molecule 64330 (atom 197036) with CL
Replacing solvent molecule 14475 (atom 47471) with CL
Replacing solvent molecule 27276 (atom 85874) with CL
Replacing solvent molecule 136123 (atom 412415) with CL
Replacing solvent molecule 97297 (atom 295937) with CL
Replacing solvent molecule 112153 (atom 340505) with CL
Replacing solvent molecule 32474 (atom 101468) with CL
Replacing solvent molecule 46286 (atom 142904) with CL
Replacing solvent molecule 104202 (atom 316652) with CL
Replacing solvent molecule 83373 (atom 254165) with CL
Replacing solvent molecule 77891 (atom 237719) with CL
Replacing solvent molecule 85428 (atom 260330) with CL
Replacing solvent molecule 38850 (atom 120596) with CL
Replacing solvent molecule 88306 (atom 268964) with CL
Replacing solvent molecule 28519 (atom 89603) with CL
Replacing solvent molecule 87589 (atom 266813) with CL
Replacing solvent molecule 16091 (atom 52319) with CL
Replacing solvent molecule 19213 (atom 61685) with CL
Replacing solvent molecule 18604 (atom 59858) with CL
Replacing solvent molecule 152535 (atom 461651) with CL
Replacing solvent molecule 76045 (atom 232181) with CL
Replacing solvent molecule 14896 (atom 48734) with CL
Replacing solvent molecule 147894 (atom 447728) with CL
Replacing solvent molecule 29489 (atom 92513) with CL
Replacing solvent molecule 169383 (atom 512195) with CL
Replacing solvent molecule 155020 (atom 469106) with CL
Replacing solvent molecule 148694 (atom 450128) with CL
Replacing solvent molecule 111085 (atom 337301) with CL
Replacing solvent molecule 172675 (atom 522071) with CL
Replacing solvent molecule 4273 (atom 16865) with CL
Replacing solvent molecule 49239 (atom 151763) with CL
Replacing solvent molecule 151808 (atom 459470) with CL
Replacing solvent molecule 37476 (atom 116474) with CL
Replacing solvent molecule 49169 (atom 151553) with CL
Replacing solvent molecule 170425 (atom 515321) with CL
Replacing solvent molecule 69815 (atom 213491) with CL
Replacing solvent molecule 161745 (atom 489281) with CL
Replacing solvent molecule 144616 (atom 437894) with CL
Replacing solvent molecule 190286 (atom 574904) with CL
Replacing solvent molecule 31878 (atom 99680) with CL
Replacing solvent molecule 93009 (atom 283073) with CL
Replacing solvent molecule 27194 (atom 85628) with CL
Replacing solvent molecule 60427 (atom 185327) with CL
Replacing solvent molecule 87973 (atom 267965) with CL
Replacing solvent molecule 125427 (atom 380327) with CL
Replacing solvent molecule 68908 (atom 210770) with CL
Replacing solvent molecule 63344 (atom 194078) with CL
Replacing solvent molecule 133562 (atom 404732) with CL
Replacing solvent molecule 97954 (atom 297908) with CL
Replacing solvent molecule 56437 (atom 173357) with CL
Replacing solvent molecule 157568 (atom 476750) with CL
Replacing solvent molecule 51973 (atom 159965) with CL
Replacing solvent molecule 117824 (atom 357518) with CL
Replacing solvent molecule 78669 (atom 240053) with CL
Replacing solvent molecule 67059 (atom 205223) with CL
Replacing solvent molecule 8109 (atom 28373) with CL
Replacing solvent molecule 157743 (atom 477275) with CL
Replacing solvent molecule 142080 (atom 430286) with CL
Replacing solvent molecule 78846 (atom 240584) with CL
Replacing solvent molecule 126369 (atom 383153) with CL
Replacing solvent molecule 102513 (atom 311585) with CL
Replacing solvent molecule 81572 (atom 248762) with CL
Replacing solvent molecule 175302 (atom 529952) with CL
Replacing solvent molecule 138972 (atom 420962) with CL
Replacing solvent molecule 137726 (atom 417224) with CL
Replacing solvent molecule 177271 (atom 535859) with CL
Replacing solvent molecule 56213 (atom 172685) with CL
Replacing solvent molecule 166094 (atom 502328) with CL
Replacing solvent molecule 5899 (atom 21743) with CL
Replacing solvent molecule 123605 (atom 374861) with CL
Replacing solvent molecule 38412 (atom 119282) with CL
Replacing solvent molecule 179784 (atom 543398) with CL
Replacing solvent molecule 98352 (atom 299102) with CL
Replacing solvent molecule 100404 (atom 305258) with CL
Replacing solvent molecule 75682 (atom 231092) with CL
Replacing solvent molecule 110021 (atom 334109) with CL
Replacing solvent molecule 83553 (atom 254705) with CL
Replacing solvent molecule 182701 (atom 552149) with CL
Replacing solvent molecule 115550 (atom 350696) with CL
Replacing solvent molecule 44821 (atom 138509) with CL
Replacing solvent molecule 180498 (atom 545540) with CL
Replacing solvent molecule 107426 (atom 326324) with CL
Replacing solvent molecule 166284 (atom 502898) with CL
Replacing solvent molecule 32810 (atom 102476) with CL
Replacing solvent molecule 24043 (atom 76175) with CL
Replacing solvent molecule 188350 (atom 569096) with CL
Replacing solvent molecule 25579 (atom 80783) with CL
Replacing solvent molecule 162485 (atom 491501) with CL
Replacing solvent molecule 162855 (atom 492611) with CL
Replacing solvent molecule 37179 (atom 115583) with CL
Replacing solvent molecule 33540 (atom 104666) with CL
Replacing solvent molecule 77781 (atom 237389) with CL
Replacing solvent molecule 173215 (atom 523691) with CL
Replacing solvent molecule 192791 (atom 582419) with CL
Replacing solvent molecule 129726 (atom 393224) with CL
Replacing solvent molecule 132492 (atom 401522) with CL
Replacing solvent molecule 95815 (atom 291491) with CL
Replacing solvent molecule 162952 (atom 492902) with CL
Replacing solvent molecule 144234 (atom 436748) with CL
Replacing solvent molecule 187978 (atom 567980) with CL
Replacing solvent molecule 47496 (atom 146534) with CL
Replacing solvent molecule 6251 (atom 22799) with CL
Replacing solvent molecule 35057 (atom 109217) with CL
Replacing solvent molecule 150846 (atom 456584) with CL
Replacing solvent molecule 134343 (atom 407075) with CL
Replacing solvent molecule 40308 (atom 124970) with CL
Replacing solvent molecule 125110 (atom 379376) with CL
Replacing solvent molecule 182648 (atom 551990) with CL
Replacing solvent molecule 166 (atom 4544) with CL
Replacing solvent molecule 62062 (atom 190232) with CL
Replacing solvent molecule 39031 (atom 121139) with CL
Replacing solvent molecule 174172 (atom 526562) with CL
Replacing solvent molecule 86485 (atom 263501) with CL
Replacing solvent molecule 107888 (atom 327710) with CL
Replacing solvent molecule 7427 (atom 26327) with CL
Replacing solvent molecule 106962 (atom 324932) with CL
Replacing solvent molecule 193637 (atom 584957) with CL
Replacing solvent molecule 42832 (atom 132542) with CL
Replacing solvent molecule 11938 (atom 39860) with CL
Replacing solvent molecule 2049 (atom 10193) with CL
Replacing solvent molecule 129023 (atom 391115) with CL
Replacing solvent molecule 183130 (atom 553436) with CL
Replacing solvent molecule 37059 (atom 115223) with CL
Replacing solvent molecule 143798 (atom 435440) with CL
Replacing solvent molecule 147279 (atom 445883) with CL
Replacing solvent molecule 58986 (atom 181004) with CL
Replacing solvent molecule 15713 (atom 51185) with CL
Replacing solvent molecule 165946 (atom 501884) with CL
Replacing solvent molecule 96348 (atom 293090) with CL
Replacing solvent molecule 184787 (atom 558407) with CL
Replacing solvent molecule 32067 (atom 100247) with CL
Replacing solvent molecule 136775 (atom 414371) with CL
Replacing solvent molecule 187686 (atom 567104) with CL
Replacing solvent molecule 125360 (atom 380126) with CL
Replacing solvent molecule 60550 (atom 185696) with CL
Replacing solvent molecule 158058 (atom 478220) with CL
Replacing solvent molecule 13870 (atom 45656) with CL
Replacing solvent molecule 98562 (atom 299732) with CL
Replacing solvent molecule 129509 (atom 392573) with CL
Replacing solvent molecule 86077 (atom 262277) with CL
Replacing solvent molecule 69604 (atom 212858) with CL
Replacing solvent molecule 110993 (atom 337025) with CL
Replacing solvent molecule 44340 (atom 137066) with CL
Replacing solvent molecule 59061 (atom 181229) with CL
Replacing solvent molecule 165785 (atom 501401) with CL
Replacing solvent molecule 194116 (atom 586394) with CL
Replacing solvent molecule 113617 (atom 344897) with CL
Replacing solvent molecule 185193 (atom 559625) with CL
Replacing solvent molecule 59412 (atom 182282) with CL
Replacing solvent molecule 153889 (atom 465713) with CL
Replacing solvent molecule 186867 (atom 564647) with CL
Replacing solvent molecule 48222 (atom 148712) with CL
Replacing solvent molecule 129080 (atom 391286) with CL
Replacing solvent molecule 64559 (atom 197723) with CL
Replacing solvent molecule 62526 (atom 191624) with CL
Replacing solvent molecule 113605 (atom 344861) with CL
Replacing solvent molecule 169755 (atom 513311) with CL
Replacing solvent molecule 26505 (atom 83561) with CL
Replacing solvent molecule 23814 (atom 75488) with CL
Replacing solvent molecule 59868 (atom 183650) with CL
Replacing solvent molecule 149787 (atom 453407) with CL
Replacing solvent molecule 148285 (atom 448901) with CL
Replacing solvent molecule 59791 (atom 183419) with CL
Replacing solvent molecule 25572 (atom 80762) with CL
Replacing solvent molecule 99040 (atom 301166) with CL
Replacing solvent molecule 25324 (atom 80018) with CL
Replacing solvent molecule 183933 (atom 555845) with CL
Replacing solvent molecule 119506 (atom 362564) with CL
Replacing solvent molecule 151034 (atom 457148) with CL
Replacing solvent molecule 154238 (atom 466760) with CL
Replacing solvent molecule 9127 (atom 31427) with CL
Replacing solvent molecule 106818 (atom 324500) with CL
Replacing solvent molecule 9952 (atom 33902) with CL
Replacing solvent molecule 103394 (atom 314228) with CL
Replacing solvent molecule 118390 (atom 359216) with CL
Replacing solvent molecule 176784 (atom 534398) with CL
Replacing solvent molecule 184244 (atom 556778) with CL
Replacing solvent molecule 52490 (atom 161516) with CL
Replacing solvent molecule 143829 (atom 435533) with CL
Replacing solvent molecule 42482 (atom 131492) with CL
Replacing solvent molecule 128705 (atom 390161) with CL
Replacing solvent molecule 182079 (atom 550283) with CL
Replacing solvent molecule 40520 (atom 125606) with CL
Replacing solvent molecule 148960 (atom 450926) with CL
Replacing solvent molecule 8052 (atom 28202) with CL
Replacing solvent molecule 84658 (atom 258020) with CL
Replacing solvent molecule 194586 (atom 587804) with CL
Replacing solvent molecule 126555 (atom 383711) with CL
Replacing solvent molecule 192090 (atom 580316) with CL
Replacing solvent molecule 131221 (atom 397709) with CL
Replacing solvent molecule 178147 (atom 538487) with CL
Replacing solvent molecule 15801 (atom 51449) with CL
Replacing solvent molecule 195091 (atom 589319) with CL
Replacing solvent molecule 135885 (atom 411701) with CL
Replacing solvent molecule 187736 (atom 567254) with CL
Replacing solvent molecule 156498 (atom 473540) with CL
Replacing solvent molecule 52032 (atom 160142) with CL
Replacing solvent molecule 175567 (atom 530747) with CL
Replacing solvent molecule 177877 (atom 537677) with CL
Replacing solvent molecule 193808 (atom 585470) with CL
Replacing solvent molecule 8774 (atom 30368) with CL
Replacing solvent molecule 20384 (atom 65198) with CL
Replacing solvent molecule 86919 (atom 264803) with CL
Replacing solvent molecule 89044 (atom 271178) with CL
Replacing solvent molecule 138963 (atom 420935) with CL
Replacing solvent molecule 169468 (atom 512450) with CL
Replacing solvent molecule 148981 (atom 450989) with CL
Replacing solvent molecule 179868 (atom 543650) with CL
Replacing solvent molecule 71430 (atom 218336) with CL
Replacing solvent molecule 41444 (atom 128378) with CL
Replacing solvent molecule 173955 (atom 525911) with CL
Replacing solvent molecule 184083 (atom 556295) with CL
Replacing solvent molecule 54721 (atom 168209) with CL
Replacing solvent molecule 112970 (atom 342956) with CL
Replacing solvent molecule 22779 (atom 72383) with CL
Replacing solvent molecule 177553 (atom 536705) with CL
Replacing solvent molecule 182409 (atom 551273) with CL
Replacing solvent molecule 163988 (atom 496010) with CL
Replacing solvent molecule 160082 (atom 484292) with CL
Replacing solvent molecule 108713 (atom 330185) with CL
Replacing solvent molecule 168952 (atom 510902) with CL
Replacing solvent molecule 116314 (atom 352988) with CL
Replacing solvent molecule 74539 (atom 227663) with CL
Replacing solvent molecule 142388 (atom 431210) with CL
Replacing solvent molecule 167876 (atom 507674) with CL
Replacing solvent molecule 169466 (atom 512444) with CL
Replacing solvent molecule 113124 (atom 343418) with CL
Replacing solvent molecule 79680 (atom 243086) with CL
Replacing solvent molecule 161175 (atom 487571) with CL
Replacing solvent molecule 130896 (atom 396734) with CL
Replacing solvent molecule 82204 (atom 250658) with CL
Replacing solvent molecule 182617 (atom 551897) with CL
Replacing solvent molecule 78502 (atom 239552) with CL
Replacing solvent molecule 85813 (atom 261485) with CL
Replacing solvent molecule 67603 (atom 206855) with CL
Replacing solvent molecule 186162 (atom 562532) with CL
Replacing solvent molecule 29993 (atom 94025) with CL
Replacing solvent molecule 94857 (atom 288617) with CL
Replacing solvent molecule 158287 (atom 478907) with CL
Replacing solvent molecule 164371 (atom 497159) with CL
Replacing solvent molecule 22524 (atom 71618) with CL
Replacing solvent molecule 37765 (atom 117341) with CL
Replacing solvent molecule 42075 (atom 130271) with CL
Replacing solvent molecule 133806 (atom 405464) with CL
Replacing solvent molecule 64532 (atom 197642) with CL
Replacing solvent molecule 41959 (atom 129923) with CL
Replacing solvent molecule 183147 (atom 553487) with CL
Replacing solvent molecule 194040 (atom 586166) with CL
Replacing solvent molecule 182165 (atom 550541) with CL
Replacing solvent molecule 65580 (atom 200786) with CL
Replacing solvent molecule 598 (atom 5840) with CL
Replacing solvent molecule 178730 (atom 540236) with CL
Replacing solvent molecule 117044 (atom 355178) with CL
Replacing solvent molecule 146493 (atom 443525) with CL
Replacing solvent molecule 175096 (atom 529334) with CL
Replacing solvent molecule 54621 (atom 167909) with CL
Replacing solvent molecule 124591 (atom 377819) with CL
Replacing solvent molecule 83991 (atom 256019) with CL
Replacing solvent molecule 67734 (atom 207248) with CL
Replacing solvent molecule 68288 (atom 208910) with CL
Replacing solvent molecule 70622 (atom 215912) with CL
Replacing solvent molecule 38702 (atom 120152) with CL
Replacing solvent molecule 189200 (atom 571646) with CL
Replacing solvent molecule 182022 (atom 550112) with CL
Replacing solvent molecule 144581 (atom 437789) with CL
Replacing solvent molecule 76955 (atom 234911) with CL
Replacing solvent molecule 190706 (atom 576164) with CL
Replacing solvent molecule 132333 (atom 401045) with CL
Replacing solvent molecule 115245 (atom 349781) with CL
Replacing solvent molecule 107671 (atom 327059) with CL
Replacing solvent molecule 176317 (atom 532997) with CL
Replacing solvent molecule 22875 (atom 72671) with CL
Replacing solvent molecule 174594 (atom 527828) with CL
Replacing solvent molecule 163597 (atom 494837) with CL
Replacing solvent molecule 10141 (atom 34469) with CL
Replacing solvent molecule 128647 (atom 389987) with CL
Replacing solvent molecule 85823 (atom 261515) with CL
Replacing solvent molecule 28748 (atom 90290) with CL
Replacing solvent molecule 182539 (atom 551663) with CL
Replacing solvent molecule 2767 (atom 12347) with CL
Replacing solvent molecule 1817 (atom 9497) with CL
Replacing solvent molecule 90946 (atom 276884) with CL
Replacing solvent molecule 48221 (atom 148709) with CL
Replacing solvent molecule 103277 (atom 313877) with CL
Replacing solvent molecule 30237 (atom 94757) with CL
Replacing solvent molecule 103296 (atom 313934) with CL
Replacing solvent molecule 170588 (atom 515810) with CL
Replacing solvent molecule 45332 (atom 140042) with CL
Replacing solvent molecule 77226 (atom 235724) with CL
Replacing solvent molecule 15602 (atom 50852) with CL
Replacing solvent molecule 87205 (atom 265661) with CL
Replacing solvent molecule 128167 (atom 388547) with CL
Replacing solvent molecule 24096 (atom 76334) with CL
Replacing solvent molecule 54781 (atom 168389) with CL
Replacing solvent molecule 78427 (atom 239327) with CL
Replacing solvent molecule 98007 (atom 298067) with CL
Replacing solvent molecule 64698 (atom 198140) with CL
Replacing solvent molecule 70457 (atom 215417) with CL
Replacing solvent molecule 142796 (atom 432434) with CL
Replacing solvent molecule 182915 (atom 552791) with CL
Replacing solvent molecule 122658 (atom 372020) with CL
Replacing solvent molecule 85839 (atom 261563) with CL
Replacing solvent molecule 80044 (atom 244178) with CL
Replacing solvent molecule 117907 (atom 357767) with CL
Replacing solvent molecule 49097 (atom 151337) with CL
Replacing solvent molecule 152176 (atom 460574) with CL
Replacing solvent molecule 31934 (atom 99848) with CL
Replacing solvent molecule 39712 (atom 123182) with CL
Replacing solvent molecule 119327 (atom 362027) with CL
Replacing solvent molecule 55756 (atom 171314) with CL
Replacing solvent molecule 150878 (atom 456680) with CL
Replacing solvent molecule 159812 (atom 483482) with CL
Replacing solvent molecule 160716 (atom 486194) with CL
Replacing solvent molecule 79850 (atom 243596) with CL
Replacing solvent molecule 9891 (atom 33719) with CL
Replacing solvent molecule 4144 (atom 16478) with CL
Replacing solvent molecule 186935 (atom 564851) with CL
Replacing solvent molecule 50587 (atom 155807) with CL
Replacing solvent molecule 110251 (atom 334799) with CL
Replacing solvent molecule 46408 (atom 143270) with CL
Replacing solvent molecule 10741 (atom 36269) with CL
Replacing solvent molecule 55402 (atom 170252) with CL
Replacing solvent molecule 190606 (atom 575864) with CL
Replacing solvent molecule 45594 (atom 140828) with CL
Replacing solvent molecule 68892 (atom 210722) with CL
Replacing solvent molecule 76 (atom 4274) with CL
Replacing solvent molecule 99993 (atom 304025) with CL
Replacing solvent molecule 96129 (atom 292433) with CL
Replacing solvent molecule 68103 (atom 208355) with CL
Replacing solvent molecule 154403 (atom 467255) with CL
Replacing solvent molecule 3564 (atom 14738) with CL
Replacing solvent molecule 178879 (atom 540683) with CL
Replacing solvent molecule 144510 (atom 437576) with CL
Replacing solvent molecule 120359 (atom 365123) with CL
Replacing solvent molecule 7815 (atom 27491) with CL
Replacing solvent molecule 100280 (atom 304886) with CL
Replacing solvent molecule 189699 (atom 573143) with CL
Replacing solvent molecule 168582 (atom 509792) with CL
Replacing solvent molecule 104312 (atom 316982) with CL
Replacing solvent molecule 31635 (atom 98951) with CL
Replacing solvent molecule 97413 (atom 296285) with CL
Replacing solvent molecule 87692 (atom 267122) with CL
Replacing solvent molecule 1591 (atom 8819) with CL
Replacing solvent molecule 173341 (atom 524069) with CL
Replacing solvent molecule 135059 (atom 409223) with CL
Replacing solvent molecule 167395 (atom 506231) with CL
Replacing solvent molecule 96754 (atom 294308) with CL
Replacing solvent molecule 88985 (atom 271001) with CL
Replacing solvent molecule 17609 (atom 56873) with CL
Replacing solvent molecule 61206 (atom 187664) with CL
Replacing solvent molecule 174759 (atom 528323) with CL
Replacing solvent molecule 83647 (atom 254987) with CL
Replacing solvent molecule 196579 (atom 593783) with CL
Replacing solvent molecule 170383 (atom 515195) with CL
Replacing solvent molecule 19965 (atom 63941) with CL
Replacing solvent molecule 115495 (atom 350531) with CL
Replacing solvent molecule 37874 (atom 117668) with CL
Replacing solvent molecule 174283 (atom 526895) with CL
Replacing solvent molecule 100871 (atom 306659) with CL
Replacing solvent molecule 34250 (atom 106796) with CL
Replacing solvent molecule 156478 (atom 473480) with CL
Replacing solvent molecule 20959 (atom 66923) with CL
Replacing solvent molecule 121558 (atom 368720) with CL
Replacing solvent molecule 53877 (atom 165677) with CL
Replacing solvent molecule 32741 (atom 102269) with CL
Replacing solvent molecule 89960 (atom 273926) with CL
Replacing solvent molecule 58740 (atom 180266) with CL
Replacing solvent molecule 177433 (atom 536345) with CL
Replacing solvent molecule 125774 (atom 381368) with CL
Replacing solvent molecule 175596 (atom 530834) with CL
Replacing solvent molecule 165020 (atom 499106) with CL
Replacing solvent molecule 103981 (atom 315989) with CL
Replacing solvent molecule 132290 (atom 400916) with CL
Replacing solvent molecule 87065 (atom 265241) with CL
Replacing solvent molecule 105642 (atom 320972) with CL
Replacing solvent molecule 80797 (atom 246437) with CL
Replacing solvent molecule 115084 (atom 349298) with CL
Replacing solvent molecule 166992 (atom 505022) with CL
Replacing solvent molecule 30915 (atom 96791) with CL
Replacing solvent molecule 52068 (atom 160250) with CL
Replacing solvent molecule 179113 (atom 541385) with CL
Replacing solvent molecule 169427 (atom 512327) with CL
Replacing solvent molecule 162947 (atom 492887) with CL
Replacing solvent molecule 101761 (atom 309329) with CL
Replacing solvent molecule 63403 (atom 194255) with CL
Replacing solvent molecule 52646 (atom 161984) with CL
Replacing solvent molecule 31678 (atom 99080) with CL
Replacing solvent molecule 91787 (atom 279407) with CL
Replacing solvent molecule 183067 (atom 553247) with CL
Replacing solvent molecule 72067 (atom 220247) with CL
Replacing solvent molecule 70583 (atom 215795) with CL
Replacing solvent molecule 169898 (atom 513740) with CL
Replacing solvent molecule 31654 (atom 99008) with CL
Replacing solvent molecule 110400 (atom 335246) with CL
Replacing solvent molecule 14873 (atom 48665) with CL
Replacing solvent molecule 181023 (atom 547115) with CL
Replacing solvent molecule 110514 (atom 335588) with CL
Replacing solvent molecule 193131 (atom 583439) with CL
Replacing solvent molecule 95799 (atom 291443) with CL
Replacing solvent molecule 49525 (atom 152621) with CL
Replacing solvent molecule 166616 (atom 503894) with CL
Replacing solvent molecule 32735 (atom 102251) with CL
Replacing solvent molecule 103777 (atom 315377) with CL
Replacing solvent molecule 52348 (atom 161090) with CL
Replacing solvent molecule 44663 (atom 138035) with CL
Replacing solvent molecule 64285 (atom 196901) with CL
Replacing solvent molecule 149974 (atom 453968) with CL
Replacing solvent molecule 20934 (atom 66848) with CL
Replacing solvent molecule 6678 (atom 24080) with CL
Replacing solvent molecule 39353 (atom 122105) with CL
Replacing solvent molecule 148511 (atom 449579) with CL
Replacing solvent molecule 74076 (atom 226274) with CL
Replacing solvent molecule 189054 (atom 571208) with CL
Replacing solvent molecule 11345 (atom 38081) with CL
Replacing solvent molecule 66898 (atom 204740) with CL
Replacing solvent molecule 32668 (atom 102050) with CL
Replacing solvent molecule 93357 (atom 284117) with CL
Replacing solvent molecule 91175 (atom 277571) with CL
Replacing solvent molecule 68385 (atom 209201) with CL
Replacing solvent molecule 66941 (atom 204869) with CL
Replacing solvent molecule 88450 (atom 269396) with CL
Replacing solvent molecule 43719 (atom 135203) with CL
Replacing solvent molecule 91198 (atom 277640) with CL
Replacing solvent molecule 1931 (atom 9839) with CL
Replacing solvent molecule 155778 (atom 471380) with CL
Replacing solvent molecule 41984 (atom 129998) with CL
Replacing solvent molecule 122955 (atom 372911) with CL
Replacing solvent molecule 188751 (atom 570299) with CL
Replacing solvent molecule 106257 (atom 322817) with CL
Replacing solvent molecule 190383 (atom 575195) with CL
Replacing solvent molecule 100521 (atom 305609) with CL
Replacing solvent molecule 38682 (atom 120092) with CL
Replacing solvent molecule 84838 (atom 258560) with CL
Replacing solvent molecule 40197 (atom 124637) with CL


Back Off! I just backed up solvated_ions.gro to ./#solvated_ions.gro.1#

GROMACS reminds you: "Don't Push Me, Cause I'm Close to the Edge" (Tricky)

