                      :-) GROMACS - gmx genion, 2026.1 (-:

Executable:   /usr/local/gromacs/bin/gmx
Data prefix:  /usr/local/gromacs
Working dir:  /Users/af25016/projects/ligand_rbfe/data/inputs/ligands/ligand_2
Command line:
  gmx genion -s ions.tpr -o solvated_ions.gro -p solvated.top -neutral -conc 0.150000

Reading file ions.tpr, VERSION 2026.1 (single precision)
Reading file ions.tpr, VERSION 2026.1 (single precision)
Group     0 (         System) has 206677 elements
Group     1 (          Other) has    28 elements
Group     2 (            MOL) has    28 elements
Group     3 (          Water) has 206649 elements
Group     4 (            SOL) has 206649 elements
Group     5 (      non-Water) has    28 elements
Select a group: Number of (3-atomic) solvent molecules: 68883

Back Off! I just backed up solvated.top to ./#solvated.top.1#
Using random seed -71344257.
Replacing solvent molecule 61691 (atom 185101) with NA
Replacing solvent molecule 68677 (atom 206059) with NA
Replacing solvent molecule 52558 (atom 157702) with NA
Replacing solvent molecule 20044 (atom 60160) with NA
Replacing solvent molecule 21960 (atom 65908) with NA
Replacing solvent molecule 41655 (atom 124993) with NA
Replacing solvent molecule 50086 (atom 150286) with NA
Replacing solvent molecule 65653 (atom 196987) with NA
Replacing solvent molecule 49317 (atom 147979) with NA
Replacing solvent molecule 50246 (atom 150766) with NA
Replacing solvent molecule 8014 (atom 24070) with NA
Replacing solvent molecule 57179 (atom 171565) with NA
Replacing solvent molecule 20690 (atom 62098) with NA
Replacing solvent molecule 37020 (atom 111088) with NA
Replacing solvent molecule 22980 (atom 68968) with NA
Replacing solvent molecule 32510 (atom 97558) with NA
Replacing solvent molecule 62891 (atom 188701) with NA
Replacing solvent molecule 43265 (atom 129823) with NA
Replacing solvent molecule 18194 (atom 54610) with NA
Replacing solvent molecule 35634 (atom 106930) with NA
Replacing solvent molecule 14094 (atom 42310) with NA
Replacing solvent molecule 12849 (atom 38575) with NA
Replacing solvent molecule 66054 (atom 198190) with NA
Replacing solvent molecule 25177 (atom 75559) with NA
Replacing solvent molecule 33149 (atom 99475) with NA
Replacing solvent molecule 12995 (atom 39013) with NA
Replacing solvent molecule 10205 (atom 30643) with NA
Replacing solvent molecule 48120 (atom 144388) with NA
Replacing solvent molecule 23047 (atom 69169) with NA
Replacing solvent molecule 46905 (atom 140743) with NA
Replacing solvent molecule 37672 (atom 113044) with NA
Replacing solvent molecule 40090 (atom 120298) with NA
Replacing solvent molecule 44430 (atom 133318) with NA
Replacing solvent molecule 41580 (atom 124768) with NA
Replacing solvent molecule 64395 (atom 193213) with NA
Replacing solvent molecule 10510 (atom 31558) with NA
Replacing solvent molecule 68287 (atom 204889) with NA
Replacing solvent molecule 4752 (atom 14284) with NA
Replacing solvent molecule 43166 (atom 129526) with NA
Replacing solvent molecule 31646 (atom 94966) with NA
Replacing solvent molecule 50495 (atom 151513) with NA
Replacing solvent molecule 15690 (atom 47098) with NA
Replacing solvent molecule 30552 (atom 91684) with NA
Replacing solvent molecule 41315 (atom 123973) with NA
Replacing solvent molecule 50338 (atom 151042) with NA
Replacing solvent molecule 54637 (atom 163939) with NA
Replacing solvent molecule 27501 (atom 82531) with NA
Replacing solvent molecule 65807 (atom 197449) with NA
Replacing solvent molecule 36577 (atom 109759) with NA
Replacing solvent molecule 62841 (atom 188551) with NA
Replacing solvent molecule 24985 (atom 74983) with NA
Replacing solvent molecule 58041 (atom 174151) with NA
Replacing solvent molecule 10708 (atom 32152) with NA
Replacing solvent molecule 43797 (atom 131419) with NA
Replacing solvent molecule 36990 (atom 110998) with NA
Replacing solvent molecule 65505 (atom 196543) with NA
Replacing solvent molecule 19221 (atom 57691) with NA
Replacing solvent molecule 66656 (atom 199996) with NA
Replacing solvent molecule 17795 (atom 53413) with NA
Replacing solvent molecule 62259 (atom 186805) with NA
Replacing solvent molecule 27949 (atom 83875) with NA
Replacing solvent molecule 67973 (atom 203947) with NA
Replacing solvent molecule 58254 (atom 174790) with NA
Replacing solvent molecule 36287 (atom 108889) with NA
Replacing solvent molecule 62671 (atom 188041) with NA
Replacing solvent molecule 58774 (atom 176350) with NA
Replacing solvent molecule 10468 (atom 31432) with NA
Replacing solvent molecule 61224 (atom 183700) with NA
Replacing solvent molecule 47489 (atom 142495) with NA
Replacing solvent molecule 36189 (atom 108595) with NA
Replacing solvent molecule 9062 (atom 27214) with NA
Replacing solvent molecule 66129 (atom 198415) with NA
Replacing solvent molecule 15149 (atom 45475) with NA
Replacing solvent molecule 51812 (atom 155464) with NA
Replacing solvent molecule 68709 (atom 206155) with NA
Replacing solvent molecule 26499 (atom 79525) with NA
Replacing solvent molecule 7660 (atom 23008) with NA
Replacing solvent molecule 36979 (atom 110965) with NA
Replacing solvent molecule 25761 (atom 77311) with NA
Replacing solvent molecule 20521 (atom 61591) with NA
Replacing solvent molecule 42684 (atom 128080) with NA
Replacing solvent molecule 33881 (atom 101671) with NA
Replacing solvent molecule 44486 (atom 133486) with NA
Replacing solvent molecule 61171 (atom 183541) with NA
Replacing solvent molecule 3615 (atom 10873) with NA
Replacing solvent molecule 64754 (atom 194290) with NA
Replacing solvent molecule 37217 (atom 111679) with NA
Replacing solvent molecule 14209 (atom 42655) with NA
Replacing solvent molecule 49201 (atom 147631) with NA
Replacing solvent molecule 56997 (atom 171019) with NA
Replacing solvent molecule 31229 (atom 93715) with NA
Replacing solvent molecule 50881 (atom 152671) with NA
Replacing solvent molecule 1324 (atom 4000) with NA
Replacing solvent molecule 44671 (atom 134041) with NA
Replacing solvent molecule 30212 (atom 90664) with NA
Replacing solvent molecule 29303 (atom 87937) with NA
Replacing solvent molecule 14747 (atom 44269) with NA
Replacing solvent molecule 37824 (atom 113500) with NA
Replacing solvent molecule 9053 (atom 27187) with NA
Replacing solvent molecule 55647 (atom 166969) with NA
Replacing solvent molecule 46591 (atom 139801) with NA
Replacing solvent molecule 65825 (atom 197503) with NA
Replacing solvent molecule 51806 (atom 155446) with NA
Replacing solvent molecule 52863 (atom 158617) with NA
Replacing solvent molecule 9766 (atom 29326) with NA
Replacing solvent molecule 63388 (atom 190192) with NA
Replacing solvent molecule 63037 (atom 189139) with NA
Replacing solvent molecule 66957 (atom 200899) with NA
Replacing solvent molecule 3567 (atom 10729) with NA
Replacing solvent molecule 38572 (atom 115744) with NA
Replacing solvent molecule 1148 (atom 3472) with NA
Replacing solvent molecule 21727 (atom 65209) with NA
Replacing solvent molecule 44095 (atom 132313) with NA
Replacing solvent molecule 11868 (atom 35632) with NA
Replacing solvent molecule 24245 (atom 72763) with NA
Replacing solvent molecule 7772 (atom 23344) with NA
Replacing solvent molecule 18627 (atom 55909) with NA
Replacing solvent molecule 65754 (atom 197290) with NA
Replacing solvent molecule 68042 (atom 204154) with NA
Replacing solvent molecule 54336 (atom 163036) with NA
Replacing solvent molecule 62214 (atom 186670) with NA
Replacing solvent molecule 10240 (atom 30748) with NA
Replacing solvent molecule 56722 (atom 170194) with NA
Replacing solvent molecule 67122 (atom 201394) with NA
Replacing solvent molecule 25913 (atom 77767) with NA
Replacing solvent molecule 58436 (atom 175336) with NA
Replacing solvent molecule 11447 (atom 34369) with NA
Replacing solvent molecule 38486 (atom 115486) with NA
Replacing solvent molecule 58296 (atom 174916) with NA
Replacing solvent molecule 62907 (atom 188749) with NA
Replacing solvent molecule 67428 (atom 202312) with NA
Replacing solvent molecule 18324 (atom 55000) with NA
Replacing solvent molecule 42675 (atom 128053) with NA
Replacing solvent molecule 60756 (atom 182296) with NA
Replacing solvent molecule 28843 (atom 86557) with NA
Replacing solvent molecule 4384 (atom 13180) with NA
Replacing solvent molecule 51901 (atom 155731) with NA
Replacing solvent molecule 5609 (atom 16855) with NA
Replacing solvent molecule 14971 (atom 44941) with NA
Replacing solvent molecule 19264 (atom 57820) with NA
Replacing solvent molecule 47866 (atom 143626) with NA
Replacing solvent molecule 26266 (atom 78826) with NA
Replacing solvent molecule 5442 (atom 16354) with NA
Replacing solvent molecule 23949 (atom 71875) with NA
Replacing solvent molecule 9901 (atom 29731) with NA
Replacing solvent molecule 36525 (atom 109603) with NA
Replacing solvent molecule 21424 (atom 64300) with NA
Replacing solvent molecule 61747 (atom 185269) with NA
Replacing solvent molecule 7913 (atom 23767) with NA
Replacing solvent molecule 47855 (atom 143593) with NA
Replacing solvent molecule 13920 (atom 41788) with NA
Replacing solvent molecule 28956 (atom 86896) with NA
Replacing solvent molecule 51122 (atom 153394) with NA
Replacing solvent molecule 38111 (atom 114361) with NA
Replacing solvent molecule 34819 (atom 104485) with NA
Replacing solvent molecule 64886 (atom 194686) with NA
Replacing solvent molecule 67828 (atom 203512) with NA
Replacing solvent molecule 59091 (atom 177301) with NA
Replacing solvent molecule 45451 (atom 136381) with NA
Replacing solvent molecule 21649 (atom 64975) with NA
Replacing solvent molecule 56070 (atom 168238) with NA
Replacing solvent molecule 16202 (atom 48634) with NA
Replacing solvent molecule 381 (atom 1171) with NA
Replacing solvent molecule 35051 (atom 105181) with NA
Replacing solvent molecule 21102 (atom 63334) with NA
Replacing solvent molecule 12122 (atom 36394) with NA
Replacing solvent molecule 33296 (atom 99916) with NA
Replacing solvent molecule 35587 (atom 106789) with NA
Replacing solvent molecule 36948 (atom 110872) with NA
Replacing solvent molecule 57693 (atom 173107) with NA
Replacing solvent molecule 25165 (atom 75523) with NA
Replacing solvent molecule 42617 (atom 127879) with NA
Replacing solvent molecule 39096 (atom 117316) with NA
Replacing solvent molecule 34506 (atom 103546) with NA
Replacing solvent molecule 14516 (atom 43576) with NA
Replacing solvent molecule 36800 (atom 110428) with NA
Replacing solvent molecule 65028 (atom 195112) with NA
Replacing solvent molecule 54651 (atom 163981) with NA
Replacing solvent molecule 42313 (atom 126967) with NA
Replacing solvent molecule 47189 (atom 141595) with NA
Replacing solvent molecule 61944 (atom 185860) with NA
Replacing solvent molecule 67411 (atom 202261) with NA
Replacing solvent molecule 43855 (atom 131593) with NA
Replacing solvent molecule 60090 (atom 180298) with NA
Replacing solvent molecule 56170 (atom 168538) with NA
Replacing solvent molecule 64490 (atom 193498) with NA
Replacing solvent molecule 47039 (atom 141145) with NA
Replacing solvent molecule 20796 (atom 62416) with NA
Replacing solvent molecule 3550 (atom 10678) with NA
Replacing solvent molecule 48338 (atom 145042) with NA
Replacing solvent molecule 13651 (atom 40981) with NA
Replacing solvent molecule 15360 (atom 46108) with NA
Replacing solvent molecule 27136 (atom 81436) with CL
Replacing solvent molecule 14332 (atom 43024) with CL
Replacing solvent molecule 28764 (atom 86320) with CL
Replacing solvent molecule 31591 (atom 94801) with CL
Replacing solvent molecule 17846 (atom 53566) with CL
Replacing solvent molecule 60139 (atom 180445) with CL
Replacing solvent molecule 16544 (atom 49660) with CL
Replacing solvent molecule 12042 (atom 36154) with CL
Replacing solvent molecule 57595 (atom 172813) with CL
Replacing solvent molecule 33834 (atom 101530) with CL
Replacing solvent molecule 36285 (atom 108883) with CL
Replacing solvent molecule 18241 (atom 54751) with CL
Replacing solvent molecule 55570 (atom 166738) with CL
Replacing solvent molecule 29649 (atom 88975) with CL
Replacing solvent molecule 9219 (atom 27685) with CL
Replacing solvent molecule 51451 (atom 154381) with CL
Replacing solvent molecule 52524 (atom 157600) with CL
Replacing solvent molecule 55810 (atom 167458) with CL
Replacing solvent molecule 8019 (atom 24085) with CL
Replacing solvent molecule 62641 (atom 187951) with CL
Replacing solvent molecule 35635 (atom 106933) with CL
Replacing solvent molecule 19957 (atom 59899) with CL
Replacing solvent molecule 20648 (atom 61972) with CL
Replacing solvent molecule 50712 (atom 152164) with CL
Replacing solvent molecule 13995 (atom 42013) with CL
Replacing solvent molecule 18604 (atom 55840) with CL
Replacing solvent molecule 32993 (atom 99007) with CL
Replacing solvent molecule 23480 (atom 70468) with CL
Replacing solvent molecule 39165 (atom 117523) with CL
Replacing solvent molecule 19278 (atom 57862) with CL
Replacing solvent molecule 53938 (atom 161842) with CL
Replacing solvent molecule 51274 (atom 153850) with CL
Replacing solvent molecule 61599 (atom 184825) with CL
Replacing solvent molecule 41834 (atom 125530) with CL
Replacing solvent molecule 64076 (atom 192256) with CL
Replacing solvent molecule 48645 (atom 145963) with CL
Replacing solvent molecule 41341 (atom 124051) with CL
Replacing solvent molecule 34143 (atom 102457) with CL
Replacing solvent molecule 30305 (atom 90943) with CL
Replacing solvent molecule 25708 (atom 77152) with CL
Replacing solvent molecule 39147 (atom 117469) with CL
Replacing solvent molecule 49715 (atom 149173) with CL
Replacing solvent molecule 15897 (atom 47719) with CL
Replacing solvent molecule 31964 (atom 95920) with CL
Replacing solvent molecule 46230 (atom 138718) with CL
Replacing solvent molecule 12441 (atom 37351) with CL
Replacing solvent molecule 64787 (atom 194389) with CL
Replacing solvent molecule 37119 (atom 111385) with CL
Replacing solvent molecule 37895 (atom 113713) with CL
Replacing solvent molecule 46574 (atom 139750) with CL
Replacing solvent molecule 59688 (atom 179092) with CL
Replacing solvent molecule 38073 (atom 114247) with CL
Replacing solvent molecule 61485 (atom 184483) with CL
Replacing solvent molecule 55151 (atom 165481) with CL
Replacing solvent molecule 17667 (atom 53029) with CL
Replacing solvent molecule 55512 (atom 166564) with CL
Replacing solvent molecule 57021 (atom 171091) with CL
Replacing solvent molecule 29262 (atom 87814) with CL
Replacing solvent molecule 10313 (atom 30967) with CL
Replacing solvent molecule 58653 (atom 175987) with CL
Replacing solvent molecule 32084 (atom 96280) with CL
Replacing solvent molecule 18585 (atom 55783) with CL
Replacing solvent molecule 51333 (atom 154027) with CL
Replacing solvent molecule 26178 (atom 78562) with CL
Replacing solvent molecule 6504 (atom 19540) with CL
Replacing solvent molecule 22184 (atom 66580) with CL
Replacing solvent molecule 63810 (atom 191458) with CL
Replacing solvent molecule 38655 (atom 115993) with CL
Replacing solvent molecule 48738 (atom 146242) with CL
Replacing solvent molecule 60850 (atom 182578) with CL
Replacing solvent molecule 33005 (atom 99043) with CL
Replacing solvent molecule 6079 (atom 18265) with CL
Replacing solvent molecule 19870 (atom 59638) with CL
Replacing solvent molecule 9664 (atom 29020) with CL
Replacing solvent molecule 67688 (atom 203092) with CL
Replacing solvent molecule 49770 (atom 149338) with CL
Replacing solvent molecule 32253 (atom 96787) with CL
Replacing solvent molecule 29785 (atom 89383) with CL
Replacing solvent molecule 32690 (atom 98098) with CL
Replacing solvent molecule 56297 (atom 168919) with CL
Replacing solvent molecule 36767 (atom 110329) with CL
Replacing solvent molecule 33098 (atom 99322) with CL
Replacing solvent molecule 61772 (atom 185344) with CL
Replacing solvent molecule 40540 (atom 121648) with CL
Replacing solvent molecule 593 (atom 1807) with CL
Replacing solvent molecule 35541 (atom 106651) with CL
Replacing solvent molecule 51489 (atom 154495) with CL
Replacing solvent molecule 20356 (atom 61096) with CL
Replacing solvent molecule 5409 (atom 16255) with CL
Replacing solvent molecule 8479 (atom 25465) with CL
Replacing solvent molecule 44777 (atom 134359) with CL
Replacing solvent molecule 40963 (atom 122917) with CL
Replacing solvent molecule 35931 (atom 107821) with CL
Replacing solvent molecule 63365 (atom 190123) with CL
Replacing solvent molecule 9320 (atom 27988) with CL
Replacing solvent molecule 45226 (atom 135706) with CL
Replacing solvent molecule 5586 (atom 16786) with CL
Replacing solvent molecule 4314 (atom 12970) with CL
Replacing solvent molecule 22510 (atom 67558) with CL
Replacing solvent molecule 16314 (atom 48970) with CL
Replacing solvent molecule 33321 (atom 99991) with CL
Replacing solvent molecule 22396 (atom 67216) with CL
Replacing solvent molecule 21833 (atom 65527) with CL
Replacing solvent molecule 41403 (atom 124237) with CL
Replacing solvent molecule 14235 (atom 42733) with CL
Replacing solvent molecule 50936 (atom 152836) with CL
Replacing solvent molecule 12164 (atom 36520) with CL
Replacing solvent molecule 10185 (atom 30583) with CL
Replacing solvent molecule 22861 (atom 68611) with CL
Replacing solvent molecule 21971 (atom 65941) with CL
Replacing solvent molecule 26601 (atom 79831) with CL
Replacing solvent molecule 20126 (atom 60406) with CL
Replacing solvent molecule 45891 (atom 137701) with CL
Replacing solvent molecule 534 (atom 1630) with CL
Replacing solvent molecule 26291 (atom 78901) with CL
Replacing solvent molecule 39586 (atom 118786) with CL
Replacing solvent molecule 66431 (atom 199321) with CL
Replacing solvent molecule 49084 (atom 147280) with CL
Replacing solvent molecule 39069 (atom 117235) with CL
Replacing solvent molecule 50159 (atom 150505) with CL
Replacing solvent molecule 50657 (atom 151999) with CL
Replacing solvent molecule 31210 (atom 93658) with CL
Replacing solvent molecule 42804 (atom 128440) with CL
Replacing solvent molecule 53689 (atom 161095) with CL
Replacing solvent molecule 23835 (atom 71533) with CL
Replacing solvent molecule 68212 (atom 204664) with CL
Replacing solvent molecule 55939 (atom 167845) with CL
Replacing solvent molecule 25678 (atom 77062) with CL
Replacing solvent molecule 29400 (atom 88228) with CL
Replacing solvent molecule 7558 (atom 22702) with CL
Replacing solvent molecule 34550 (atom 103678) with CL
Replacing solvent molecule 60875 (atom 182653) with CL
Replacing solvent molecule 28643 (atom 85957) with CL
Replacing solvent molecule 47330 (atom 142018) with CL
Replacing solvent molecule 4886 (atom 14686) with CL
Replacing solvent molecule 20725 (atom 62203) with CL
Replacing solvent molecule 6273 (atom 18847) with CL
Replacing solvent molecule 10081 (atom 30271) with CL
Replacing solvent molecule 34343 (atom 103057) with CL
Replacing solvent molecule 44802 (atom 134434) with CL
Replacing solvent molecule 64506 (atom 193546) with CL
Replacing solvent molecule 63373 (atom 190147) with CL
Replacing solvent molecule 68252 (atom 204784) with CL
Replacing solvent molecule 48239 (atom 144745) with CL
Replacing solvent molecule 22078 (atom 66262) with CL
Replacing solvent molecule 50386 (atom 151186) with CL
Replacing solvent molecule 46310 (atom 138958) with CL
Replacing solvent molecule 68575 (atom 205753) with CL
Replacing solvent molecule 64038 (atom 192142) with CL
Replacing solvent molecule 68183 (atom 204577) with CL
Replacing solvent molecule 48303 (atom 144937) with CL
Replacing solvent molecule 68749 (atom 206275) with CL
Replacing solvent molecule 24728 (atom 74212) with CL
Replacing solvent molecule 17306 (atom 51946) with CL
Replacing solvent molecule 10668 (atom 32032) with CL
Replacing solvent molecule 2452 (atom 7384) with CL
Replacing solvent molecule 26824 (atom 80500) with CL
Replacing solvent molecule 26345 (atom 79063) with CL
Replacing solvent molecule 55233 (atom 165727) with CL
Replacing solvent molecule 47736 (atom 143236) with CL
Replacing solvent molecule 30820 (atom 92488) with CL
Replacing solvent molecule 37016 (atom 111076) with CL
Replacing solvent molecule 58339 (atom 175045) with CL
Replacing solvent molecule 1481 (atom 4471) with CL
Replacing solvent molecule 63264 (atom 189820) with CL
Replacing solvent molecule 57934 (atom 173830) with CL
Replacing solvent molecule 46114 (atom 138370) with CL
Replacing solvent molecule 26541 (atom 79651) with CL
Replacing solvent molecule 19273 (atom 57847) with CL
Replacing solvent molecule 23889 (atom 71695) with CL
Replacing solvent molecule 56683 (atom 170077) with CL
Replacing solvent molecule 27322 (atom 81994) with CL
Replacing solvent molecule 57882 (atom 173674) with CL
Replacing solvent molecule 11208 (atom 33652) with CL
Replacing solvent molecule 12714 (atom 38170) with CL
Replacing solvent molecule 21907 (atom 65749) with CL
Replacing solvent molecule 38643 (atom 115957) with CL
Replacing solvent molecule 28942 (atom 86854) with CL
Replacing solvent molecule 30189 (atom 90595) with CL
Replacing solvent molecule 51210 (atom 153658) with CL
Replacing solvent molecule 44404 (atom 133240) with CL
Replacing solvent molecule 26777 (atom 80359) with CL
Replacing solvent molecule 9698 (atom 29122) with CL
Replacing solvent molecule 35032 (atom 105124) with CL
Replacing solvent molecule 59928 (atom 179812) with CL
Replacing solvent molecule 11246 (atom 33766) with CL
Replacing solvent molecule 19215 (atom 57673) with CL
Replacing solvent molecule 9506 (atom 28546) with CL
Replacing solvent molecule 5784 (atom 17380) with CL
Replacing solvent molecule 28697 (atom 86119) with CL
Replacing solvent molecule 17256 (atom 51796) with CL


GROMACS reminds you: "The determined Real Programmer can write FORTRAN programs in any language." (Ed Post)

