            --------------------------------------------------------
                             AMBER SQM VERSION 19
 
                                     By
              Ross C. Walker, Michael F. Crowley, Scott Brozell,
                         Tim Giese, Andreas W. Goetz,
                        Tai-Sung Lee and David A. Case
 
            --------------------------------------------------------
 

--------------------------------------------------------------------------------
  QM CALCULATION INFO
--------------------------------------------------------------------------------

| QMMM: Citation for AMBER QMMM Run:
| QMMM: R.C. Walker, M.F. Crowley and D.A. Case, J. COMP. CHEM. 29:1019, 2008

QMMM: SINGLET STATE CALCULATION
QMMM: RHF CALCULATION, NO. OF DOUBLY OCCUPIED LEVELS = 48

| QMMM: *** Selected Hamiltonian *** 
| QMMM: AM1         

| QMMM: *** Parameter sets in use ***
| QMMM: O : M.J.S.DEWAR et al. JACS, 107, 3902, (1985)
| QMMM: C : M.J.S.DEWAR et al. JACS, 107, 3902, (1985)
| QMMM: P : M.J.S.DEWAR et al. THEOCHEM, 187,1, (1989)
| QMMM: H : M.J.S.DEWAR et al. JACS, 107, 3902, (1985)

| QMMM: *** SCF convergence criteria ***
| QMMM: Energy change                :  0.1D-09 kcal/mol
| QMMM: Error matrix |FP-PF|         :  0.1D+00 au
| QMMM: Density matrix change        :  0.5D-06
| QMMM: Maximum number of SCF cycles :     1000

| QMMM: *** Diagonalization Routine Information ***
| QMMM: Pseudo diagonalizations are allowed.
| QMMM: Auto diagonalization routine selection is in use.
| QMMM:
| QMMM: Timing diagonalization routines:
| QMMM:                              norbs =       82
| QMMM:    diag iterations used for timing =       15
| QMMM:
| QMMM:              Internal diag routine = 0.009426 seconds
| QMMM:                 Dspev diag routine = 0.006103 seconds
| QMMM:                Dspevd diag routine = 0.004127 seconds
| QMMM:                Dspevx diag routine = 0.031331 seconds
| QMMM:                 Dsyev diag routine = 0.006773 seconds
| QMMM:                Dsyevd diag routine = 0.004290 seconds
| QMMM:                Dsyevr diag routine = 0.006261 seconds
| QMMM:
| QMMM:                Pseudo diag routine = 0.002390 seconds
| QMMM:
| QMMM: Using dspevd routine (diag_routine=3).

  QMMM: QM Region Cartesian Coordinates (*=link atom) 
  QMMM: QM_NO.   MM_NO.  ATOM         X         Y         Z
  QMMM:     1        1      O       22.1570   13.0090    5.7730
  QMMM:     2        2      C       21.6590   14.1120    6.3420
  QMMM:     3        3      C       20.7990   14.9550    5.6720
  QMMM:     4        4      C       20.3000   16.1040    6.3160
  QMMM:     5        5      C       18.8320   17.9020    6.1690
  QMMM:     6        6      C       19.1060   18.1960    7.4760
  QMMM:     7        7      C       20.0540   17.5200    8.2050
  QMMM:     8        8      C       20.2320   17.8400    9.7020
  QMMM:     9        9      C       20.6100   16.3500    7.5860
  QMMM:    10       10      C       21.4760   15.4720    8.2770
  QMMM:    11       11      C       21.9980   14.3710    7.6340
  QMMM:    12       12      O       19.4320   16.8780    5.5870
  QMMM:    13       13      O       18.0860   18.5100    5.5470
  QMMM:    14       14      O       19.1800   17.1950   12.0480
  QMMM:    15       15      O       19.3270   15.3740   10.4920
  QMMM:    16       16      O       17.5830   17.2030   10.2270
  QMMM:    17       17      P       18.9950   16.8720   10.7400
  QMMM:    18       18      H       21.1610   17.5980    9.9830
  QMMM:    19       19      H       20.0920   18.8190    9.8500
  QMMM:    20       20      H       20.5300   14.7510    4.7310
  QMMM:    21       21      H       18.5960   18.9330    7.9190
  QMMM:    22       22      H       21.7100   15.6500    9.2330
  QMMM:    23       23      H       17.3350   18.1540   10.4430
  QMMM:    24       24      C       21.7880   12.6900    4.4140
  QMMM:    25       25      H       22.6150   13.7540    8.1220
  QMMM:    26       26      H       20.6000   12.5410    4.3370
  QMMM:    27       27      H       22.1390   13.5730    3.6790
  QMMM:    28       28      H       22.3290   11.6710    4.0830

--------------------------------------------------------------------------------
  RESULTS
--------------------------------------------------------------------------------

      iter         sqm energy              rms gradient
      ----    -------------------    -----------------------
xmin    10     -312.2100 kcal/mol        2.2497 kcal/(mol*A)
xmin    20     -313.5661 kcal/mol        0.1286 kcal/(mol*A)
xmin    30     -313.5916 kcal/mol        0.0635 kcal/(mol*A)
xmin    40     -313.5937 kcal/mol        0.0129 kcal/(mol*A)
xmin    50     -313.5938 kcal/mol        0.0057 kcal/(mol*A)
xmin    60     -313.5938 kcal/mol        0.0048 kcal/(mol*A)
xmin    70     -313.5938 kcal/mol        0.0010 kcal/(mol*A)
  ... geometry converged !
 
 Final MO eigenvalues (eV):
 -39.1455  -37.8321  -35.8891  -34.3609  -33.2610  -32.0720  -29.2884  -29.0523
 -28.6627  -27.8819  -26.3973  -25.6778  -21.9386  -21.1493  -19.9140  -17.7564
 -16.4064  -15.4347  -15.2333  -14.9428  -14.6082  -14.1068  -13.9956  -13.4405
 -12.4473  -12.2613  -12.2007  -11.9158  -11.5075  -11.4342  -11.1705  -11.1255
 -10.7572  -10.5479  -10.1675   -9.8349   -9.5300   -9.4473   -8.9792   -8.4611
  -8.3973   -7.9557   -7.0887   -6.7802   -6.4682   -6.4413   -6.3669   -6.1694
   2.1039    2.7827    3.3155    4.3602    4.6191    4.6738    5.4052    5.6830
   5.8447    5.8843    5.9622    6.1035    6.1922    6.3199    6.5941    6.6662
   6.7458    6.9235    7.1501    7.3244    7.4260    7.4588    7.5759    7.7281
   8.0538    8.1407    8.2157    8.5095    8.7311    8.9681    9.4679   10.2429
  11.0380   12.4304

 Heat of formation   =       -313.59379683 kcal/mol  (      -13.59844746 eV)

 Total SCF energy    =     -83029.98515486 kcal/mol  (    -3600.45033411 eV)
 Electronic energy   =    -470075.91624791 kcal/mol  (   -20384.02134547 eV)
 Core-core repulsion =     387045.93109305 kcal/mol  (    16783.57101136 eV)
 
    Atomic Charges for Step       1 :
  Atom    Element       Mulliken Charge
     1      O                 -0.214
     2      C                  0.107
     3      C                 -0.254
     4      C                  0.134
     5      C                  0.353
     6      C                 -0.308
     7      C                  0.153
     8      C                 -0.798
     9      C                 -0.164
    10      C                 -0.036
    11      C                 -0.193
    12      O                 -0.209
    13      O                 -0.347
    14      O                 -1.185
    15      O                 -1.165
    16      O                 -0.824
    17      P                  2.618
    18      H                  0.129
    19      H                  0.129
    20      H                  0.147
    21      H                  0.162
    22      H                  0.224
    23      H                  0.231
    24      C                 -0.074
    25      H                  0.150
    26      H                  0.074
    27      H                  0.069
    28      H                  0.093
 Total Mulliken Charge =      -1.000
 
                  X        Y        Z     TOTAL  
  QM DIPOLE   -91.630  -81.789  -48.618  132.096
 
 Final Structure

  QMMM: QM Region Cartesian Coordinates (*=link atom) 
  QMMM: QM_NO.   MM_NO.  ATOM         X         Y         Z
  QMMM:     1        1      O       22.1063   12.9475    5.7446
  QMMM:     2        2      C       21.5023   14.0648    6.2930
  QMMM:     3        3      C       20.7630   14.9872    5.5563
  QMMM:     4        4      C       20.2139   16.0897    6.2386
  QMMM:     5        5      C       18.8544   18.0384    6.0797
  QMMM:     6        6      C       19.1097   18.3072    7.4732
  QMMM:     7        7      C       19.8767   17.4846    8.2450
  QMMM:     8        8      C       20.2239   17.8455    9.6186
  QMMM:     9        9      C       20.4235   16.2901    7.6164
  QMMM:    10       10      C       21.1378   15.3082    8.3321
  QMMM:    11       11      C       21.6814   14.2123    7.6856
  QMMM:    12       12      O       19.4633   16.9423    5.4591
  QMMM:    13       13      O       18.1766   18.6661    5.2598
  QMMM:    14       14      O       19.0042   18.0424   11.9105
  QMMM:    15       15      O       20.1807   15.8053   11.1989
  QMMM:    16       16      O       17.9495   16.6168   10.2685
  QMMM:    17       17      P       19.3986   17.0289   10.9066
  QMMM:    18       18      H       21.3167   17.6550    9.7821
  QMMM:    19       19      H       20.0546   18.9425    9.7777
  QMMM:    20       20      H       20.5832   14.8829    4.4797
  QMMM:    21       21      H       18.6479   19.2202    7.8750
  QMMM:    22       22      H       21.2045   15.4033    9.4432
  QMMM:    23       23      H       17.2328   17.0799   10.6886
  QMMM:    24       24      C       21.8754   12.7306    4.3590
  QMMM:    25       25      H       22.2367   13.4457    8.2428
  QMMM:    26       26      H       20.7837   12.6149    4.1521
  QMMM:    27       27      H       22.2990   13.5684    3.7531
  QMMM:    28       28      H       22.4207   11.7765    4.1473

           --------- Calculation Completed ----------

