                      :-) GROMACS - gmx genion, 2026.1 (-:

Executable:   /usr/local/gromacs/bin/gmx
Data prefix:  /usr/local/gromacs
Working dir:  /Users/af25016/projects/ligand_rbfe/data/inputs/ligands/ligand_1
Command line:
  gmx genion -s ions.tpr -o solvated_ions.gro -p solvated.top -neutral -conc 0.150000

Reading file ions.tpr, VERSION 2026.1 (single precision)
Reading file ions.tpr, VERSION 2026.1 (single precision)
Group     0 (         System) has 202806 elements
Group     1 (          Other) has    30 elements
Group     2 (            MOL) has    30 elements
Group     3 (          Water) has 202776 elements
Group     4 (            SOL) has 202776 elements
Group     5 (      non-Water) has    30 elements
Select a group: Number of (3-atomic) solvent molecules: 67592

Back Off! I just backed up solvated.top to ./#solvated.top.1#
Using random seed -1149288547.
Replacing solvent molecule 32326 (atom 97008) with NA
Replacing solvent molecule 41049 (atom 123177) with NA
Replacing solvent molecule 11484 (atom 34482) with NA
Replacing solvent molecule 63858 (atom 191604) with NA
Replacing solvent molecule 60193 (atom 180609) with NA
Replacing solvent molecule 35862 (atom 107616) with NA
Replacing solvent molecule 19329 (atom 58017) with NA
Replacing solvent molecule 12112 (atom 36366) with NA
Replacing solvent molecule 19502 (atom 58536) with NA
Replacing solvent molecule 59239 (atom 177747) with NA
Replacing solvent molecule 38050 (atom 114180) with NA
Replacing solvent molecule 25388 (atom 76194) with NA
Replacing solvent molecule 47420 (atom 142290) with NA
Replacing solvent molecule 45476 (atom 136458) with NA
Replacing solvent molecule 56928 (atom 170814) with NA
Replacing solvent molecule 47843 (atom 143559) with NA
Replacing solvent molecule 59749 (atom 179277) with NA
Replacing solvent molecule 15800 (atom 47430) with NA
Replacing solvent molecule 6836 (atom 20538) with NA
Replacing solvent molecule 43039 (atom 129147) with NA
Replacing solvent molecule 65437 (atom 196341) with NA
Replacing solvent molecule 58562 (atom 175716) with NA
Replacing solvent molecule 7072 (atom 21246) with NA
Replacing solvent molecule 26375 (atom 79155) with NA
Replacing solvent molecule 55908 (atom 167754) with NA
Replacing solvent molecule 2897 (atom 8721) with NA
Replacing solvent molecule 39407 (atom 118251) with NA
Replacing solvent molecule 38821 (atom 116493) with NA
Replacing solvent molecule 10074 (atom 30252) with NA
Replacing solvent molecule 29433 (atom 88329) with NA
Replacing solvent molecule 19565 (atom 58725) with NA
Replacing solvent molecule 27750 (atom 83280) with NA
Replacing solvent molecule 2750 (atom 8280) with NA
Replacing solvent molecule 1765 (atom 5325) with NA
Replacing solvent molecule 61085 (atom 183285) with NA
Replacing solvent molecule 35520 (atom 106590) with NA
Replacing solvent molecule 45593 (atom 136809) with NA
Replacing solvent molecule 34938 (atom 104844) with NA
Replacing solvent molecule 31018 (atom 93084) with NA
Replacing solvent molecule 15551 (atom 46683) with NA
Replacing solvent molecule 9616 (atom 28878) with NA
Replacing solvent molecule 56783 (atom 170379) with NA
Replacing solvent molecule 57909 (atom 173757) with NA
Replacing solvent molecule 2281 (atom 6873) with NA
Replacing solvent molecule 894 (atom 2712) with NA
Replacing solvent molecule 66098 (atom 198324) with NA
Replacing solvent molecule 12585 (atom 37785) with NA
Replacing solvent molecule 56383 (atom 169179) with NA
Replacing solvent molecule 12941 (atom 38853) with NA
Replacing solvent molecule 51577 (atom 154761) with NA
Replacing solvent molecule 29268 (atom 87834) with NA
Replacing solvent molecule 36796 (atom 110418) with NA
Replacing solvent molecule 49767 (atom 149331) with NA
Replacing solvent molecule 30659 (atom 92007) with NA
Replacing solvent molecule 20636 (atom 61938) with NA
Replacing solvent molecule 63632 (atom 190926) with NA
Replacing solvent molecule 14365 (atom 43125) with NA
Replacing solvent molecule 29780 (atom 89370) with NA
Replacing solvent molecule 37452 (atom 112386) with NA
Replacing solvent molecule 10783 (atom 32379) with NA
Replacing solvent molecule 53194 (atom 159612) with NA
Replacing solvent molecule 14392 (atom 43206) with NA
Replacing solvent molecule 36054 (atom 108192) with NA
Replacing solvent molecule 9016 (atom 27078) with NA
Replacing solvent molecule 56753 (atom 170289) with NA
Replacing solvent molecule 24252 (atom 72786) with NA
Replacing solvent molecule 41156 (atom 123498) with NA
Replacing solvent molecule 47540 (atom 142650) with NA
Replacing solvent molecule 41203 (atom 123639) with NA
Replacing solvent molecule 10623 (atom 31899) with NA
Replacing solvent molecule 45398 (atom 136224) with NA
Replacing solvent molecule 26547 (atom 79671) with NA
Replacing solvent molecule 20902 (atom 62736) with NA
Replacing solvent molecule 4295 (atom 12915) with NA
Replacing solvent molecule 8537 (atom 25641) with NA
Replacing solvent molecule 1930 (atom 5820) with NA
Replacing solvent molecule 27855 (atom 83595) with NA
Replacing solvent molecule 3878 (atom 11664) with NA
Replacing solvent molecule 57370 (atom 172140) with NA
Replacing solvent molecule 8938 (atom 26844) with NA
Replacing solvent molecule 26760 (atom 80310) with NA
Replacing solvent molecule 18085 (atom 54285) with NA
Replacing solvent molecule 1088 (atom 3294) with NA
Replacing solvent molecule 20824 (atom 62502) with NA
Replacing solvent molecule 36732 (atom 110226) with NA
Replacing solvent molecule 50560 (atom 151710) with NA
Replacing solvent molecule 51956 (atom 155898) with NA
Replacing solvent molecule 7979 (atom 23967) with NA
Replacing solvent molecule 50964 (atom 152922) with NA
Replacing solvent molecule 46733 (atom 140229) with NA
Replacing solvent molecule 7932 (atom 23826) with NA
Replacing solvent molecule 11648 (atom 34974) with NA
Replacing solvent molecule 45795 (atom 137415) with NA
Replacing solvent molecule 46776 (atom 140358) with NA
Replacing solvent molecule 67067 (atom 201231) with NA
Replacing solvent molecule 67532 (atom 202626) with NA
Replacing solvent molecule 50962 (atom 152916) with NA
Replacing solvent molecule 5315 (atom 15975) with NA
Replacing solvent molecule 6986 (atom 20988) with NA
Replacing solvent molecule 28905 (atom 86745) with NA
Replacing solvent molecule 3331 (atom 10023) with NA
Replacing solvent molecule 66735 (atom 200235) with NA
Replacing solvent molecule 33089 (atom 99297) with NA
Replacing solvent molecule 24888 (atom 74694) with NA
Replacing solvent molecule 58014 (atom 174072) with NA
Replacing solvent molecule 54982 (atom 164976) with NA
Replacing solvent molecule 67521 (atom 202593) with NA
Replacing solvent molecule 43431 (atom 130323) with NA
Replacing solvent molecule 21376 (atom 64158) with NA
Replacing solvent molecule 11583 (atom 34779) with NA
Replacing solvent molecule 36209 (atom 108657) with NA
Replacing solvent molecule 22384 (atom 67182) with NA
Replacing solvent molecule 18786 (atom 56388) with NA
Replacing solvent molecule 19833 (atom 59529) with NA
Replacing solvent molecule 25564 (atom 76722) with NA
Replacing solvent molecule 33923 (atom 101799) with NA
Replacing solvent molecule 48722 (atom 146196) with NA
Replacing solvent molecule 10789 (atom 32397) with NA
Replacing solvent molecule 9078 (atom 27264) with NA
Replacing solvent molecule 1568 (atom 4734) with NA
Replacing solvent molecule 55865 (atom 167625) with NA
Replacing solvent molecule 865 (atom 2625) with NA
Replacing solvent molecule 3649 (atom 10977) with NA
Replacing solvent molecule 14584 (atom 43782) with NA
Replacing solvent molecule 16019 (atom 48087) with NA
Replacing solvent molecule 35311 (atom 105963) with NA
Replacing solvent molecule 15089 (atom 45297) with NA
Replacing solvent molecule 18068 (atom 54234) with NA
Replacing solvent molecule 60171 (atom 180543) with NA
Replacing solvent molecule 62673 (atom 188049) with NA
Replacing solvent molecule 18846 (atom 56568) with NA
Replacing solvent molecule 37396 (atom 112218) with NA
Replacing solvent molecule 22622 (atom 67896) with NA
Replacing solvent molecule 40409 (atom 121257) with NA
Replacing solvent molecule 14824 (atom 44502) with NA
Replacing solvent molecule 53095 (atom 159315) with NA
Replacing solvent molecule 15312 (atom 45966) with NA
Replacing solvent molecule 39456 (atom 118398) with NA
Replacing solvent molecule 38326 (atom 115008) with NA
Replacing solvent molecule 59121 (atom 177393) with NA
Replacing solvent molecule 35688 (atom 107094) with NA
Replacing solvent molecule 31831 (atom 95523) with NA
Replacing solvent molecule 50258 (atom 150804) with NA
Replacing solvent molecule 13689 (atom 41097) with NA
Replacing solvent molecule 63237 (atom 189741) with NA
Replacing solvent molecule 28767 (atom 86331) with NA
Replacing solvent molecule 12099 (atom 36327) with NA
Replacing solvent molecule 54020 (atom 162090) with NA
Replacing solvent molecule 26271 (atom 78843) with NA
Replacing solvent molecule 25095 (atom 75315) with NA
Replacing solvent molecule 50133 (atom 150429) with NA
Replacing solvent molecule 33648 (atom 100974) with NA
Replacing solvent molecule 786 (atom 2388) with NA
Replacing solvent molecule 37186 (atom 111588) with NA
Replacing solvent molecule 64706 (atom 194148) with NA
Replacing solvent molecule 31688 (atom 95094) with NA
Replacing solvent molecule 52319 (atom 156987) with NA
Replacing solvent molecule 62450 (atom 187380) with NA
Replacing solvent molecule 61197 (atom 183621) with NA
Replacing solvent molecule 26491 (atom 79503) with NA
Replacing solvent molecule 24179 (atom 72567) with NA
Replacing solvent molecule 14862 (atom 44616) with NA
Replacing solvent molecule 16244 (atom 48762) with NA
Replacing solvent molecule 31469 (atom 94437) with NA
Replacing solvent molecule 61828 (atom 185514) with NA
Replacing solvent molecule 28587 (atom 85791) with NA
Replacing solvent molecule 52130 (atom 156420) with NA
Replacing solvent molecule 43953 (atom 131889) with NA
Replacing solvent molecule 54520 (atom 163590) with NA
Replacing solvent molecule 51361 (atom 154113) with NA
Replacing solvent molecule 8673 (atom 26049) with NA
Replacing solvent molecule 1513 (atom 4569) with NA
Replacing solvent molecule 50523 (atom 151599) with NA
Replacing solvent molecule 10480 (atom 31470) with NA
Replacing solvent molecule 12661 (atom 38013) with NA
Replacing solvent molecule 65532 (atom 196626) with NA
Replacing solvent molecule 19213 (atom 57669) with NA
Replacing solvent molecule 45024 (atom 135102) with NA
Replacing solvent molecule 60704 (atom 182142) with NA
Replacing solvent molecule 9391 (atom 28203) with NA
Replacing solvent molecule 64202 (atom 192636) with NA
Replacing solvent molecule 20619 (atom 61887) with NA
Replacing solvent molecule 33856 (atom 101598) with NA
Replacing solvent molecule 55323 (atom 165999) with NA
Replacing solvent molecule 67250 (atom 201780) with NA
Replacing solvent molecule 28798 (atom 86424) with NA
Replacing solvent molecule 14460 (atom 43410) with NA
Replacing solvent molecule 31855 (atom 95595) with CL
Replacing solvent molecule 64921 (atom 194793) with CL
Replacing solvent molecule 3428 (atom 10314) with CL
Replacing solvent molecule 45493 (atom 136509) with CL
Replacing solvent molecule 14623 (atom 43899) with CL
Replacing solvent molecule 64713 (atom 194169) with CL
Replacing solvent molecule 2266 (atom 6828) with CL
Replacing solvent molecule 27083 (atom 81279) with CL
Replacing solvent molecule 20076 (atom 60258) with CL
Replacing solvent molecule 55975 (atom 167955) with CL
Replacing solvent molecule 16897 (atom 50721) with CL
Replacing solvent molecule 42791 (atom 128403) with CL
Replacing solvent molecule 66288 (atom 198894) with CL
Replacing solvent molecule 42398 (atom 127224) with CL
Replacing solvent molecule 47389 (atom 142197) with CL
Replacing solvent molecule 10908 (atom 32754) with CL
Replacing solvent molecule 63672 (atom 191046) with CL
Replacing solvent molecule 53699 (atom 161127) with CL
Replacing solvent molecule 7335 (atom 22035) with CL
Replacing solvent molecule 38662 (atom 116016) with CL
Replacing solvent molecule 27130 (atom 81420) with CL
Replacing solvent molecule 41397 (atom 124221) with CL
Replacing solvent molecule 39202 (atom 117636) with CL
Replacing solvent molecule 58891 (atom 176703) with CL
Replacing solvent molecule 31177 (atom 93561) with CL
Replacing solvent molecule 54121 (atom 162393) with CL
Replacing solvent molecule 53758 (atom 161304) with CL
Replacing solvent molecule 61907 (atom 185751) with CL
Replacing solvent molecule 27956 (atom 83898) with CL
Replacing solvent molecule 32592 (atom 97806) with CL
Replacing solvent molecule 40829 (atom 122517) with CL
Replacing solvent molecule 10258 (atom 30804) with CL
Replacing solvent molecule 16452 (atom 49386) with CL
Replacing solvent molecule 7492 (atom 22506) with CL
Replacing solvent molecule 41954 (atom 125892) with CL
Replacing solvent molecule 35125 (atom 105405) with CL
Replacing solvent molecule 54483 (atom 163479) with CL
Replacing solvent molecule 58499 (atom 175527) with CL
Replacing solvent molecule 62512 (atom 187566) with CL
Replacing solvent molecule 6538 (atom 19644) with CL
Replacing solvent molecule 67232 (atom 201726) with CL
Replacing solvent molecule 48562 (atom 145716) with CL
Replacing solvent molecule 47476 (atom 142458) with CL
Replacing solvent molecule 45200 (atom 135630) with CL
Replacing solvent molecule 49756 (atom 149298) with CL
Replacing solvent molecule 6300 (atom 18930) with CL
Replacing solvent molecule 25821 (atom 77493) with CL
Replacing solvent molecule 40960 (atom 122910) with CL
Replacing solvent molecule 23016 (atom 69078) with CL
Replacing solvent molecule 5260 (atom 15810) with CL
Replacing solvent molecule 38164 (atom 114522) with CL
Replacing solvent molecule 12641 (atom 37953) with CL
Replacing solvent molecule 10384 (atom 31182) with CL
Replacing solvent molecule 21522 (atom 64596) with CL
Replacing solvent molecule 49064 (atom 147222) with CL
Replacing solvent molecule 12911 (atom 38763) with CL
Replacing solvent molecule 32005 (atom 96045) with CL
Replacing solvent molecule 45230 (atom 135720) with CL
Replacing solvent molecule 64813 (atom 194469) with CL
Replacing solvent molecule 54141 (atom 162453) with CL
Replacing solvent molecule 36427 (atom 109311) with CL
Replacing solvent molecule 44547 (atom 133671) with CL
Replacing solvent molecule 29106 (atom 87348) with CL
Replacing solvent molecule 30808 (atom 92454) with CL
Replacing solvent molecule 37985 (atom 113985) with CL
Replacing solvent molecule 33659 (atom 101007) with CL
Replacing solvent molecule 66659 (atom 200007) with CL
Replacing solvent molecule 58305 (atom 174945) with CL
Replacing solvent molecule 35888 (atom 107694) with CL
Replacing solvent molecule 6702 (atom 20136) with CL
Replacing solvent molecule 67170 (atom 201540) with CL
Replacing solvent molecule 13195 (atom 39615) with CL
Replacing solvent molecule 58775 (atom 176355) with CL
Replacing solvent molecule 54319 (atom 162987) with CL
Replacing solvent molecule 49223 (atom 147699) with CL
Replacing solvent molecule 17818 (atom 53484) with CL
Replacing solvent molecule 35416 (atom 106278) with CL
Replacing solvent molecule 29810 (atom 89460) with CL
Replacing solvent molecule 59824 (atom 179502) with CL
Replacing solvent molecule 9967 (atom 29931) with CL
Replacing solvent molecule 37971 (atom 113943) with CL
Replacing solvent molecule 27626 (atom 82908) with CL
Replacing solvent molecule 56654 (atom 169992) with CL
Replacing solvent molecule 60811 (atom 182463) with CL
Replacing solvent molecule 40993 (atom 123009) with CL
Replacing solvent molecule 29899 (atom 89727) with CL
Replacing solvent molecule 13776 (atom 41358) with CL
Replacing solvent molecule 26567 (atom 79731) with CL
Replacing solvent molecule 66751 (atom 200283) with CL
Replacing solvent molecule 8997 (atom 27021) with CL
Replacing solvent molecule 62558 (atom 187704) with CL
Replacing solvent molecule 46003 (atom 138039) with CL
Replacing solvent molecule 26740 (atom 80250) with CL
Replacing solvent molecule 34440 (atom 103350) with CL
Replacing solvent molecule 4985 (atom 14985) with CL
Replacing solvent molecule 55683 (atom 167079) with CL
Replacing solvent molecule 51140 (atom 153450) with CL
Replacing solvent molecule 44264 (atom 132822) with CL
Replacing solvent molecule 9911 (atom 29763) with CL
Replacing solvent molecule 51156 (atom 153498) with CL
Replacing solvent molecule 29087 (atom 87291) with CL
Replacing solvent molecule 37523 (atom 112599) with CL
Replacing solvent molecule 16389 (atom 49197) with CL
Replacing solvent molecule 34376 (atom 103158) with CL
Replacing solvent molecule 48759 (atom 146307) with CL
Replacing solvent molecule 11747 (atom 35271) with CL
Replacing solvent molecule 442 (atom 1356) with CL
Replacing solvent molecule 382 (atom 1176) with CL
Replacing solvent molecule 3317 (atom 9981) with CL
Replacing solvent molecule 23748 (atom 71274) with CL
Replacing solvent molecule 44860 (atom 134610) with CL
Replacing solvent molecule 31878 (atom 95664) with CL
Replacing solvent molecule 43158 (atom 129504) with CL
Replacing solvent molecule 4095 (atom 12315) with CL
Replacing solvent molecule 19453 (atom 58389) with CL
Replacing solvent molecule 24050 (atom 72180) with CL
Replacing solvent molecule 22260 (atom 66810) with CL
Replacing solvent molecule 37960 (atom 113910) with CL
Replacing solvent molecule 23199 (atom 69627) with CL
Replacing solvent molecule 41667 (atom 125031) with CL
Replacing solvent molecule 37266 (atom 111828) with CL
Replacing solvent molecule 50166 (atom 150528) with CL
Replacing solvent molecule 41947 (atom 125871) with CL
Replacing solvent molecule 33984 (atom 101982) with CL
Replacing solvent molecule 27700 (atom 83130) with CL
Replacing solvent molecule 6147 (atom 18471) with CL
Replacing solvent molecule 64095 (atom 192315) with CL
Replacing solvent molecule 47377 (atom 142161) with CL
Replacing solvent molecule 11142 (atom 33456) with CL
Replacing solvent molecule 54946 (atom 164868) with CL
Replacing solvent molecule 32306 (atom 96948) with CL
Replacing solvent molecule 30186 (atom 90588) with CL
Replacing solvent molecule 4868 (atom 14634) with CL
Replacing solvent molecule 6166 (atom 18528) with CL
Replacing solvent molecule 58211 (atom 174663) with CL
Replacing solvent molecule 31661 (atom 95013) with CL
Replacing solvent molecule 13243 (atom 39759) with CL
Replacing solvent molecule 19770 (atom 59340) with CL
Replacing solvent molecule 28505 (atom 85545) with CL
Replacing solvent molecule 10687 (atom 32091) with CL
Replacing solvent molecule 43851 (atom 131583) with CL
Replacing solvent molecule 7514 (atom 22572) with CL
Replacing solvent molecule 59461 (atom 178413) with CL
Replacing solvent molecule 17533 (atom 52629) with CL
Replacing solvent molecule 47219 (atom 141687) with CL
Replacing solvent molecule 14238 (atom 42744) with CL
Replacing solvent molecule 23170 (atom 69540) with CL
Replacing solvent molecule 48526 (atom 145608) with CL
Replacing solvent molecule 60985 (atom 182985) with CL
Replacing solvent molecule 45577 (atom 136761) with CL
Replacing solvent molecule 43084 (atom 129282) with CL
Replacing solvent molecule 65044 (atom 195162) with CL
Replacing solvent molecule 24972 (atom 74946) with CL
Replacing solvent molecule 9654 (atom 28992) with CL
Replacing solvent molecule 28996 (atom 87018) with CL
Replacing solvent molecule 67130 (atom 201420) with CL
Replacing solvent molecule 40955 (atom 122895) with CL
Replacing solvent molecule 3905 (atom 11745) with CL
Replacing solvent molecule 52870 (atom 158640) with CL
Replacing solvent molecule 43029 (atom 129117) with CL
Replacing solvent molecule 23352 (atom 70086) with CL
Replacing solvent molecule 6093 (atom 18309) with CL
Replacing solvent molecule 18738 (atom 56244) with CL
Replacing solvent molecule 27484 (atom 82482) with CL
Replacing solvent molecule 55346 (atom 166068) with CL
Replacing solvent molecule 11310 (atom 33960) with CL
Replacing solvent molecule 23220 (atom 69690) with CL
Replacing solvent molecule 44089 (atom 132297) with CL
Replacing solvent molecule 55507 (atom 166551) with CL
Replacing solvent molecule 23095 (atom 69315) with CL
Replacing solvent molecule 14702 (atom 44136) with CL
Replacing solvent molecule 39868 (atom 119634) with CL
Replacing solvent molecule 66523 (atom 199599) with CL
Replacing solvent molecule 50507 (atom 151551) with CL
Replacing solvent molecule 4816 (atom 14478) with CL
Replacing solvent molecule 67441 (atom 202353) with CL
Replacing solvent molecule 59736 (atom 179238) with CL
Replacing solvent molecule 46238 (atom 138744) with CL
Replacing solvent molecule 49438 (atom 148344) with CL
Replacing solvent molecule 7017 (atom 21081) with CL
Replacing solvent molecule 38542 (atom 115656) with CL
Replacing solvent molecule 46852 (atom 140586) with CL
Replacing solvent molecule 7512 (atom 22566) with CL
Replacing solvent molecule 39565 (atom 118725) with CL
Replacing solvent molecule 58522 (atom 175596) with CL
Replacing solvent molecule 47537 (atom 142641) with CL


GROMACS reminds you: "It's Time to Move On" (F. Black)

