                      :-) GROMACS - gmx grompp, 2026.1 (-:

Executable:   /usr/local/gromacs/bin/gmx
Data prefix:  /usr/local/gromacs
Working dir:  /Users/af25016/projects/ligand_rbfe/data/inputs/ligands/ligand_1
Command line:
  gmx grompp -f ions.mdp -po ions.out.mdp -c solvated.gro -p solvated.top -o ions.tpr


NOTE 1 [file ions.mdp]:
  With Verlet lists and no buffer tolerance, the optimal nstlist is >= 10,
  with GPUs >= 20. Note that with the Verlet scheme, nstlist has no effect
  on the accuracy of your simulation.


NOTE 2 [file ions.mdp]:
  verlet-buffer-pressure-tolerance is ignored when verlet-buffer-tolerance
  < 0


NOTE 3 [file ions.mdp]:
  For a correct single-point energy evaluation with nsteps = 0, use
  continuation = yes to avoid constraining the input coordinates.

Generating 1-4 interactions: fudge = 0.5

NOTE 4 [file solvated.top, line 347]:
  System has non-zero total charge: -0.999991
  Total charge should normally be an integer. See
  https://manual.gromacs.org/current/user-guide/floating-point.html
  for discussion on how close it should be to an integer.




NOTE 5 [file solvated.top, line 347]:
  The bond in molecule-type ligand_1 between atoms 17 O and 30 H has an
  estimated oscillational period of 9.1e-03 ps, which is less than 10 times
  the time step of 1.0e-03 ps.
  Maybe you forgot to change the constraints mdp option.

Number of degrees of freedom in T-Coupling group rest is 405639.00
The integrator does not provide a ensemble temperature, there is no system ensemble temperature

NOTE 6 [file ions.mdp]:
  You are using a plain Coulomb cut-off, which might produce artifacts.
  You might want to consider using PME electrostatics.



There were 6 NOTEs

GROMACS reminds you: "It's Time to Move On" (F. Black)

