-I: Adding /Users/af25016/miniforge3/envs/obss/dat/leap/prep to search path.
-I: Adding /Users/af25016/miniforge3/envs/obss/dat/leap/lib to search path.
-I: Adding /Users/af25016/miniforge3/envs/obss/dat/leap/parm to search path.
-I: Adding /Users/af25016/miniforge3/envs/obss/dat/leap/cmd to search path.
-f: Source leap.txt.

Welcome to LEaP!
(no leaprc in search path)
Sourcing: ./leap.txt
----- Source: /Users/af25016/miniforge3/envs/obss/dat/leap/cmd/leaprc.gaff2
----- Source of /Users/af25016/miniforge3/envs/obss/dat/leap/cmd/leaprc.gaff2 done
Log file: ./leap.log
Loading parameters: /Users/af25016/miniforge3/envs/obss/dat/leap/parm/gaff2.dat
Reading title:
AMBER General Force Field for organic molecules (Version 2.2.20, March 2021)
Loading Mol2 file: ./antechamber.mol2
Reading MOLECULE named MOL
Loading parameters: ./antechamber.frcmod
Reading force field modification type file (frcmod)
Reading title:
Remark line goes here
Checking Unit.

/Users/af25016/miniforge3/envs/obss/bin/teLeap: Warning!
The unperturbed charge of the unit (-0.999001) is not zero.

/Users/af25016/miniforge3/envs/obss/bin/teLeap: Note.
Ignoring the warning from Unit Checking.

Building topology.
Building atom parameters.
Building bond parameters.
Building angle parameters.
Building proper torsion parameters.
Building improper torsion parameters.
 total 9 improper torsions applied
Building H-Bond parameters.
Incorporating Non-Bonded adjustments.
Not Marking per-residue atom chain types.
Marking per-residue atom chain types.
  (Residues lacking connect0/connect1 - 
   these don't have chain types marked:

	res	total affected

	MOL	1
  )
 (no restraints)
	Quit

Exiting LEaP: Errors = 0; Warnings = 1; Notes = 1.
