            --------------------------------------------------------
                             AMBER SQM VERSION 19
 
                                     By
              Ross C. Walker, Michael F. Crowley, Scott Brozell,
                         Tim Giese, Andreas W. Goetz,
                        Tai-Sung Lee and David A. Case
 
            --------------------------------------------------------
 

--------------------------------------------------------------------------------
  QM CALCULATION INFO
--------------------------------------------------------------------------------

| QMMM: Citation for AMBER QMMM Run:
| QMMM: R.C. Walker, M.F. Crowley and D.A. Case, J. COMP. CHEM. 29:1019, 2008

QMMM: SINGLET STATE CALCULATION
QMMM: RHF CALCULATION, NO. OF DOUBLY OCCUPIED LEVELS = 48

| QMMM: *** Selected Hamiltonian *** 
| QMMM: AM1         

| QMMM: *** Parameter sets in use ***
| QMMM: C : M.J.S.DEWAR et al. JACS, 107, 3902, (1985)
| QMMM: O : M.J.S.DEWAR et al. JACS, 107, 3902, (1985)
| QMMM: P : M.J.S.DEWAR et al. THEOCHEM, 187,1, (1989)
| QMMM: H : M.J.S.DEWAR et al. JACS, 107, 3902, (1985)

| QMMM: *** SCF convergence criteria ***
| QMMM: Energy change                :  0.1D-09 kcal/mol
| QMMM: Error matrix |FP-PF|         :  0.1D+00 au
| QMMM: Density matrix change        :  0.5D-06
| QMMM: Maximum number of SCF cycles :     1000

| QMMM: *** Diagonalization Routine Information ***
| QMMM: Pseudo diagonalizations are allowed.
| QMMM: Auto diagonalization routine selection is in use.
| QMMM:
| QMMM: Timing diagonalization routines:
| QMMM:                              norbs =       84
| QMMM:    diag iterations used for timing =       15
| QMMM:
| QMMM:              Internal diag routine = 0.009657 seconds
| QMMM:                 Dspev diag routine = 0.006135 seconds
| QMMM:                Dspevd diag routine = 0.004218 seconds
| QMMM:                Dspevx diag routine = 0.032192 seconds
| QMMM:                 Dsyev diag routine = 0.007149 seconds
| QMMM:                Dsyevd diag routine = 0.004496 seconds
| QMMM:                Dsyevr diag routine = 0.006493 seconds
| QMMM:
| QMMM:                Pseudo diag routine = 0.002676 seconds
| QMMM:
| QMMM: Using dspevd routine (diag_routine=3).

  QMMM: QM Region Cartesian Coordinates (*=link atom) 
  QMMM: QM_NO.   MM_NO.  ATOM         X         Y         Z
  QMMM:     1        1      C       22.1750   12.8680    5.6220
  QMMM:     2        2      C       21.6590   14.1120    6.3420
  QMMM:     3        3      C       20.7990   14.9550    5.6720
  QMMM:     4        4      C       20.3000   16.1040    6.3160
  QMMM:     5        5      C       18.8320   17.9020    6.1690
  QMMM:     6        6      C       19.1060   18.1960    7.4760
  QMMM:     7        7      C       20.0540   17.5200    8.2050
  QMMM:     8        8      C       20.2320   17.8400    9.7020
  QMMM:     9        9      C       20.6100   16.3500    7.5860
  QMMM:    10       10      C       21.4760   15.4720    8.2770
  QMMM:    11       11      C       21.9980   14.3710    7.6340
  QMMM:    12       12      C       22.9550   13.4410    8.3760
  QMMM:    13       13      O       19.4320   16.8780    5.5870
  QMMM:    14       14      O       18.0860   18.5100    5.5470
  QMMM:    15       15      O       19.1800   17.1950   12.0480
  QMMM:    16       16      O       19.3270   15.3740   10.4920
  QMMM:    17       17      O       17.5830   17.2030   10.2270
  QMMM:    18       18      P       18.9950   16.8720   10.7400
  QMMM:    19       19      H       21.6570   12.7280    4.7780
  QMMM:    20       20      H       22.5710   12.5180    8.4090
  QMMM:    21       21      H       23.1420   12.9860    5.3950
  QMMM:    22       22      H       22.0640   12.0750    6.2220
  QMMM:    23       23      H       21.1610   17.5980    9.9830
  QMMM:    24       24      H       20.0920   18.8190    9.8500
  QMMM:    25       25      H       23.8340   13.4100    7.9000
  QMMM:    26       26      H       23.0880   13.7850    9.3060
  QMMM:    27       27      H       20.5300   14.7510    4.7310
  QMMM:    28       28      H       18.5960   18.9330    7.9190
  QMMM:    29       29      H       21.7100   15.6500    9.2330
  QMMM:    30       30      H       17.3350   18.1540   10.4430

--------------------------------------------------------------------------------
  RESULTS
--------------------------------------------------------------------------------

      iter         sqm energy              rms gradient
      ----    -------------------    -----------------------
xmin    10     -287.4905 kcal/mol        0.9752 kcal/(mol*A)
xmin    20     -289.0085 kcal/mol        0.6784 kcal/(mol*A)
xmin    30     -289.3231 kcal/mol        0.8466 kcal/(mol*A)
xmin    40     -289.3846 kcal/mol        0.0686 kcal/(mol*A)
xmin    50     -289.3900 kcal/mol        0.0318 kcal/(mol*A)
xmin    60     -289.3947 kcal/mol        0.0995 kcal/(mol*A)
xmin    70     -289.3956 kcal/mol        0.0304 kcal/(mol*A)
xmin    80     -289.3962 kcal/mol        0.0079 kcal/(mol*A)
xmin    90     -289.3962 kcal/mol        0.0036 kcal/(mol*A)
xmin   100     -289.3962 kcal/mol        0.0027 kcal/(mol*A)
  ... geometry converged !
 
 Final MO eigenvalues (eV):
 -39.0320  -36.8852  -34.7180  -33.9691  -32.0964  -30.2310  -30.1542  -29.2301
 -29.0056  -26.4562  -25.8412  -24.3940  -20.8595  -20.6627  -19.8394  -16.5801
 -15.8626  -15.2225  -14.9176  -14.1389  -13.4852  -13.1486  -12.8465  -12.7827
 -12.3205  -12.0701  -11.6905  -11.3628  -11.1900  -11.1631  -10.9822  -10.9419
 -10.7924  -10.4346  -10.0535   -9.6118   -9.5159   -9.3981   -8.9694   -8.4309
  -8.3598   -8.0126   -6.8686   -6.7397   -6.4411   -6.4230   -6.3460   -6.1807
   2.0997    2.8282    3.3736    4.5924    4.6428    5.4159    5.8855    6.0311
   6.1309    6.2076    6.3538    6.3942    6.4642    6.6337    6.7166    6.7621
   6.8383    6.8790    6.9660    7.0614    7.2507    7.3640    7.5248    7.5974
   7.6243    7.7770    8.0053    8.1186    8.2384    8.4112    8.8081    8.9854
   9.5235   10.2672   11.0570   12.4449

 Heat of formation   =       -289.39622524 kcal/mol  (      -12.54916202 eV)

 Total SCF energy    =     -79243.51058407 kcal/mol  (    -3436.25647561 eV)
 Electronic energy   =    -468887.34102580 kcal/mol  (   -20332.48085624 eV)
 Core-core repulsion =     389643.83044173 kcal/mol  (    16896.22438063 eV)
 
    Atomic Charges for Step       1 :
  Atom    Element       Mulliken Charge
     1      C                 -0.174
     2      C                 -0.040
     3      C                 -0.173
     4      C                  0.098
     5      C                  0.351
     6      C                 -0.301
     7      C                  0.145
     8      C                 -0.798
     9      C                 -0.133
    10      C                 -0.060
    11      C                 -0.112
    12      C                 -0.170
    13      O                 -0.207
    14      O                 -0.348
    15      O                 -1.186
    16      O                 -1.166
    17      O                 -0.824
    18      P                  2.618
    19      H                  0.072
    20      H                  0.070
    21      H                  0.078
    22      H                  0.082
    23      H                  0.129
    24      H                  0.129
    25      H                  0.064
    26      H                  0.106
    27      H                  0.140
    28      H                  0.161
    29      H                  0.219
    30      H                  0.231
 Total Mulliken Charge =      -1.000
 
                  X        Y        Z     TOTAL  
  QM DIPOLE   -91.293  -82.422  -47.670  131.910
 
 Final Structure

  QMMM: QM Region Cartesian Coordinates (*=link atom) 
  QMMM: QM_NO.   MM_NO.  ATOM         X         Y         Z
  QMMM:     1        1      C       22.2502   12.9629    5.5843
  QMMM:     2        2      C       21.6262   14.1145    6.2772
  QMMM:     3        3      C       20.8255   15.0019    5.5638
  QMMM:     4        4      C       20.2362   16.0896    6.2305
  QMMM:     5        5      C       18.7755   17.9621    6.0784
  QMMM:     6        6      C       19.0491   18.2656    7.4632
  QMMM:     7        7      C       19.8764   17.4975    8.2269
  QMMM:     8        8      C       20.2426   17.8970    9.5849
  QMMM:     9        9      C       20.4674   16.3209    7.6002
  QMMM:    10       10      C       21.2442   15.3891    8.3082
  QMMM:    11       11      C       21.8247   14.3007    7.6615
  QMMM:    12       12      C       22.6385   13.3352    8.4367
  QMMM:    13       13      O       19.4253   16.8940    5.4562
  QMMM:    14       14      O       18.0440   18.5457    5.2715
  QMMM:    15       15      O       19.0649   18.0669   11.9004
  QMMM:    16       16      O       20.3723   15.8969   11.2142
  QMMM:    17       17      O       18.0717   16.5337   10.3180
  QMMM:    18       18      P       19.5041   17.0582   10.9100
  QMMM:    19       19      H       22.0814   13.0092    4.4809
  QMMM:    20       20      H       22.2662   12.2926    8.2736
  QMMM:    21       21      H       23.3525   12.9468    5.7762
  QMMM:    22       22      H       21.8180   12.0047    5.9694
  QMMM:    23       23      H       21.3490   17.7695    9.7166
  QMMM:    24       24      H       20.0177   18.9856    9.7338
  QMMM:    25       25      H       23.7075   13.3771    8.1082
  QMMM:    26       26      H       22.5913   13.5604    9.5314
  QMMM:    27       27      H       20.6347   14.8635    4.4908
  QMMM:    28       28      H       18.5501   19.1602    7.8620
  QMMM:    29       29      H       21.3366   15.5085    9.4146
  QMMM:    30       30      H       17.3354   16.9596   10.7434

           --------- Calculation Completed ----------

